
> test
> vitest run src/core/indexeddb/__tests__/tenant-switching.property.test.ts


[1m[46m RUN [49m[22m [36mv4.0.18 [39m[90mE:/FREECLOUD/FREECLOUD-IA/PROYECTOS/park[39m

[90mstdout[2m | src/core/indexeddb/__tests__/tenant-switching.property.test.ts[2m > [22m[2mProperty 21: Tenant Switch Clears Previous Data[2m > [22m[2mshould clear all previous tenant data when switching
[22m[39m{"timestamp":"2026-02-04T03:18:51.533Z","level":"info","event":"TENANT_LOCALSTORAGE_CLEARED","message":"Cleared 0 localStorage entries for tenant: ffffffe6-5112-fffc-6f39-d750cd47eea2","context":{"tenant_id":"ffffffe6-5112-fffc-6f39-d750cd47eea2","keys_removed":0}}
{"timestamp":"2026-02-04T03:18:51.541Z","level":"info","event":"TENANT_LOCALSTORAGE_CLEARED","message":"Cleared 0 localStorage entries for tenant: 00000000-5112-fffc-6f39-d750cd47eea2","context":{"tenant_id":"00000000-5112-fffc-6f39-d750cd47eea2","keys_removed":0}}
{"timestamp":"2026-02-04T03:18:51.542Z","level":"info","event":"TENANT_LOCALSTORAGE_CLEARED","message":"Cleared 0 localStorage entries for tenant: 00000000-0000-fffc-6f39-d750cd47eea2","context":{"tenant_id":"00000000-0000-fffc-6f39-d750cd47eea2","keys_removed":0}}
{"timestamp":"2026-02-04T03:18:51.542Z","level":"info","event":"TENANT_LOCALSTORAGE_CLEARED","message":"Cleared 0 localStorage entries for tenant: 00000000-0000-0000-6f39-d750cd47eea2","context":{"tenant_id":"00000000-0000-0000-6f39-d750cd47eea2","keys_removed":0}}
{"timestamp":"2026-02-04T03:18:51.543Z","level":"info","event":"TENANT_LOCALSTORAGE_CLEARED","message":"Cleared 0 localStorage entries for tenant: 00000000-0000-0000-0000-d750cd47eea2","context":{"tenant_id":"00000000-0000-0000-0000-d750cd47eea2","keys_removed":0}}
{"timestamp":"2026-02-04T03:18:51.544Z","level":"info","event":"TENANT_LOCALSTORAGE_CLEARED","message":"Cleared 0 localStorage entries for tenant: 00000000-0000-0000-0000-000000000000","context":{"tenant_id":"00000000-0000-0000-0000-000000000000","keys_removed":0}}
{"timestamp":"2026-02-04T03:18:51.545Z","level":"info","event":"TENANT_LOCALSTORAGE_CLEARED","message":"Cleared 0 localStorage entries for tenant: 00000000-0000-0000-0000-000000000000","context":{"tenant_id":"00000000-0000-0000-0000-000000000000","keys_removed":0}}
{"timestamp":"2026-02-04T03:18:51.545Z","level":"info","event":"TENANT_LOCALSTORAGE_CLEARED","message":"Cleared 0 localStorage entries for tenant: 00000000-0000-0000-0000-000000000000","context":{"tenant_id":"00000000-0000-0000-0000-000000000000","keys_removed":0}}
{"timestamp":"2026-02-04T03:18:51.546Z","level":"info","event":"TENANT_LOCALSTORAGE_CLEARED","message":"Cleared 0 localStorage entries for tenant: 00000000-0000-0000-0000-000000000000","context":{"tenant_id":"00000000-0000-0000-0000-000000000000","keys_removed":0}}
{"timestamp":"2026-02-04T03:18:51.547Z","level":"info","event":"TENANT_LOCALSTORAGE_CLEARED","message":"Cleared 0 localStorage entries for tenant: 00000000-0000-0000-0000-000000000000","context":{"tenant_id":"00000000-0000-0000-0000-000000000000","keys_removed":0}}
{"timestamp":"2026-02-04T03:18:51.549Z","level":"info","event":"TENANT_LOCALSTORAGE_CLEARED","message":"Cleared 0 localStorage entries for tenant: 00000000-0000-0000-0000-000000000000","context":{"tenant_id":"00000000-0000-0000-0000-000000000000","keys_removed":0}}
{"timestamp":"2026-02-04T03:18:51.550Z","level":"info","event":"TENANT_LOCALSTORAGE_CLEARED","message":"Cleared 0 localStorage entries for tenant: 00000000-0000-0000-0000-000000000000","context":{"tenant_id":"00000000-0000-0000-0000-000000000000","keys_removed":0}}
{"timestamp":"2026-02-04T03:18:51.550Z","level":"info","event":"TENANT_LOCALSTORAGE_CLEARED","message":"Cleared 0 localStorage entries for tenant: 00000000-0000-0000-0000-000000000000","context":{"tenant_id":"00000000-0000-0000-0000-000000000000","keys_removed":0}}
{"timestamp":"2026-02-04T03:18:51.551Z","level":"info","event":"TENANT_LOCALSTORAGE_CLEARED","message":"Cleared 0 localStorage entries for tenant: 00000000-0000-0000-0000-000000000000","context":{"tenant_id":"00000000-0000-0000-0000-000000000000","keys_removed":0}}
{"timestamp":"2026-02-04T03:18:51.552Z","level":"info","event":"TENANT_LOCALSTORAGE_CLEARED","message":"Cleared 0 localStorage entries for tenant: 00000000-0000-0000-0000-000000000000","context":{"tenant_id":"00000000-0000-0000-0000-000000000000","keys_removed":0}}
{"timestamp":"2026-02-04T03:18:51.552Z","level":"info","event":"TENANT_LOCALSTORAGE_CLEARED","message":"Cleared 0 localStorage entries for tenant: 00000000-0000-0000-0000-000000000000","context":{"tenant_id":"00000000-0000-0000-0000-000000000000","keys_removed":0}}
{"timestamp":"2026-02-04T03:18:51.553Z","level":"info","event":"TENANT_LOCALSTORAGE_CLEARED","message":"Cleared 0 localStorage entries for tenant: 00000000-0000-0000-0000-000000000000","context":{"tenant_id":"00000000-0000-0000-0000-000000000000","keys_removed":0}}
{"timestamp":"2026-02-04T03:18:51.553Z","level":"info","event":"TENANT_LOCALSTORAGE_CLEARED","message":"Cleared 0 localStorage entries for tenant: 00000000-0000-0000-0000-000000000000","context":{"tenant_id":"00000000-0000-0000-0000-000000000000","keys_removed":0}}
{"timestamp":"2026-02-04T03:18:51.554Z","level":"info","event":"TENANT_LOCALSTORAGE_CLEARED","message":"Cleared 0 localStorage entries for tenant: 00000000-0000-0000-0000-000000000000","context":{"tenant_id":"00000000-0000-0000-0000-000000000000","keys_removed":0}}
{"timestamp":"2026-02-04T03:18:51.554Z","level":"info","event":"TENANT_LOCALSTORAGE_CLEARED","message":"Cleared 0 localStorage entries for tenant: 00000000-0000-0000-0000-000000000000","context":{"tenant_id":"00000000-0000-0000-0000-000000000000","keys_removed":0}}
{"timestamp":"2026-02-04T03:18:51.555Z","level":"info","event":"TENANT_LOCALSTORAGE_CLEARED","message":"Cleared 0 localStorage entries for tenant: 00000000-0000-0000-0000-000000000000","context":{"tenant_id":"00000000-0000-0000-0000-000000000000","keys_removed":0}}
{"timestamp":"2026-02-04T03:18:51.555Z","level":"info","event":"TENANT_LOCALSTORAGE_CLEARED","message":"Cleared 0 localStorage entries for tenant: 00000000-0000-0000-0000-000000000000","context":{"tenant_id":"00000000-0000-0000-0000-000000000000","keys_removed":0}}
{"timestamp":"2026-02-04T03:18:51.555Z","level":"info","event":"TENANT_LOCALSTORAGE_CLEARED","message":"Cleared 0 localStorage entries for tenant: 00000000-0000-0000-0000-000000000000","context":{"tenant_id":"00000000-0000-0000-0000-000000000000","keys_removed":0}}
{"timestamp":"2026-02-04T03:18:51.556Z","level":"info","event":"TENANT_LOCALSTORAGE_CLEARED","message":"Cleared 0 localStorage entries for tenant: 00000000-0000-0000-0000-000000000000","context":{"tenant_id":"00000000-0000-0000-0000-000000000000","keys_removed":0}}
{"timestamp":"2026-02-04T03:18:51.556Z","level":"info","event":"TENANT_LOCALSTORAGE_CLEARED","message":"Cleared 0 localStorage entries for tenant: 00000000-0000-0000-0000-000000000000","context":{"tenant_id":"00000000-0000-0000-0000-000000000000","keys_removed":0}}
{"timestamp":"2026-02-04T03:18:51.558Z","level":"info","event":"TENANT_LOCALSTORAGE_CLEARED","message":"Cleared 0 localStorage entries for tenant: 00000000-0000-0000-0000-000000000000","context":{"tenant_id":"00000000-0000-0000-0000-000000000000","keys_removed":0}}
{"timestamp":"2026-02-04T03:18:51.559Z","level":"info","event":"TENANT_LOCALSTORAGE_CLEARED","message":"Cleared 0 localStorage entries for tenant: 00000000-0000-0000-0000-000000000000","context":{"tenant_id":"00000000-0000-0000-0000-000000000000","keys_removed":0}}
{"timestamp":"2026-02-04T03:18:51.560Z","level":"info","event":"TENANT_LOCALSTORAGE_CLEARED","message":"Cleared 0 localStorage entries for tenant: 00000000-0000-0000-0000-000000000000","context":{"tenant_id":"00000000-0000-0000-0000-000000000000","keys_removed":0}}
{"timestamp":"2026-02-04T03:18:51.560Z","level":"info","event":"TENANT_LOCALSTORAGE_CLEARED","message":"Cleared 0 localStorage entries for tenant: 00000000-0000-0000-0000-000000000000","context":{"tenant_id":"00000000-0000-0000-0000-000000000000","keys_removed":0}}
{"timestamp":"2026-02-04T03:18:51.561Z","level":"info","event":"TENANT_LOCALSTORAGE_CLEARED","message":"Cleared 0 localStorage entries for tenant: 00000000-0000-0000-0000-000000000000","context":{"tenant_id":"00000000-0000-0000-0000-000000000000","keys_removed":0}}
{"timestamp":"2026-02-04T03:18:51.561Z","level":"info","event":"TENANT_LOCALSTORAGE_CLEARED","message":"Cleared 0 localStorage entries for tenant: 00000000-0000-0000-0000-000000000000","context":{"tenant_id":"00000000-0000-0000-0000-000000000000","keys_removed":0}}
{"timestamp":"2026-02-04T03:18:51.562Z","level":"info","event":"TENANT_LOCALSTORAGE_CLEARED","message":"Cleared 0 localStorage entries for tenant: 00000000-0000-0000-0000-000000000000","context":{"tenant_id":"00000000-0000-0000-0000-000000000000","keys_removed":0}}
{"timestamp":"2026-02-04T03:18:51.562Z","level":"info","event":"TENANT_LOCALSTORAGE_CLEARED","message":"Cleared 0 localStorage entries for tenant: 00000000-0000-0000-0000-000000000000","context":{"tenant_id":"00000000-0000-0000-0000-000000000000","keys_removed":0}}
{"timestamp":"2026-02-04T03:18:51.562Z","level":"info","event":"TENANT_LOCALSTORAGE_CLEARED","message":"Cleared 0 localStorage entries for tenant: 00000000-0000-0000-0000-000000000000","context":{"tenant_id":"00000000-0000-0000-0000-000000000000","keys_removed":0}}
{"timestamp":"2026-02-04T03:18:51.563Z","level":"info","event":"TENANT_LOCALSTORAGE_CLEARED","message":"Cleared 0 localStorage entries for tenant: 00000000-0000-0000-0000-000000000000","context":{"tenant_id":"00000000-0000-0000-0000-000000000000","keys_removed":0}}
{"timestamp":"2026-02-04T03:18:51.563Z","level":"info","event":"TENANT_LOCALSTORAGE_CLEARED","message":"Cleared 0 localStorage entries for tenant: 00000000-0000-0000-0000-000000000000","context":{"tenant_id":"00000000-0000-0000-0000-000000000000","keys_removed":0}}
{"timestamp":"2026-02-04T03:18:51.564Z","level":"info","event":"TENANT_LOCALSTORAGE_CLEARED","message":"Cleared 0 localStorage entries for tenant: 00000000-0000-0000-0000-000000000000","context":{"tenant_id":"00000000-0000-0000-0000-000000000000","keys_removed":0}}
{"timestamp":"2026-02-04T03:18:51.564Z","level":"info","event":"TENANT_LOCALSTORAGE_CLEARED","message":"Cleared 0 localStorage entries for tenant: 00000000-0000-0000-0000-000000000000","context":{"tenant_id":"00000000-0000-0000-0000-000000000000","keys_removed":0}}
{"timestamp":"2026-02-04T03:18:51.565Z","level":"info","event":"TENANT_LOCALSTORAGE_CLEARED","message":"Cleared 0 localStorage entries for tenant: 00000000-0000-0000-0000-000000000000","context":{"tenant_id":"00000000-0000-0000-0000-000000000000","keys_removed":0}}
{"timestamp":"2026-02-04T03:18:51.566Z","level":"info","event":"TENANT_LOCALSTORAGE_CLEARED","message":"Cleared 0 localStorage entries for tenant: 00000000-0000-0000-0000-000000000000","context":{"tenant_id":"00000000-0000-0000-0000-000000000000","keys_removed":0}}
{"timestamp":"2026-02-04T03:18:51.567Z","level":"info","event":"TENANT_LOCALSTORAGE_CLEARED","message":"Cleared 0 localStorage entries for tenant: 00000000-0000-0000-0000-000000000000","context":{"tenant_id":"00000000-0000-0000-0000-000000000000","keys_removed":0}}
{"timestamp":"2026-02-04T03:18:51.567Z","level":"info","event":"TENANT_LOCALSTORAGE_CLEARED","message":"Cleared 0 localStorage entries for tenant: 00000000-0000-0000-0000-000000000000","context":{"tenant_id":"00000000-0000-0000-0000-000000000000","keys_removed":0}}
{"timestamp":"2026-02-04T03:18:51.567Z","level":"info","event":"TENANT_LOCALSTORAGE_CLEARED","message":"Cleared 0 localStorage entries for tenant: 00000000-0000-0000-0000-000000000000","context":{"tenant_id":"00000000-0000-0000-0000-000000000000","keys_removed":0}}
{"timestamp":"2026-02-04T03:18:51.568Z","level":"info","event":"TENANT_LOCALSTORAGE_CLEARED","message":"Cleared 0 localStorage entries for tenant: 00000000-0000-0000-0000-000000000000","context":{"tenant_id":"00000000-0000-0000-0000-000000000000","keys_removed":0}}
{"timestamp":"2026-02-04T03:18:51.568Z","level":"info","event":"TENANT_LOCALSTORAGE_CLEARED","message":"Cleared 0 localStorage entries for tenant: 00000000-0000-0000-0000-000000000000","context":{"tenant_id":"00000000-0000-0000-0000-000000000000","keys_removed":0}}
{"timestamp":"2026-02-04T03:18:51.569Z","level":"info","event":"TENANT_LOCALSTORAGE_CLEARED","message":"Cleared 0 localStorage entries for tenant: 00000000-0000-0000-0000-000000000000","context":{"tenant_id":"00000000-0000-0000-0000-000000000000","keys_removed":0}}
{"timestamp":"2026-02-04T03:18:51.569Z","level":"info","event":"TENANT_LOCALSTORAGE_CLEARED","message":"Cleared 0 localStorage entries for tenant: 00000000-0000-0000-0000-000000000000","context":{"tenant_id":"00000000-0000-0000-0000-000000000000","keys_removed":0}}
{"timestamp":"2026-02-04T03:18:51.569Z","level":"info","event":"TENANT_LOCALSTORAGE_CLEARED","message":"Cleared 0 localStorage entries for tenant: 00000000-0000-0000-0000-000000000000","context":{"tenant_id":"00000000-0000-0000-0000-000000000000","keys_removed":0}}
{"timestamp":"2026-02-04T03:18:51.570Z","level":"info","event":"TENANT_LOCALSTORAGE_CLEARED","message":"Cleared 0 localStorage entries for tenant: 00000000-0000-0000-0000-000000000000","context":{"tenant_id":"00000000-0000-0000-0000-000000000000","keys_removed":0}}
{"timestamp":"2026-02-04T03:18:51.570Z","level":"info","event":"TENANT_LOCALSTORAGE_CLEARED","message":"Cleared 0 localStorage entries for tenant: 00000000-0000-0000-0000-000000000000","context":{"tenant_id":"00000000-0000-0000-0000-000000000000","keys_removed":0}}
{"timestamp":"2026-02-04T03:18:51.570Z","level":"info","event":"TENANT_LOCALSTORAGE_CLEARED","message":"Cleared 0 localStorage entries for tenant: 00000000-0000-0000-0000-000000000000","context":{"tenant_id":"00000000-0000-0000-0000-000000000000","keys_removed":0}}
{"timestamp":"2026-02-04T03:18:51.571Z","level":"info","event":"TENANT_LOCALSTORAGE_CLEARED","message":"Cleared 0 localStorage entries for tenant: 00000000-0000-0000-0000-000000000000","context":{"tenant_id":"00000000-0000-0000-0000-000000000000","keys_removed":0}}
{"timestamp":"2026-02-04T03:18:51.571Z","level":"info","event":"TENANT_LOCALSTORAGE_CLEARED","message":"Cleared 0 localStorage entries for tenant: 00000000-0000-0000-0000-000000000000","context":{"tenant_id":"00000000-0000-0000-0000-000000000000","keys_removed":0}}
{"timestamp":"2026-02-04T03:18:51.572Z","level":"info","event":"TENANT_LOCALSTORAGE_CLEARED","message":"Cleared 0 localStorage entries for tenant: 00000000-0000-0000-0000-000000000000","context":{"tenant_id":"00000000-0000-0000-0000-000000000000","keys_removed":0}}
{"timestamp":"2026-02-04T03:18:51.573Z","level":"info","event":"TENANT_LOCALSTORAGE_CLEARED","message":"Cleared 0 localStorage entries for tenant: 00000000-0000-0000-0000-000000000000","context":{"tenant_id":"00000000-0000-0000-0000-000000000000","keys_removed":0}}
{"timestamp":"2026-02-04T03:18:51.573Z","level":"info","event":"TENANT_LOCALSTORAGE_CLEARED","message":"Cleared 0 localStorage entries for tenant: 00000000-0000-0000-0000-000000000000","context":{"tenant_id":"00000000-0000-0000-0000-000000000000","keys_removed":0}}
{"timestamp":"2026-02-04T03:18:51.574Z","level":"info","event":"TENANT_LOCALSTORAGE_CLEARED","message":"Cleared 0 localStorage entries for tenant: 00000000-0000-0000-0000-000000000000","context":{"tenant_id":"00000000-0000-0000-0000-000000000000","keys_removed":0}}
{"timestamp":"2026-02-04T03:18:51.574Z","level":"info","event":"TENANT_LOCALSTORAGE_CLEARED","message":"Cleared 0 localStorage entries for tenant: 00000000-0000-0000-0000-000000000000","context":{"tenant_id":"00000000-0000-0000-0000-000000000000","keys_removed":0}}
{"timestamp":"2026-02-04T03:18:51.575Z","level":"info","event":"TENANT_LOCALSTORAGE_CLEARED","message":"Cleared 0 localStorage entries for tenant: 00000000-0000-0000-0000-000000000000","context":{"tenant_id":"00000000-0000-0000-0000-000000000000","keys_removed":0}}
{"timestamp":"2026-02-04T03:18:51.575Z","level":"info","event":"TENANT_LOCALSTORAGE_CLEARED","message":"Cleared 0 localStorage entries for tenant: 00000000-0000-0000-0000-000000000000","context":{"tenant_id":"00000000-0000-0000-0000-000000000000","keys_removed":0}}

[90mstdout[2m | src/core/indexeddb/__tests__/tenant-switching.property.test.ts[2m > [22m[2mProperty 21: Tenant Switch Clears Previous Data[2m > [22m[2mshould maintain isolation between tenant data
[22m[39m{"timestamp":"2026-02-04T03:18:51.593Z","level":"info","event":"TENANT_LOCALSTORAGE_CLEARED","message":"Cleared 5 localStorage entries for tenant: e2c46dc9-1685-d0de-fff2-c03c1b884da8","context":{"tenant_id":"e2c46dc9-1685-d0de-fff2-c03c1b884da8","keys_removed":5}}
{"timestamp":"2026-02-04T03:18:51.595Z","level":"info","event":"TENANT_LOCALSTORAGE_CLEARED","message":"Cleared 2 localStorage entries for tenant: cd599382-fff7-d332-69e6-30f7aa4c3344","context":{"tenant_id":"cd599382-fff7-d332-69e6-30f7aa4c3344","keys_removed":2}}
{"timestamp":"2026-02-04T03:18:51.595Z","level":"info","event":"TENANT_LOCALSTORAGE_CLEARED","message":"Cleared 2 localStorage entries for tenant: 00000007-0d0e-ca40-adb8-000000000013","context":{"tenant_id":"00000007-0d0e-ca40-adb8-000000000013","keys_removed":2}}
{"timestamp":"2026-02-04T03:18:51.596Z","level":"info","event":"TENANT_LOCALSTORAGE_CLEARED","message":"Cleared 5 localStorage entries for tenant: 827875ff-0007-4d2e-0008-ffffffffffed","context":{"tenant_id":"827875ff-0007-4d2e-0008-ffffffffffed","keys_removed":5}}
{"timestamp":"2026-02-04T03:18:51.597Z","level":"info","event":"TENANT_LOCALSTORAGE_CLEARED","message":"Cleared 3 localStorage entries for tenant: 00000009-be29-6dc3-fffa-000000000024","context":{"tenant_id":"00000009-be29-6dc3-fffa-000000000024","keys_removed":3}}
{"timestamp":"2026-02-04T03:18:51.598Z","level":"info","event":"TENANT_LOCALSTORAGE_CLEARED","message":"Cleared 4 localStorage entries for tenant: e30f267a-0007-0000-4c95-000000000021","context":{"tenant_id":"e30f267a-0007-0000-4c95-000000000021","keys_removed":4}}
{"timestamp":"2026-02-04T03:18:51.599Z","level":"info","event":"TENANT_LOCALSTORAGE_CLEARED","message":"Cleared 1 localStorage entries for tenant: 0000000a-57e2-a68d-fff7-a8972f510800","context":{"tenant_id":"0000000a-57e2-a68d-fff7-a8972f510800","keys_removed":1}}
{"timestamp":"2026-02-04T03:18:51.601Z","level":"info","event":"TENANT_LOCALSTORAGE_CLEARED","message":"Cleared 4 localStorage entries for tenant: 2895c758-fffb-f11f-000b-4c76f54e6f5c","context":{"tenant_id":"2895c758-fffb-f11f-000b-4c76f54e6f5c","keys_removed":4}}
{"timestamp":"2026-02-04T03:18:51.602Z","level":"info","event":"TENANT_LOCALSTORAGE_CLEARED","message":"Cleared 3 localStorage entries for tenant: ebddfa6c-91bd-5641-21f9-b0bde04531a5","context":{"tenant_id":"ebddfa6c-91bd-5641-21f9-b0bde04531a5","keys_removed":3}}
{"timestamp":"2026-02-04T03:18:51.603Z","level":"info","event":"TENANT_LOCALSTORAGE_CLEARED","message":"Cleared 2 localStorage entries for tenant: 13a0a83c-23db-7cc2-542f-56fc6e176fe3","context":{"tenant_id":"13a0a83c-23db-7cc2-542f-56fc6e176fe3","keys_removed":2}}
{"timestamp":"2026-02-04T03:18:51.604Z","level":"info","event":"TENANT_LOCALSTORAGE_CLEARED","message":"Cleared 3 localStorage entries for tenant: bf3fd4ca-94a3-c3a4-d534-266044f11348","context":{"tenant_id":"bf3fd4ca-94a3-c3a4-d534-266044f11348","keys_removed":3}}
{"timestamp":"2026-02-04T03:18:51.606Z","level":"info","event":"TENANT_LOCALSTORAGE_CLEARED","message":"Cleared 1 localStorage entries for tenant: 1690a9c2-9193-38b8-d20e-73c4d93578db","context":{"tenant_id":"1690a9c2-9193-38b8-d20e-73c4d93578db","keys_removed":1}}
{"timestamp":"2026-02-04T03:18:51.609Z","level":"info","event":"TENANT_LOCALSTORAGE_CLEARED","message":"Cleared 2 localStorage entries for tenant: 00000007-0185-0003-0bd2-c6d46bfa66f8","context":{"tenant_id":"00000007-0185-0003-0bd2-c6d46bfa66f8","keys_removed":2}}
{"timestamp":"2026-02-04T03:18:51.610Z","level":"info","event":"TENANT_LOCALSTORAGE_CLEARED","message":"Cleared 5 localStorage entries for tenant: 0c38e012-5cf6-000e-3b3f-ffffffffffff","context":{"tenant_id":"0c38e012-5cf6-000e-3b3f-ffffffffffff","keys_removed":5}}
{"timestamp":"2026-02-04T03:18:51.611Z","level":"info","event":"TENANT_LOCALSTORAGE_CLEARED","message":"Cleared 4 localStorage entries for tenant: ffffffec-43bd-594e-ce10-64670f35f076","context":{"tenant_id":"ffffffec-43bd-594e-ce10-64670f35f076","keys_removed":4}}
{"timestamp":"2026-02-04T03:18:51.613Z","level":"info","event":"TENANT_LOCALSTORAGE_CLEARED","message":"Cleared 2 localStorage entries for tenant: 05733707-2983-620a-7068-000000000027","context":{"tenant_id":"05733707-2983-620a-7068-000000000027","keys_removed":2}}
{"timestamp":"2026-02-04T03:18:51.614Z","level":"info","event":"TENANT_LOCALSTORAGE_CLEARED","message":"Cleared 4 localStorage entries for tenant: 23360321-ffff-253f-fff9-8a4c5d489102","context":{"tenant_id":"23360321-ffff-253f-fff9-8a4c5d489102","keys_removed":4}}
{"timestamp":"2026-02-04T03:18:51.615Z","level":"info","event":"TENANT_LOCALSTORAGE_CLEARED","message":"Cleared 4 localStorage entries for tenant: 00000005-33e5-1ba8-0002-ffffffffffd4","context":{"tenant_id":"00000005-33e5-1ba8-0002-ffffffffffd4","keys_removed":4}}
{"timestamp":"2026-02-04T03:18:51.617Z","level":"info","event":"TENANT_LOCALSTORAGE_CLEARED","message":"Cleared 4 localStorage entries for tenant: 0bbda553-00f9-7e96-fff1-00000000000c","context":{"tenant_id":"0bbda553-00f9-7e96-fff1-00000000000c","keys_removed":4}}
{"timestamp":"2026-02-04T03:18:51.618Z","level":"info","event":"TENANT_LOCALSTORAGE_CLEARED","message":"Cleared 1 localStorage entries for tenant: ffacdf36-c29c-23e4-a982-8b0a152ba91e","context":{"tenant_id":"ffacdf36-c29c-23e4-a982-8b0a152ba91e","keys_removed":1}}
{"timestamp":"2026-02-04T03:18:51.619Z","level":"info","event":"TENANT_LOCALSTORAGE_CLEARED","message":"Cleared 3 localStorage entries for tenant: 9385d045-000d-fff3-0002-8a3360e9304a","context":{"tenant_id":"9385d045-000d-fff3-0002-8a3360e9304a","keys_removed":3}}
{"timestamp":"2026-02-04T03:18:51.620Z","level":"info","event":"TENANT_LOCALSTORAGE_CLEARED","message":"Cleared 2 localStorage entries for tenant: 5a6da376-000e-125c-b894-bdfe60a3cbca","context":{"tenant_id":"5a6da376-000e-125c-b894-bdfe60a3cbca","keys_removed":2}}
{"timestamp":"2026-02-04T03:18:51.621Z","level":"info","event":"TENANT_LOCALSTORAGE_CLEARED","message":"Cleared 4 localStorage entries for tenant: fffffffb-4f10-96ed-0807-05ac2b6631d3","context":{"tenant_id":"fffffffb-4f10-96ed-0807-05ac2b6631d3","keys_removed":4}}
{"timestamp":"2026-02-04T03:18:51.622Z","level":"info","event":"TENANT_LOCALSTORAGE_CLEARED","message":"Cleared 1 localStorage entries for tenant: 53cd028a-be4a-53ce-0004-000000000008","context":{"tenant_id":"53cd028a-be4a-53ce-0004-000000000008","keys_removed":1}}
{"timestamp":"2026-02-04T03:18:51.623Z","level":"info","event":"TENANT_LOCALSTORAGE_CLEARED","message":"Cleared 2 localStorage entries for tenant: ffffffec-3776-8b69-2387-000000000020","context":{"tenant_id":"ffffffec-3776-8b69-2387-000000000020","keys_removed":2}}
{"timestamp":"2026-02-04T03:18:51.625Z","level":"info","event":"TENANT_LOCALSTORAGE_CLEARED","message":"Cleared 3 localStorage entries for tenant: 9c9fc3d4-fff9-bfc6-5fcc-06f27b5222df","context":{"tenant_id":"9c9fc3d4-fff9-bfc6-5fcc-06f27b5222df","keys_removed":3}}
{"timestamp":"2026-02-04T03:18:51.626Z","level":"info","event":"TENANT_LOCALSTORAGE_CLEARED","message":"Cleared 1 localStorage entries for tenant: aa7a5097-cd4b-e705-9e4e-00000000002a","context":{"tenant_id":"aa7a5097-cd4b-e705-9e4e-00000000002a","keys_removed":1}}
{"timestamp":"2026-02-04T03:18:51.627Z","level":"info","event":"TENANT_LOCALSTORAGE_CLEARED","message":"Cleared 2 localStorage entries for tenant: 1e5fe3bf-0a0c-000b-0008-fffffffffffa","context":{"tenant_id":"1e5fe3bf-0a0c-000b-0008-fffffffffffa","keys_removed":2}}
{"timestamp":"2026-02-04T03:18:51.627Z","level":"info","event":"TENANT_LOCALSTORAGE_CLEARED","message":"Cleared 4 localStorage entries for tenant: d7e4b4e8-867a-3666-6c4a-2fcfe0d65f0f","context":{"tenant_id":"d7e4b4e8-867a-3666-6c4a-2fcfe0d65f0f","keys_removed":4}}
{"timestamp":"2026-02-04T03:18:51.627Z","level":"info","event":"TENANT_LOCALSTORAGE_CLEARED","message":"Cleared 5 localStorage entries for tenant: 0000001a-2dab-b3c2-8f01-0efeebc1f7d7","context":{"tenant_id":"0000001a-2dab-b3c2-8f01-0efeebc1f7d7","keys_removed":5}}

[90mstdout[2m | src/core/indexeddb/__tests__/tenant-switching.property.test.ts[2m > [22m[2mProperty 21: Tenant Switch Clears Previous Data[2m > [22m[2mshould clear sessionStorage on tenant switch
[22m[39m{"timestamp":"2026-02-04T03:18:51.641Z","level":"info","event":"TENANT_SESSIONSTORAGE_CLEARED","message":"Cleared 1 sessionStorage entries for tenant: a81b17b1-fff8-000e-6992-ffffffffffe0","context":{"tenant_id":"a81b17b1-fff8-000e-6992-ffffffffffe0","keys_removed":1}}
{"timestamp":"2026-02-04T03:18:51.642Z","level":"info","event":"TENANT_SESSIONSTORAGE_CLEARED","message":"Cleared 2 sessionStorage entries for tenant: 2bec9675-000f-fff1-1641-cffa59c0537d","context":{"tenant_id":"2bec9675-000f-fff1-1641-cffa59c0537d","keys_removed":2}}
{"timestamp":"2026-02-04T03:18:51.642Z","level":"info","event":"TENANT_SESSIONSTORAGE_CLEARED","message":"Cleared 3 sessionStorage entries for tenant: 9f3256bd-fffe-f7db-9f34-409d61cd2930","context":{"tenant_id":"9f3256bd-fffe-f7db-9f34-409d61cd2930","keys_removed":3}}
{"timestamp":"2026-02-04T03:18:51.642Z","level":"info","event":"TENANT_SESSIONSTORAGE_CLEARED","message":"Cleared 2 sessionStorage entries for tenant: 4f68d858-9647-308e-0006-ffffffffffe4","context":{"tenant_id":"4f68d858-9647-308e-0006-ffffffffffe4","keys_removed":2}}
{"timestamp":"2026-02-04T03:18:51.643Z","level":"info","event":"TENANT_SESSIONSTORAGE_CLEARED","message":"Cleared 5 sessionStorage entries for tenant: 0000000f-a007-0009-000f-00000000000e","context":{"tenant_id":"0000000f-a007-0009-000f-00000000000e","keys_removed":5}}
{"timestamp":"2026-02-04T03:18:51.643Z","level":"info","event":"TENANT_SESSIONSTORAGE_CLEARED","message":"Cleared 2 sessionStorage entries for tenant: 2fc0df62-0007-0001-e049-fc3c9509379b","context":{"tenant_id":"2fc0df62-0007-0001-e049-fc3c9509379b","keys_removed":2}}
{"timestamp":"2026-02-04T03:18:51.643Z","level":"info","event":"TENANT_SESSIONSTORAGE_CLEARED","message":"Cleared 1 sessionStorage entries for tenant: 0000001e-3836-c6fd-932d-000000000022","context":{"tenant_id":"0000001e-3836-c6fd-932d-000000000022","keys_removed":1}}
{"timestamp":"2026-02-04T03:18:51.643Z","level":"info","event":"TENANT_SESSIONSTORAGE_CLEARED","message":"Cleared 5 sessionStorage entries for tenant: 0000000c-3a5c-775f-fff7-9a8b94ac8fb8","context":{"tenant_id":"0000000c-3a5c-775f-fff7-9a8b94ac8fb8","keys_removed":5}}
{"timestamp":"2026-02-04T03:18:51.643Z","level":"info","event":"TENANT_SESSIONSTORAGE_CLEARED","message":"Cleared 3 sessionStorage entries for tenant: 60f1f4c5-4050-0001-0008-fffffffffffa","context":{"tenant_id":"60f1f4c5-4050-0001-0008-fffffffffffa","keys_removed":3}}
{"timestamp":"2026-02-04T03:18:51.643Z","level":"info","event":"TENANT_SESSIONSTORAGE_CLEARED","message":"Cleared 3 sessionStorage entries for tenant: 031af8c1-f72d-fffb-c649-515bd53b6a8c","context":{"tenant_id":"031af8c1-f72d-fffb-c649-515bd53b6a8c","keys_removed":3}}
{"timestamp":"2026-02-04T03:18:51.644Z","level":"info","event":"TENANT_SESSIONSTORAGE_CLEARED","message":"Cleared 2 sessionStorage entries for tenant: 5eed78e2-000e-7f16-fff2-000000000019","context":{"tenant_id":"5eed78e2-000e-7f16-fff2-000000000019","keys_removed":2}}
{"timestamp":"2026-02-04T03:18:51.644Z","level":"info","event":"TENANT_SESSIONSTORAGE_CLEARED","message":"Cleared 3 sessionStorage entries for tenant: 00000002-ea2a-000f-e5ec-fffffffffffa","context":{"tenant_id":"00000002-ea2a-000f-e5ec-fffffffffffa","keys_removed":3}}
{"timestamp":"2026-02-04T03:18:51.644Z","level":"info","event":"TENANT_SESSIONSTORAGE_CLEARED","message":"Cleared 4 sessionStorage entries for tenant: 00000015-8249-54b9-fffb-000000000022","context":{"tenant_id":"00000015-8249-54b9-fffb-000000000022","keys_removed":4}}
{"timestamp":"2026-02-04T03:18:51.644Z","level":"info","event":"TENANT_SESSIONSTORAGE_CLEARED","message":"Cleared 3 sessionStorage entries for tenant: 0d744d19-0008-b4e5-000e-4af4b5f098d3","context":{"tenant_id":"0d744d19-0008-b4e5-000e-4af4b5f098d3","keys_removed":3}}
{"timestamp":"2026-02-04T03:18:51.644Z","level":"info","event":"TENANT_SESSIONSTORAGE_CLEARED","message":"Cleared 3 sessionStorage entries for tenant: 75c7f4ed-d3d6-772f-1337-56f5ffd16855","context":{"tenant_id":"75c7f4ed-d3d6-772f-1337-56f5ffd16855","keys_removed":3}}
{"timestamp":"2026-02-04T03:18:51.644Z","level":"info","event":"TENANT_SESSIONSTORAGE_CLEARED","message":"Cleared 1 sessionStorage entries for tenant: 51fdcad1-000b-9027-1bc7-9bf08eae67c3","context":{"tenant_id":"51fdcad1-000b-9027-1bc7-9bf08eae67c3","keys_removed":1}}
{"timestamp":"2026-02-04T03:18:51.645Z","level":"info","event":"TENANT_SESSIONSTORAGE_CLEARED","message":"Cleared 5 sessionStorage entries for tenant: 923c7423-9654-000a-c4c4-ffffffffffe8","context":{"tenant_id":"923c7423-9654-000a-c4c4-ffffffffffe8","keys_removed":5}}
{"timestamp":"2026-02-04T03:18:51.645Z","level":"info","event":"TENANT_SESSIONSTORAGE_CLEARED","message":"Cleared 2 sessionStorage entries for tenant: 00000004-30c1-d040-0002-232cd834199f","context":{"tenant_id":"00000004-30c1-d040-0002-232cd834199f","keys_removed":2}}
{"timestamp":"2026-02-04T03:18:51.645Z","level":"info","event":"TENANT_SESSIONSTORAGE_CLEARED","message":"Cleared 5 sessionStorage entries for tenant: fffffff8-ff70-2208-efc5-f819c21c31ec","context":{"tenant_id":"fffffff8-ff70-2208-efc5-f819c21c31ec","keys_removed":5}}
{"timestamp":"2026-02-04T03:18:51.645Z","level":"info","event":"TENANT_SESSIONSTORAGE_CLEARED","message":"Cleared 3 sessionStorage entries for tenant: 9de842a6-b882-72b9-4de3-ff5e19974449","context":{"tenant_id":"9de842a6-b882-72b9-4de3-ff5e19974449","keys_removed":3}}
{"timestamp":"2026-02-04T03:18:51.645Z","level":"info","event":"TENANT_SESSIONSTORAGE_CLEARED","message":"Cleared 2 sessionStorage entries for tenant: 286c8eb4-03ad-000e-0b56-759d10cc2752","context":{"tenant_id":"286c8eb4-03ad-000e-0b56-759d10cc2752","keys_removed":2}}
{"timestamp":"2026-02-04T03:18:51.646Z","level":"info","event":"TENANT_SESSIONSTORAGE_CLEARED","message":"Cleared 4 sessionStorage entries for tenant: b5530818-0000-fff8-3b36-b8a29db5801b","context":{"tenant_id":"b5530818-0000-fff8-3b36-b8a29db5801b","keys_removed":4}}
{"timestamp":"2026-02-04T03:18:51.646Z","level":"info","event":"TENANT_SESSIONSTORAGE_CLEARED","message":"Cleared 3 sessionStorage entries for tenant: f522a437-0000-0007-0004-a446b2543d6c","context":{"tenant_id":"f522a437-0000-0007-0004-a446b2543d6c","keys_removed":3}}
{"timestamp":"2026-02-04T03:18:51.646Z","level":"info","event":"TENANT_SESSIONSTORAGE_CLEARED","message":"Cleared 3 sessionStorage entries for tenant: 00000001-8b3a-ba72-73d2-1298ccf5eec0","context":{"tenant_id":"00000001-8b3a-ba72-73d2-1298ccf5eec0","keys_removed":3}}
{"timestamp":"2026-02-04T03:18:51.646Z","level":"info","event":"TENANT_SESSIONSTORAGE_CLEARED","message":"Cleared 2 sessionStorage entries for tenant: 2b980775-ceb1-fe5f-fffe-6d4d7d45d441","context":{"tenant_id":"2b980775-ceb1-fe5f-fffe-6d4d7d45d441","keys_removed":2}}
{"timestamp":"2026-02-04T03:18:51.647Z","level":"info","event":"TENANT_SESSIONSTORAGE_CLEARED","message":"Cleared 2 sessionStorage entries for tenant: 46834740-d833-b2e5-a890-96d01162d8b4","context":{"tenant_id":"46834740-d833-b2e5-a890-96d01162d8b4","keys_removed":2}}
{"timestamp":"2026-02-04T03:18:51.647Z","level":"info","event":"TENANT_SESSIONSTORAGE_CLEARED","message":"Cleared 3 sessionStorage entries for tenant: dbd9cc70-90c8-4934-7fc0-a0a8a013babf","context":{"tenant_id":"dbd9cc70-90c8-4934-7fc0-a0a8a013babf","keys_removed":3}}
{"timestamp":"2026-02-04T03:18:51.647Z","level":"info","event":"TENANT_SESSIONSTORAGE_CLEARED","message":"Cleared 1 sessionStorage entries for tenant: 4e57dfb4-000c-fff1-40e4-6e44e0f85c92","context":{"tenant_id":"4e57dfb4-000c-fff1-40e4-6e44e0f85c92","keys_removed":1}}
{"timestamp":"2026-02-04T03:18:51.647Z","level":"info","event":"TENANT_SESSIONSTORAGE_CLEARED","message":"Cleared 5 sessionStorage entries for tenant: af6dbf7e-6efe-fff4-30da-c3b906c14bc0","context":{"tenant_id":"af6dbf7e-6efe-fff4-30da-c3b906c14bc0","keys_removed":5}}
{"timestamp":"2026-02-04T03:18:51.647Z","level":"info","event":"TENANT_SESSIONSTORAGE_CLEARED","message":"Cleared 4 sessionStorage entries for tenant: 47dcc943-000f-eab6-0c5d-00000000000f","context":{"tenant_id":"47dcc943-000f-eab6-0c5d-00000000000f","keys_removed":4}}

stderr | src/core/indexeddb/__tests__/tenant-switching.property.test.ts > Property 21: Tenant Switch Clears Previous Data > should handle invalid tenant IDs gracefully
{"timestamp":"2026-02-04T03:18:51.652Z","level":"error","event":"TENANT_LOCALSTORAGE_CLEAR_FAILED","message":"Failed to clear localStorage for tenant: ar","context":{"tenant_id":"ar"},"error":{"name":"TenantValidationError","message":"Invalid tenant_id format: ar. Expected UUID format.","stack":"TenantValidationError: Invalid tenant_id format: ar. Expected UUID format.\n    at validateTenantId (E:/FREECLOUD/FREECLOUD-IA/PROYECTOS/park/src/core/indexeddb/tenant-validation.ts:65:15)\n    at clearTenantLocalStorage (E:/FREECLOUD/FREECLOUD-IA/PROYECTOS/park/src/core/indexeddb/tenant-switching.ts:273:9)\n    at E:/FREECLOUD/FREECLOUD-IA/PROYECTOS/park/src/core/indexeddb/__tests__/tenant-switching.property.test.ts:260:30\n    at Proxy.assertThrows (file:///E:/FREECLOUD/FREECLOUD-IA/PROYECTOS/park/node_modules/chai/index.js:2798:5)\n    at Proxy.methodWrapper (file:///E:/FREECLOUD/FREECLOUD-IA/PROYECTOS/park/node_modules/chai/index.js:1700:25)\n    at Proxy.<anonymous> (file:///E:/FREECLOUD/FREECLOUD-IA/PROYECTOS/park/node_modules/@vitest/expect/dist/index.js:1149:12)\n    at Proxy.overwritingMethodWrapper (file:///E:/FREECLOUD/FREECLOUD-IA/PROYECTOS/park/node_modules/chai/index.js:1750:33)\n    at Proxy.<anonymous> (file:///E:/FREECLOUD/FREECLOUD-IA/PROYECTOS/park/node_modules/@vitest/expect/dist/index.js:1485:16)\n    at Proxy.<anonymous> (file:///E:/FREECLOUD/FREECLOUD-IA/PROYECTOS/park/node_modules/@vitest/expect/dist/index.js:1090:14)\n    at Proxy.methodWrapper (file:///E:/FREECLOUD/FREECLOUD-IA/PROYECTOS/park/node_modules/chai/index.js:1700:25)"}}
{"timestamp":"2026-02-04T03:18:51.655Z","level":"error","event":"TENANT_SESSIONSTORAGE_CLEAR_FAILED","message":"Failed to clear sessionStorage for tenant: ar","context":{"tenant_id":"ar"},"error":{"name":"TenantValidationError","message":"Invalid tenant_id format: ar. Expected UUID format.","stack":"TenantValidationError: Invalid tenant_id format: ar. Expected UUID format.\n    at validateTenantId (E:/FREECLOUD/FREECLOUD-IA/PROYECTOS/park/src/core/indexeddb/tenant-validation.ts:65:15)\n    at clearTenantSessionStorage (E:/FREECLOUD/FREECLOUD-IA/PROYECTOS/park/src/core/indexeddb/tenant-switching.ts:332:9)\n    at E:/FREECLOUD/FREECLOUD-IA/PROYECTOS/park/src/core/indexeddb/__tests__/tenant-switching.property.test.ts:261:30\n    at Proxy.assertThrows (file:///E:/FREECLOUD/FREECLOUD-IA/PROYECTOS/park/node_modules/chai/index.js:2798:5)\n    at Proxy.methodWrapper (file:///E:/FREECLOUD/FREECLOUD-IA/PROYECTOS/park/node_modules/chai/index.js:1700:25)\n    at Proxy.<anonymous> (file:///E:/FREECLOUD/FREECLOUD-IA/PROYECTOS/park/node_modules/@vitest/expect/dist/index.js:1149:12)\n    at Proxy.overwritingMethodWrapper (file:///E:/FREECLOUD/FREECLOUD-IA/PROYECTOS/park/node_modules/chai/index.js:1750:33)\n    at Proxy.<anonymous> (file:///E:/FREECLOUD/FREECLOUD-IA/PROYECTOS/park/node_modules/@vitest/expect/dist/index.js:1485:16)\n    at Proxy.<anonymous> (file:///E:/FREECLOUD/FREECLOUD-IA/PROYECTOS/park/node_modules/@vitest/expect/dist/index.js:1090:14)\n    at Proxy.methodWrapper (file:///E:/FREECLOUD/FREECLOUD-IA/PROYECTOS/park/node_modules/chai/index.js:1700:25)"}}
{"timestamp":"2026-02-04T03:18:51.656Z","level":"error","event":"TENANT_LOCALSTORAGE_CLEAR_FAILED","message":"Failed to clear localStorage for tenant: toString","context":{"tenant_id":"toString"},"error":{"name":"TenantValidationError","message":"Invalid tenant_id format: toString. Expected UUID format.","stack":"TenantValidationError: Invalid tenant_id format: toString. Expected UUID format.\n    at validateTenantId (E:/FREECLOUD/FREECLOUD-IA/PROYECTOS/park/src/core/indexeddb/tenant-validation.ts:65:15)\n    at clearTenantLocalStorage (E:/FREECLOUD/FREECLOUD-IA/PROYECTOS/park/src/core/indexeddb/tenant-switching.ts:273:9)\n    at E:/FREECLOUD/FREECLOUD-IA/PROYECTOS/park/src/core/indexeddb/__tests__/tenant-switching.property.test.ts:260:30\n    at Proxy.assertThrows (file:///E:/FREECLOUD/FREECLOUD-IA/PROYECTOS/park/node_modules/chai/index.js:2798:5)\n    at Proxy.methodWrapper (file:///E:/FREECLOUD/FREECLOUD-IA/PROYECTOS/park/node_modules/chai/index.js:1700:25)\n    at Proxy.<anonymous> (file:///E:/FREECLOUD/FREECLOUD-IA/PROYECTOS/park/node_modules/@vitest/expect/dist/index.js:1149:12)\n    at Proxy.overwritingMethodWrapper (file:///E:/FREECLOUD/FREECLOUD-IA/PROYECTOS/park/node_modules/chai/index.js:1750:33)\n    at Proxy.<anonymous> (file:///E:/FREECLOUD/FREECLOUD-IA/PROYECTOS/park/node_modules/@vitest/expect/dist/index.js:1485:16)\n    at Proxy.<anonymous> (file:///E:/FREECLOUD/FREECLOUD-IA/PROYECTOS/park/node_modules/@vitest/expect/dist/index.js:1090:14)\n    at Proxy.methodWrapper (file:///E:/FREECLOUD/FREECLOUD-IA/PROYECTOS/park/node_modules/chai/index.js:1700:25)"}}
{"timestamp":"2026-02-04T03:18:51.657Z","level":"error","event":"TENANT_SESSIONSTORAGE_CLEAR_FAILED","message":"Failed to clear sessionStorage for tenant: toString","context":{"tenant_id":"toString"},"error":{"name":"TenantValidationError","message":"Invalid tenant_id format: toString. Expected UUID format.","stack":"TenantValidationError: Invalid tenant_id format: toString. Expected UUID format.\n    at validateTenantId (E:/FREECLOUD/FREECLOUD-IA/PROYECTOS/park/src/core/indexeddb/tenant-validation.ts:65:15)\n    at clearTenantSessionStorage (E:/FREECLOUD/FREECLOUD-IA/PROYECTOS/park/src/core/indexeddb/tenant-switching.ts:332:9)\n    at E:/FREECLOUD/FREECLOUD-IA/PROYECTOS/park/src/core/indexeddb/__tests__/tenant-switching.property.test.ts:261:30\n    at Proxy.assertThrows (file:///E:/FREECLOUD/FREECLOUD-IA/PROYECTOS/park/node_modules/chai/index.js:2798:5)\n    at Proxy.methodWrapper (file:///E:/FREECLOUD/FREECLOUD-IA/PROYECTOS/park/node_modules/chai/index.js:1700:25)\n    at Proxy.<anonymous> (file:///E:/FREECLOUD/FREECLOUD-IA/PROYECTOS/park/node_modules/@vitest/expect/dist/index.js:1149:12)\n    at Proxy.overwritingMethodWrapper (file:///E:/FREECLOUD/FREECLOUD-IA/PROYECTOS/park/node_modules/chai/index.js:1750:33)\n    at Proxy.<anonymous> (file:///E:/FREECLOUD/FREECLOUD-IA/PROYECTOS/park/node_modules/@vitest/expect/dist/index.js:1485:16)\n    at Proxy.<anonymous> (file:///E:/FREECLOUD/FREECLOUD-IA/PROYECTOS/park/node_modules/@vitest/expect/dist/index.js:1090:14)\n    at Proxy.methodWrapper (file:///E:/FREECLOUD/FREECLOUD-IA/PROYECTOS/park/node_modules/chai/index.js:1700:25)"}}
{"timestamp":"2026-02-04T03:18:51.657Z","level":"error","event":"TENANT_LOCALSTORAGE_CLEAR_FAILED","message":"Failed to clear localStorage for tenant: K uQyd","context":{"tenant_id":"K uQyd"},"error":{"name":"TenantValidationError","message":"Invalid tenant_id format: K uQyd. Expected UUID format.","stack":"TenantValidationError: Invalid tenant_id format: K uQyd. Expected UUID format.\n    at validateTenantId (E:/FREECLOUD/FREECLOUD-IA/PROYECTOS/park/src/core/indexeddb/tenant-validation.ts:65:15)\n    at clearTenantLocalStorage (E:/FREECLOUD/FREECLOUD-IA/PROYECTOS/park/src/core/indexeddb/tenant-switching.ts:273:9)\n    at E:/FREECLOUD/FREECLOUD-IA/PROYECTOS/park/src/core/indexeddb/__tests__/tenant-switching.property.test.ts:260:30\n    at Proxy.assertThrows (file:///E:/FREECLOUD/FREECLOUD-IA/PROYECTOS/park/node_modules/chai/index.js:2798:5)\n    at Proxy.methodWrapper (file:///E:/FREECLOUD/FREECLOUD-IA/PROYECTOS/park/node_modules/chai/index.js:1700:25)\n    at Proxy.<anonymous> (file:///E:/FREECLOUD/FREECLOUD-IA/PROYECTOS/park/node_modules/@vitest/expect/dist/index.js:1149:12)\n    at Proxy.overwritingMethodWrapper (file:///E:/FREECLOUD/FREECLOUD-IA/PROYECTOS/park/node_modules/chai/index.js:1750:33)\n    at Proxy.<anonymous> (file:///E:/FREECLOUD/FREECLOUD-IA/PROYECTOS/park/node_modules/@vitest/expect/dist/index.js:1485:16)\n    at Proxy.<anonymous> (file:///E:/FREECLOUD/FREECLOUD-IA/PROYECTOS/park/node_modules/@vitest/expect/dist/index.js:1090:14)\n    at Proxy.methodWrapper (file:///E:/FREECLOUD/FREECLOUD-IA/PROYECTOS/park/node_modules/chai/index.js:1700:25)"}}
{"timestamp":"2026-02-04T03:18:51.658Z","level":"error","event":"TENANT_SESSIONSTORAGE_CLEAR_FAILED","message":"Failed to clear sessionStorage for tenant: K uQyd","context":{"tenant_id":"K uQyd"},"error":{"name":"TenantValidationError","message":"Invalid tenant_id format: K uQyd. Expected UUID format.","stack":"TenantValidationError: Invalid tenant_id format: K uQyd. Expected UUID format.\n    at validateTenantId (E:/FREECLOUD/FREECLOUD-IA/PROYECTOS/park/src/core/indexeddb/tenant-validation.ts:65:15)\n    at clearTenantSessionStorage (E:/FREECLOUD/FREECLOUD-IA/PROYECTOS/park/src/core/indexeddb/tenant-switching.ts:332:9)\n    at E:/FREECLOUD/FREECLOUD-IA/PROYECTOS/park/src/core/indexeddb/__tests__/tenant-switching.property.test.ts:261:30\n    at Proxy.assertThrows (file:///E:/FREECLOUD/FREECLOUD-IA/PROYECTOS/park/node_modules/chai/index.js:2798:5)\n    at Proxy.methodWrapper (file:///E:/FREECLOUD/FREECLOUD-IA/PROYECTOS/park/node_modules/chai/index.js:1700:25)\n    at Proxy.<anonymous> (file:///E:/FREECLOUD/FREECLOUD-IA/PROYECTOS/park/node_modules/@vitest/expect/dist/index.js:1149:12)\n    at Proxy.overwritingMethodWrapper (file:///E:/FREECLOUD/FREECLOUD-IA/PROYECTOS/park/node_modules/chai/index.js:1750:33)\n    at Proxy.<anonymous> (file:///E:/FREECLOUD/FREECLOUD-IA/PROYECTOS/park/node_modules/@vitest/expect/dist/index.js:1485:16)\n    at Proxy.<anonymous> (file:///E:/FREECLOUD/FREECLOUD-IA/PROYECTOS/park/node_modules/@vitest/expect/dist/index.js:1090:14)\n    at Proxy.methodWrapper (file:///E:/FREECLOUD/FREECLOUD-IA/PROYECTOS/park/node_modules/chai/index.js:1700:25)"}}
{"timestamp":"2026-02-04T03:18:51.659Z","level":"error","event":"TENANT_LOCALSTORAGE_CLEAR_FAILED","message":"Failed to clear localStorage for tenant: 2^D6","context":{"tenant_id":"2^D6"},"error":{"name":"TenantValidationError","message":"Invalid tenant_id format: 2^D6. Expected UUID format.","stack":"TenantValidationError: Invalid tenant_id format: 2^D6. Expected UUID format.\n    at validateTenantId (E:/FREECLOUD/FREECLOUD-IA/PROYECTOS/park/src/core/indexeddb/tenant-validation.ts:65:15)\n    at clearTenantLocalStorage (E:/FREECLOUD/FREECLOUD-IA/PROYECTOS/park/src/core/indexeddb/tenant-switching.ts:273:9)\n    at E:/FREECLOUD/FREECLOUD-IA/PROYECTOS/park/src/core/indexeddb/__tests__/tenant-switching.property.test.ts:260:30\n    at Proxy.assertThrows (file:///E:/FREECLOUD/FREECLOUD-IA/PROYECTOS/park/node_modules/chai/index.js:2798:5)\n    at Proxy.methodWrapper (file:///E:/FREECLOUD/FREECLOUD-IA/PROYECTOS/park/node_modules/chai/index.js:1700:25)\n    at Proxy.<anonymous> (file:///E:/FREECLOUD/FREECLOUD-IA/PROYECTOS/park/node_modules/@vitest/expect/dist/index.js:1149:12)\n    at Proxy.overwritingMethodWrapper (file:///E:/FREECLOUD/FREECLOUD-IA/PROYECTOS/park/node_modules/chai/index.js:1750:33)\n    at Proxy.<anonymous> (file:///E:/FREECLOUD/FREECLOUD-IA/PROYECTOS/park/node_modules/@vitest/expect/dist/index.js:1485:16)\n    at Proxy.<anonymous> (file:///E:/FREECLOUD/FREECLOUD-IA/PROYECTOS/park/node_modules/@vitest/expect/dist/index.js:1090:14)\n    at Proxy.methodWrapper (file:///E:/FREECLOUD/FREECLOUD-IA/PROYECTOS/park/node_modules/chai/index.js:1700:25)"}}
{"timestamp":"2026-02-04T03:18:51.659Z","level":"error","event":"TENANT_SESSIONSTORAGE_CLEAR_FAILED","message":"Failed to clear sessionStorage for tenant: 2^D6","context":{"tenant_id":"2^D6"},"error":{"name":"TenantValidationError","message":"Invalid tenant_id format: 2^D6. Expected UUID format.","stack":"TenantValidationError: Invalid tenant_id format: 2^D6. Expected UUID format.\n    at validateTenantId (E:/FREECLOUD/FREECLOUD-IA/PROYECTOS/park/src/core/indexeddb/tenant-validation.ts:65:15)\n    at clearTenantSessionStorage (E:/FREECLOUD/FREECLOUD-IA/PROYECTOS/park/src/core/indexeddb/tenant-switching.ts:332:9)\n    at E:/FREECLOUD/FREECLOUD-IA/PROYECTOS/park/src/core/indexeddb/__tests__/tenant-switching.property.test.ts:261:30\n    at Proxy.assertThrows (file:///E:/FREECLOUD/FREECLOUD-IA/PROYECTOS/park/node_modules/chai/index.js:2798:5)\n    at Proxy.methodWrapper (file:///E:/FREECLOUD/FREECLOUD-IA/PROYECTOS/park/node_modules/chai/index.js:1700:25)\n    at Proxy.<anonymous> (file:///E:/FREECLOUD/FREECLOUD-IA/PROYECTOS/park/node_modules/@vitest/expect/dist/index.js:1149:12)\n    at Proxy.overwritingMethodWrapper (file:///E:/FREECLOUD/FREECLOUD-IA/PROYECTOS/park/node_modules/chai/index.js:1750:33)\n    at Proxy.<anonymous> (file:///E:/FREECLOUD/FREECLOUD-IA/PROYECTOS/park/node_modules/@vitest/expect/dist/index.js:1485:16)\n    at Proxy.<anonymous> (file:///E:/FREECLOUD/FREECLOUD-IA/PROYECTOS/park/node_modules/@vitest/expect/dist/index.js:1090:14)\n    at Proxy.methodWrapper (file:///E:/FREECLOUD/FREECLOUD-IA/PROYECTOS/park/node_modules/chai/index.js:1700:25)"}}
{"timestamp":"2026-02-04T03:18:51.660Z","level":"error","event":"TENANT_LOCALSTORAGE_CLEAR_FAILED","message":"Failed to clear localStorage for tenant: valueOf","context":{"tenant_id":"valueOf"},"error":{"name":"TenantValidationError","message":"Invalid tenant_id format: valueOf. Expected UUID format.","stack":"TenantValidationError: Invalid tenant_id format: valueOf. Expected UUID format.\n    at validateTenantId (E:/FREECLOUD/FREECLOUD-IA/PROYECTOS/park/src/core/indexeddb/tenant-validation.ts:65:15)\n    at clearTenantLocalStorage (E:/FREECLOUD/FREECLOUD-IA/PROYECTOS/park/src/core/indexeddb/tenant-switching.ts:273:9)\n    at E:/FREECLOUD/FREECLOUD-IA/PROYECTOS/park/src/core/indexeddb/__tests__/tenant-switching.property.test.ts:260:30\n    at Proxy.assertThrows (file:///E:/FREECLOUD/FREECLOUD-IA/PROYECTOS/park/node_modules/chai/index.js:2798:5)\n    at Proxy.methodWrapper (file:///E:/FREECLOUD/FREECLOUD-IA/PROYECTOS/park/node_modules/chai/index.js:1700:25)\n    at Proxy.<anonymous> (file:///E:/FREECLOUD/FREECLOUD-IA/PROYECTOS/park/node_modules/@vitest/expect/dist/index.js:1149:12)\n    at Proxy.overwritingMethodWrapper (file:///E:/FREECLOUD/FREECLOUD-IA/PROYECTOS/park/node_modules/chai/index.js:1750:33)\n    at Proxy.<anonymous> (file:///E:/FREECLOUD/FREECLOUD-IA/PROYECTOS/park/node_modules/@vitest/expect/dist/index.js:1485:16)\n    at Proxy.<anonymous> (file:///E:/FREECLOUD/FREECLOUD-IA/PROYECTOS/park/node_modules/@vitest/expect/dist/index.js:1090:14)\n    at Proxy.methodWrapper (file:///E:/FREECLOUD/FREECLOUD-IA/PROYECTOS/park/node_modules/chai/index.js:1700:25)"}}
{"timestamp":"2026-02-04T03:18:51.660Z","level":"error","event":"TENANT_SESSIONSTORAGE_CLEAR_FAILED","message":"Failed to clear sessionStorage for tenant: valueOf","context":{"tenant_id":"valueOf"},"error":{"name":"TenantValidationError","message":"Invalid tenant_id format: valueOf. Expected UUID format.","stack":"TenantValidationError: Invalid tenant_id format: valueOf. Expected UUID format.\n    at validateTenantId (E:/FREECLOUD/FREECLOUD-IA/PROYECTOS/park/src/core/indexeddb/tenant-validation.ts:65:15)\n    at clearTenantSessionStorage (E:/FREECLOUD/FREECLOUD-IA/PROYECTOS/park/src/core/indexeddb/tenant-switching.ts:332:9)\n    at E:/FREECLOUD/FREECLOUD-IA/PROYECTOS/park/src/core/indexeddb/__tests__/tenant-switching.property.test.ts:261:30\n    at Proxy.assertThrows (file:///E:/FREECLOUD/FREECLOUD-IA/PROYECTOS/park/node_modules/chai/index.js:2798:5)\n    at Proxy.methodWrapper (file:///E:/FREECLOUD/FREECLOUD-IA/PROYECTOS/park/node_modules/chai/index.js:1700:25)\n    at Proxy.<anonymous> (file:///E:/FREECLOUD/FREECLOUD-IA/PROYECTOS/park/node_modules/@vitest/expect/dist/index.js:1149:12)\n    at Proxy.overwritingMethodWrapper (file:///E:/FREECLOUD/FREECLOUD-IA/PROYECTOS/park/node_modules/chai/index.js:1750:33)\n    at Proxy.<anonymous> (file:///E:/FREECLOUD/FREECLOUD-IA/PROYECTOS/park/node_modules/@vitest/expect/dist/index.js:1485:16)\n    at Proxy.<anonymous> (file:///E:/FREECLOUD/FREECLOUD-IA/PROYECTOS/park/node_modules/@vitest/expect/dist/index.js:1090:14)\n    at Proxy.methodWrapper (file:///E:/FREECLOUD/FREECLOUD-IA/PROYECTOS/park/node_modules/chai/index.js:1700:25)"}}
{"timestamp":"2026-02-04T03:18:51.661Z","level":"error","event":"TENANT_LOCALSTORAGE_CLEAR_FAILED","message":"Failed to clear localStorage for tenant: w;}M6!(&~$M8","context":{"tenant_id":"w;}M6!(&~$M8"},"error":{"name":"TenantValidationError","message":"Invalid tenant_id format: w;}M6!(&~$M8. Expected UUID format.","stack":"TenantValidationError: Invalid tenant_id format: w;}M6!(&~$M8. Expected UUID format.\n    at validateTenantId (E:/FREECLOUD/FREECLOUD-IA/PROYECTOS/park/src/core/indexeddb/tenant-validation.ts:65:15)\n    at clearTenantLocalStorage (E:/FREECLOUD/FREECLOUD-IA/PROYECTOS/park/src/core/indexeddb/tenant-switching.ts:273:9)\n    at E:/FREECLOUD/FREECLOUD-IA/PROYECTOS/park/src/core/indexeddb/__tests__/tenant-switching.property.test.ts:260:30\n    at Proxy.assertThrows (file:///E:/FREECLOUD/FREECLOUD-IA/PROYECTOS/park/node_modules/chai/index.js:2798:5)\n    at Proxy.methodWrapper (file:///E:/FREECLOUD/FREECLOUD-IA/PROYECTOS/park/node_modules/chai/index.js:1700:25)\n    at Proxy.<anonymous> (file:///E:/FREECLOUD/FREECLOUD-IA/PROYECTOS/park/node_modules/@vitest/expect/dist/index.js:1149:12)\n    at Proxy.overwritingMethodWrapper (file:///E:/FREECLOUD/FREECLOUD-IA/PROYECTOS/park/node_modules/chai/index.js:1750:33)\n    at Proxy.<anonymous> (file:///E:/FREECLOUD/FREECLOUD-IA/PROYECTOS/park/node_modules/@vitest/expect/dist/index.js:1485:16)\n    at Proxy.<anonymous> (file:///E:/FREECLOUD/FREECLOUD-IA/PROYECTOS/park/node_modules/@vitest/expect/dist/index.js:1090:14)\n    at Proxy.methodWrapper (file:///E:/FREECLOUD/FREECLOUD-IA/PROYECTOS/park/node_modules/chai/index.js:1700:25)"}}
{"timestamp":"2026-02-04T03:18:51.662Z","level":"error","event":"TENANT_SESSIONSTORAGE_CLEAR_FAILED","message":"Failed to clear sessionStorage for tenant: w;}M6!(&~$M8","context":{"tenant_id":"w;}M6!(&~$M8"},"error":{"name":"TenantValidationError","message":"Invalid tenant_id format: w;}M6!(&~$M8. Expected UUID format.","stack":"TenantValidationError: Invalid tenant_id format: w;}M6!(&~$M8. Expected UUID format.\n    at validateTenantId (E:/FREECLOUD/FREECLOUD-IA/PROYECTOS/park/src/core/indexeddb/tenant-validation.ts:65:15)\n    at clearTenantSessionStorage (E:/FREECLOUD/FREECLOUD-IA/PROYECTOS/park/src/core/indexeddb/tenant-switching.ts:332:9)\n    at E:/FREECLOUD/FREECLOUD-IA/PROYECTOS/park/src/core/indexeddb/__tests__/tenant-switching.property.test.ts:261:30\n    at Proxy.assertThrows (file:///E:/FREECLOUD/FREECLOUD-IA/PROYECTOS/park/node_modules/chai/index.js:2798:5)\n    at Proxy.methodWrapper (file:///E:/FREECLOUD/FREECLOUD-IA/PROYECTOS/park/node_modules/chai/index.js:1700:25)\n    at Proxy.<anonymous> (file:///E:/FREECLOUD/FREECLOUD-IA/PROYECTOS/park/node_modules/@vitest/expect/dist/index.js:1149:12)\n    at Proxy.overwritingMethodWrapper (file:///E:/FREECLOUD/FREECLOUD-IA/PROYECTOS/park/node_modules/chai/index.js:1750:33)\n    at Proxy.<anonymous> (file:///E:/FREECLOUD/FREECLOUD-IA/PROYECTOS/park/node_modules/@vitest/expect/dist/index.js:1485:16)\n    at Proxy.<anonymous> (file:///E:/FREECLOUD/FREECLOUD-IA/PROYECTOS/park/node_modules/@vitest/expect/dist/index.js:1090:14)\n    at Proxy.methodWrapper (file:///E:/FREECLOUD/FREECLOUD-IA/PROYECTOS/park/node_modules/chai/index.js:1700:25)"}}
{"timestamp":"2026-02-04T03:18:51.663Z","level":"error","event":"TENANT_LOCALSTORAGE_CLEAR_FAILED","message":"Failed to clear localStorage for tenant: ']5RrxG0'**","context":{"tenant_id":"']5RrxG0'**"},"error":{"name":"TenantValidationError","message":"Invalid tenant_id format: ']5RrxG0'**. Expected UUID format.","stack":"TenantValidationError: Invalid tenant_id format: ']5RrxG0'**. Expected UUID format.\n    at validateTenantId (E:/FREECLOUD/FREECLOUD-IA/PROYECTOS/park/src/core/indexeddb/tenant-validation.ts:65:15)\n    at clearTenantLocalStorage (E:/FREECLOUD/FREECLOUD-IA/PROYECTOS/park/src/core/indexeddb/tenant-switching.ts:273:9)\n    at E:/FREECLOUD/FREECLOUD-IA/PROYECTOS/park/src/core/indexeddb/__tests__/tenant-switching.property.test.ts:260:30\n    at Proxy.assertThrows (file:///E:/FREECLOUD/FREECLOUD-IA/PROYECTOS/park/node_modules/chai/index.js:2798:5)\n    at Proxy.methodWrapper (file:///E:/FREECLOUD/FREECLOUD-IA/PROYECTOS/park/node_modules/chai/index.js:1700:25)\n    at Proxy.<anonymous> (file:///E:/FREECLOUD/FREECLOUD-IA/PROYECTOS/park/node_modules/@vitest/expect/dist/index.js:1149:12)\n    at Proxy.overwritingMethodWrapper (file:///E:/FREECLOUD/FREECLOUD-IA/PROYECTOS/park/node_modules/chai/index.js:1750:33)\n    at Proxy.<anonymous> (file:///E:/FREECLOUD/FREECLOUD-IA/PROYECTOS/park/node_modules/@vitest/expect/dist/index.js:1485:16)\n    at Proxy.<anonymous> (file:///E:/FREECLOUD/FREECLOUD-IA/PROYECTOS/park/node_modules/@vitest/expect/dist/index.js:1090:14)\n    at Proxy.methodWrapper (file:///E:/FREECLOUD/FREECLOUD-IA/PROYECTOS/park/node_modules/chai/index.js:1700:25)"}}
{"timestamp":"2026-02-04T03:18:51.663Z","level":"error","event":"TENANT_SESSIONSTORAGE_CLEAR_FAILED","message":"Failed to clear sessionStorage for tenant: ']5RrxG0'**","context":{"tenant_id":"']5RrxG0'**"},"error":{"name":"TenantValidationError","message":"Invalid tenant_id format: ']5RrxG0'**. Expected UUID format.","stack":"TenantValidationError: Invalid tenant_id format: ']5RrxG0'**. Expected UUID format.\n    at validateTenantId (E:/FREECLOUD/FREECLOUD-IA/PROYECTOS/park/src/core/indexeddb/tenant-validation.ts:65:15)\n    at clearTenantSessionStorage (E:/FREECLOUD/FREECLOUD-IA/PROYECTOS/park/src/core/indexeddb/tenant-switching.ts:332:9)\n    at E:/FREECLOUD/FREECLOUD-IA/PROYECTOS/park/src/core/indexeddb/__tests__/tenant-switching.property.test.ts:261:30\n    at Proxy.assertThrows (file:///E:/FREECLOUD/FREECLOUD-IA/PROYECTOS/park/node_modules/chai/index.js:2798:5)\n    at Proxy.methodWrapper (file:///E:/FREECLOUD/FREECLOUD-IA/PROYECTOS/park/node_modules/chai/index.js:1700:25)\n    at Proxy.<anonymous> (file:///E:/FREECLOUD/FREECLOUD-IA/PROYECTOS/park/node_modules/@vitest/expect/dist/index.js:1149:12)\n    at Proxy.overwritingMethodWrapper (file:///E:/FREECLOUD/FREECLOUD-IA/PROYECTOS/park/node_modules/chai/index.js:1750:33)\n    at Proxy.<anonymous> (file:///E:/FREECLOUD/FREECLOUD-IA/PROYECTOS/park/node_modules/@vitest/expect/dist/index.js:1485:16)\n    at Proxy.<anonymous> (file:///E:/FREECLOUD/FREECLOUD-IA/PROYECTOS/park/node_modules/@vitest/expect/dist/index.js:1090:14)\n    at Proxy.methodWrapper (file:///E:/FREECLOUD/FREECLOUD-IA/PROYECTOS/park/node_modules/chai/index.js:1700:25)"}}
{"timestamp":"2026-02-04T03:18:51.664Z","level":"error","event":"TENANT_LOCALSTORAGE_CLEAR_FAILED","message":"Failed to clear localStorage for tenant: 1;{~","context":{"tenant_id":"1;{~"},"error":{"name":"TenantValidationError","message":"Invalid tenant_id format: 1;{~. Expected UUID format.","stack":"TenantValidationError: Invalid tenant_id format: 1;{~. Expected UUID format.\n    at validateTenantId (E:/FREECLOUD/FREECLOUD-IA/PROYECTOS/park/src/core/indexeddb/tenant-validation.ts:65:15)\n    at clearTenantLocalStorage (E:/FREECLOUD/FREECLOUD-IA/PROYECTOS/park/src/core/indexeddb/tenant-switching.ts:273:9)\n    at E:/FREECLOUD/FREECLOUD-IA/PROYECTOS/park/src/core/indexeddb/__tests__/tenant-switching.property.test.ts:260:30\n    at Proxy.assertThrows (file:///E:/FREECLOUD/FREECLOUD-IA/PROYECTOS/park/node_modules/chai/index.js:2798:5)\n    at Proxy.methodWrapper (file:///E:/FREECLOUD/FREECLOUD-IA/PROYECTOS/park/node_modules/chai/index.js:1700:25)\n    at Proxy.<anonymous> (file:///E:/FREECLOUD/FREECLOUD-IA/PROYECTOS/park/node_modules/@vitest/expect/dist/index.js:1149:12)\n    at Proxy.overwritingMethodWrapper (file:///E:/FREECLOUD/FREECLOUD-IA/PROYECTOS/park/node_modules/chai/index.js:1750:33)\n    at Proxy.<anonymous> (file:///E:/FREECLOUD/FREECLOUD-IA/PROYECTOS/park/node_modules/@vitest/expect/dist/index.js:1485:16)\n    at Proxy.<anonymous> (file:///E:/FREECLOUD/FREECLOUD-IA/PROYECTOS/park/node_modules/@vitest/expect/dist/index.js:1090:14)\n    at Proxy.methodWrapper (file:///E:/FREECLOUD/FREECLOUD-IA/PROYECTOS/park/node_modules/chai/index.js:1700:25)"}}
{"timestamp":"2026-02-04T03:18:51.664Z","level":"error","event":"TENANT_SESSIONSTORAGE_CLEAR_FAILED","message":"Failed to clear sessionStorage for tenant: 1;{~","context":{"tenant_id":"1;{~"},"error":{"name":"TenantValidationError","message":"Invalid tenant_id format: 1;{~. Expected UUID format.","stack":"TenantValidationError: Invalid tenant_id format: 1;{~. Expected UUID format.\n    at validateTenantId (E:/FREECLOUD/FREECLOUD-IA/PROYECTOS/park/src/core/indexeddb/tenant-validation.ts:65:15)\n    at clearTenantSessionStorage (E:/FREECLOUD/FREECLOUD-IA/PROYECTOS/park/src/core/indexeddb/tenant-switching.ts:332:9)\n    at E:/FREECLOUD/FREECLOUD-IA/PROYECTOS/park/src/core/indexeddb/__tests__/tenant-switching.property.test.ts:261:30\n    at Proxy.assertThrows (file:///E:/FREECLOUD/FREECLOUD-IA/PROYECTOS/park/node_modules/chai/index.js:2798:5)\n    at Proxy.methodWrapper (file:///E:/FREECLOUD/FREECLOUD-IA/PROYECTOS/park/node_modules/chai/index.js:1700:25)\n    at Proxy.<anonymous> (file:///E:/FREECLOUD/FREECLOUD-IA/PROYECTOS/park/node_modules/@vitest/expect/dist/index.js:1149:12)\n    at Proxy.overwritingMethodWrapper (file:///E:/FREECLOUD/FREECLOUD-IA/PROYECTOS/park/node_modules/chai/index.js:1750:33)\n    at Proxy.<anonymous> (file:///E:/FREECLOUD/FREECLOUD-IA/PROYECTOS/park/node_modules/@vitest/expect/dist/index.js:1485:16)\n    at Proxy.<anonymous> (file:///E:/FREECLOUD/FREECLOUD-IA/PROYECTOS/park/node_modules/@vitest/expect/dist/index.js:1090:14)\n    at Proxy.methodWrapper (file:///E:/FREECLOUD/FREECLOUD-IA/PROYECTOS/park/node_modules/chai/index.js:1700:25)"}}
{"timestamp":"2026-02-04T03:18:51.664Z","level":"error","event":"TENANT_LOCALSTORAGE_CLEAR_FAILED","message":"Failed to clear localStorage for tenant: wPr","context":{"tenant_id":"wPr"},"error":{"name":"TenantValidationError","message":"Invalid tenant_id format: wPr. Expected UUID format.","stack":"TenantValidationError: Invalid tenant_id format: wPr. Expected UUID format.\n    at validateTenantId (E:/FREECLOUD/FREECLOUD-IA/PROYECTOS/park/src/core/indexeddb/tenant-validation.ts:65:15)\n    at clearTenantLocalStorage (E:/FREECLOUD/FREECLOUD-IA/PROYECTOS/park/src/core/indexeddb/tenant-switching.ts:273:9)\n    at E:/FREECLOUD/FREECLOUD-IA/PROYECTOS/park/src/core/indexeddb/__tests__/tenant-switching.property.test.ts:260:30\n    at Proxy.assertThrows (file:///E:/FREECLOUD/FREECLOUD-IA/PROYECTOS/park/node_modules/chai/index.js:2798:5)\n    at Proxy.methodWrapper (file:///E:/FREECLOUD/FREECLOUD-IA/PROYECTOS/park/node_modules/chai/index.js:1700:25)\n    at Proxy.<anonymous> (file:///E:/FREECLOUD/FREECLOUD-IA/PROYECTOS/park/node_modules/@vitest/expect/dist/index.js:1149:12)\n    at Proxy.overwritingMethodWrapper (file:///E:/FREECLOUD/FREECLOUD-IA/PROYECTOS/park/node_modules/chai/index.js:1750:33)\n    at Proxy.<anonymous> (file:///E:/FREECLOUD/FREECLOUD-IA/PROYECTOS/park/node_modules/@vitest/expect/dist/index.js:1485:16)\n    at Proxy.<anonymous> (file:///E:/FREECLOUD/FREECLOUD-IA/PROYECTOS/park/node_modules/@vitest/expect/dist/index.js:1090:14)\n    at Proxy.methodWrapper (file:///E:/FREECLOUD/FREECLOUD-IA/PROYECTOS/park/node_modules/chai/index.js:1700:25)"}}
{"timestamp":"2026-02-04T03:18:51.665Z","level":"error","event":"TENANT_SESSIONSTORAGE_CLEAR_FAILED","message":"Failed to clear sessionStorage for tenant: wPr","context":{"tenant_id":"wPr"},"error":{"name":"TenantValidationError","message":"Invalid tenant_id format: wPr. Expected UUID format.","stack":"TenantValidationError: Invalid tenant_id format: wPr. Expected UUID format.\n    at validateTenantId (E:/FREECLOUD/FREECLOUD-IA/PROYECTOS/park/src/core/indexeddb/tenant-validation.ts:65:15)\n    at clearTenantSessionStorage (E:/FREECLOUD/FREECLOUD-IA/PROYECTOS/park/src/core/indexeddb/tenant-switching.ts:332:9)\n    at E:/FREECLOUD/FREECLOUD-IA/PROYECTOS/park/src/core/indexeddb/__tests__/tenant-switching.property.test.ts:261:30\n    at Proxy.assertThrows (file:///E:/FREECLOUD/FREECLOUD-IA/PROYECTOS/park/node_modules/chai/index.js:2798:5)\n    at Proxy.methodWrapper (file:///E:/FREECLOUD/FREECLOUD-IA/PROYECTOS/park/node_modules/chai/index.js:1700:25)\n    at Proxy.<anonymous> (file:///E:/FREECLOUD/FREECLOUD-IA/PROYECTOS/park/node_modules/@vitest/expect/dist/index.js:1149:12)\n    at Proxy.overwritingMethodWrapper (file:///E:/FREECLOUD/FREECLOUD-IA/PROYECTOS/park/node_modules/chai/index.js:1750:33)\n    at Proxy.<anonymous> (file:///E:/FREECLOUD/FREECLOUD-IA/PROYECTOS/park/node_modules/@vitest/expect/dist/index.js:1485:16)\n    at Proxy.<anonymous> (file:///E:/FREECLOUD/FREECLOUD-IA/PROYECTOS/park/node_modules/@vitest/expect/dist/index.js:1090:14)\n    at Proxy.methodWrapper (file:///E:/FREECLOUD/FREECLOUD-IA/PROYECTOS/park/node_modules/chai/index.js:1700:25)"}}
{"timestamp":"2026-02-04T03:18:51.665Z","level":"error","event":"TENANT_LOCALSTORAGE_CLEAR_FAILED","message":"Failed to clear localStorage for tenant: h!V=,>#%l{\"$","context":{"tenant_id":"h!V=,>#%l{\"$"},"error":{"name":"TenantValidationError","message":"Invalid tenant_id format: h!V=,>#%l{\"$. Expected UUID format.","stack":"TenantValidationError: Invalid tenant_id format: h!V=,>#%l{\"$. Expected UUID format.\n    at validateTenantId (E:/FREECLOUD/FREECLOUD-IA/PROYECTOS/park/src/core/indexeddb/tenant-validation.ts:65:15)\n    at clearTenantLocalStorage (E:/FREECLOUD/FREECLOUD-IA/PROYECTOS/park/src/core/indexeddb/tenant-switching.ts:273:9)\n    at E:/FREECLOUD/FREECLOUD-IA/PROYECTOS/park/src/core/indexeddb/__tests__/tenant-switching.property.test.ts:260:30\n    at Proxy.assertThrows (file:///E:/FREECLOUD/FREECLOUD-IA/PROYECTOS/park/node_modules/chai/index.js:2798:5)\n    at Proxy.methodWrapper (file:///E:/FREECLOUD/FREECLOUD-IA/PROYECTOS/park/node_modules/chai/index.js:1700:25)\n    at Proxy.<anonymous> (file:///E:/FREECLOUD/FREECLOUD-IA/PROYECTOS/park/node_modules/@vitest/expect/dist/index.js:1149:12)\n    at Proxy.overwritingMethodWrapper (file:///E:/FREECLOUD/FREECLOUD-IA/PROYECTOS/park/node_modules/chai/index.js:1750:33)\n    at Proxy.<anonymous> (file:///E:/FREECLOUD/FREECLOUD-IA/PROYECTOS/park/node_modules/@vitest/expect/dist/index.js:1485:16)\n    at Proxy.<anonymous> (file:///E:/FREECLOUD/FREECLOUD-IA/PROYECTOS/park/node_modules/@vitest/expect/dist/index.js:1090:14)\n    at Proxy.methodWrapper (file:///E:/FREECLOUD/FREECLOUD-IA/PROYECTOS/park/node_modules/chai/index.js:1700:25)"}}
{"timestamp":"2026-02-04T03:18:51.666Z","level":"error","event":"TENANT_SESSIONSTORAGE_CLEAR_FAILED","message":"Failed to clear sessionStorage for tenant: h!V=,>#%l{\"$","context":{"tenant_id":"h!V=,>#%l{\"$"},"error":{"name":"TenantValidationError","message":"Invalid tenant_id format: h!V=,>#%l{\"$. Expected UUID format.","stack":"TenantValidationError: Invalid tenant_id format: h!V=,>#%l{\"$. Expected UUID format.\n    at validateTenantId (E:/FREECLOUD/FREECLOUD-IA/PROYECTOS/park/src/core/indexeddb/tenant-validation.ts:65:15)\n    at clearTenantSessionStorage (E:/FREECLOUD/FREECLOUD-IA/PROYECTOS/park/src/core/indexeddb/tenant-switching.ts:332:9)\n    at E:/FREECLOUD/FREECLOUD-IA/PROYECTOS/park/src/core/indexeddb/__tests__/tenant-switching.property.test.ts:261:30\n    at Proxy.assertThrows (file:///E:/FREECLOUD/FREECLOUD-IA/PROYECTOS/park/node_modules/chai/index.js:2798:5)\n    at Proxy.methodWrapper (file:///E:/FREECLOUD/FREECLOUD-IA/PROYECTOS/park/node_modules/chai/index.js:1700:25)\n    at Proxy.<anonymous> (file:///E:/FREECLOUD/FREECLOUD-IA/PROYECTOS/park/node_modules/@vitest/expect/dist/index.js:1149:12)\n    at Proxy.overwritingMethodWrapper (file:///E:/FREECLOUD/FREECLOUD-IA/PROYECTOS/park/node_modules/chai/index.js:1750:33)\n    at Proxy.<anonymous> (file:///E:/FREECLOUD/FREECLOUD-IA/PROYECTOS/park/node_modules/@vitest/expect/dist/index.js:1485:16)\n    at Proxy.<anonymous> (file:///E:/FREECLOUD/FREECLOUD-IA/PROYECTOS/park/node_modules/@vitest/expect/dist/index.js:1090:14)\n    at Proxy.methodWrapper (file:///E:/FREECLOUD/FREECLOUD-IA/PROYECTOS/park/node_modules/chai/index.js:1700:25)"}}
{"timestamp":"2026-02-04T03:18:51.666Z","level":"error","event":"TENANT_LOCALSTORAGE_CLEAR_FAILED","message":"Failed to clear localStorage for tenant: Q.m","context":{"tenant_id":"Q.m"},"error":{"name":"TenantValidationError","message":"Invalid tenant_id format: Q.m. Expected UUID format.","stack":"TenantValidationError: Invalid tenant_id format: Q.m. Expected UUID format.\n    at validateTenantId (E:/FREECLOUD/FREECLOUD-IA/PROYECTOS/park/src/core/indexeddb/tenant-validation.ts:65:15)\n    at clearTenantLocalStorage (E:/FREECLOUD/FREECLOUD-IA/PROYECTOS/park/src/core/indexeddb/tenant-switching.ts:273:9)\n    at E:/FREECLOUD/FREECLOUD-IA/PROYECTOS/park/src/core/indexeddb/__tests__/tenant-switching.property.test.ts:260:30\n    at Proxy.assertThrows (file:///E:/FREECLOUD/FREECLOUD-IA/PROYECTOS/park/node_modules/chai/index.js:2798:5)\n    at Proxy.methodWrapper (file:///E:/FREECLOUD/FREECLOUD-IA/PROYECTOS/park/node_modules/chai/index.js:1700:25)\n    at Proxy.<anonymous> (file:///E:/FREECLOUD/FREECLOUD-IA/PROYECTOS/park/node_modules/@vitest/expect/dist/index.js:1149:12)\n    at Proxy.overwritingMethodWrapper (file:///E:/FREECLOUD/FREECLOUD-IA/PROYECTOS/park/node_modules/chai/index.js:1750:33)\n    at Proxy.<anonymous> (file:///E:/FREECLOUD/FREECLOUD-IA/PROYECTOS/park/node_modules/@vitest/expect/dist/index.js:1485:16)\n    at Proxy.<anonymous> (file:///E:/FREECLOUD/FREECLOUD-IA/PROYECTOS/park/node_modules/@vitest/expect/dist/index.js:1090:14)\n    at Proxy.methodWrapper (file:///E:/FREECLOUD/FREECLOUD-IA/PROYECTOS/park/node_modules/chai/index.js:1700:25)"}}
{"timestamp":"2026-02-04T03:18:51.667Z","level":"error","event":"TENANT_SESSIONSTORAGE_CLEAR_FAILED","message":"Failed to clear sessionStorage for tenant: Q.m","context":{"tenant_id":"Q.m"},"error":{"name":"TenantValidationError","message":"Invalid tenant_id format: Q.m. Expected UUID format.","stack":"TenantValidationError: Invalid tenant_id format: Q.m. Expected UUID format.\n    at validateTenantId (E:/FREECLOUD/FREECLOUD-IA/PROYECTOS/park/src/core/indexeddb/tenant-validation.ts:65:15)\n    at clearTenantSessionStorage (E:/FREECLOUD/FREECLOUD-IA/PROYECTOS/park/src/core/indexeddb/tenant-switching.ts:332:9)\n    at E:/FREECLOUD/FREECLOUD-IA/PROYECTOS/park/src/core/indexeddb/__tests__/tenant-switching.property.test.ts:261:30\n    at Proxy.assertThrows (file:///E:/FREECLOUD/FREECLOUD-IA/PROYECTOS/park/node_modules/chai/index.js:2798:5)\n    at Proxy.methodWrapper (file:///E:/FREECLOUD/FREECLOUD-IA/PROYECTOS/park/node_modules/chai/index.js:1700:25)\n    at Proxy.<anonymous> (file:///E:/FREECLOUD/FREECLOUD-IA/PROYECTOS/park/node_modules/@vitest/expect/dist/index.js:1149:12)\n    at Proxy.overwritingMethodWrapper (file:///E:/FREECLOUD/FREECLOUD-IA/PROYECTOS/park/node_modules/chai/index.js:1750:33)\n    at Proxy.<anonymous> (file:///E:/FREECLOUD/FREECLOUD-IA/PROYECTOS/park/node_modules/@vitest/expect/dist/index.js:1485:16)\n    at Proxy.<anonymous> (file:///E:/FREECLOUD/FREECLOUD-IA/PROYECTOS/park/node_modules/@vitest/expect/dist/index.js:1090:14)\n    at Proxy.methodWrapper (file:///E:/FREECLOUD/FREECLOUD-IA/PROYECTOS/park/node_modules/chai/index.js:1700:25)"}}
{"timestamp":"2026-02-04T03:18:51.667Z","level":"error","event":"TENANT_LOCALSTORAGE_CLEAR_FAILED","message":"Failed to clear localStorage for tenant: led<%b","context":{"tenant_id":"led<%b"},"error":{"name":"TenantValidationError","message":"Invalid tenant_id format: led<%b. Expected UUID format.","stack":"TenantValidationError: Invalid tenant_id format: led<%b. Expected UUID format.\n    at validateTenantId (E:/FREECLOUD/FREECLOUD-IA/PROYECTOS/park/src/core/indexeddb/tenant-validation.ts:65:15)\n    at clearTenantLocalStorage (E:/FREECLOUD/FREECLOUD-IA/PROYECTOS/park/src/core/indexeddb/tenant-switching.ts:273:9)\n    at E:/FREECLOUD/FREECLOUD-IA/PROYECTOS/park/src/core/indexeddb/__tests__/tenant-switching.property.test.ts:260:30\n    at Proxy.assertThrows (file:///E:/FREECLOUD/FREECLOUD-IA/PROYECTOS/park/node_modules/chai/index.js:2798:5)\n    at Proxy.methodWrapper (file:///E:/FREECLOUD/FREECLOUD-IA/PROYECTOS/park/node_modules/chai/index.js:1700:25)\n    at Proxy.<anonymous> (file:///E:/FREECLOUD/FREECLOUD-IA/PROYECTOS/park/node_modules/@vitest/expect/dist/index.js:1149:12)\n    at Proxy.overwritingMethodWrapper (file:///E:/FREECLOUD/FREECLOUD-IA/PROYECTOS/park/node_modules/chai/index.js:1750:33)\n    at Proxy.<anonymous> (file:///E:/FREECLOUD/FREECLOUD-IA/PROYECTOS/park/node_modules/@vitest/expect/dist/index.js:1485:16)\n    at Proxy.<anonymous> (file:///E:/FREECLOUD/FREECLOUD-IA/PROYECTOS/park/node_modules/@vitest/expect/dist/index.js:1090:14)\n    at Proxy.methodWrapper (file:///E:/FREECLOUD/FREECLOUD-IA/PROYECTOS/park/node_modules/chai/index.js:1700:25)"}}
{"timestamp":"2026-02-04T03:18:51.667Z","level":"error","event":"TENANT_SESSIONSTORAGE_CLEAR_FAILED","message":"Failed to clear sessionStorage for tenant: led<%b","context":{"tenant_id":"led<%b"},"error":{"name":"TenantValidationError","message":"Invalid tenant_id format: led<%b. Expected UUID format.","stack":"TenantValidationError: Invalid tenant_id format: led<%b. Expected UUID format.\n    at validateTenantId (E:/FREECLOUD/FREECLOUD-IA/PROYECTOS/park/src/core/indexeddb/tenant-validation.ts:65:15)\n    at clearTenantSessionStorage (E:/FREECLOUD/FREECLOUD-IA/PROYECTOS/park/src/core/indexeddb/tenant-switching.ts:332:9)\n    at E:/FREECLOUD/FREECLOUD-IA/PROYECTOS/park/src/core/indexeddb/__tests__/tenant-switching.property.test.ts:261:30\n    at Proxy.assertThrows (file:///E:/FREECLOUD/FREECLOUD-IA/PROYECTOS/park/node_modules/chai/index.js:2798:5)\n    at Proxy.methodWrapper (file:///E:/FREECLOUD/FREECLOUD-IA/PROYECTOS/park/node_modules/chai/index.js:1700:25)\n    at Proxy.<anonymous> (file:///E:/FREECLOUD/FREECLOUD-IA/PROYECTOS/park/node_modules/@vitest/expect/dist/index.js:1149:12)\n    at Proxy.overwritingMethodWrapper (file:///E:/FREECLOUD/FREECLOUD-IA/PROYECTOS/park/node_modules/chai/index.js:1750:33)\n    at Proxy.<anonymous> (file:///E:/FREECLOUD/FREECLOUD-IA/PROYECTOS/park/node_modules/@vitest/expect/dist/index.js:1485:16)\n    at Proxy.<anonymous> (file:///E:/FREECLOUD/FREECLOUD-IA/PROYECTOS/park/node_modules/@vitest/expect/dist/index.js:1090:14)\n    at Proxy.methodWrapper (file:///E:/FREECLOUD/FREECLOUD-IA/PROYECTOS/park/node_modules/chai/index.js:1700:25)"}}
{"timestamp":"2026-02-04T03:18:51.668Z","level":"error","event":"TENANT_LOCALSTORAGE_CLEAR_FAILED","message":"Failed to clear localStorage for tenant: YKd[BXZ","context":{"tenant_id":"YKd[BXZ"},"error":{"name":"TenantValidationError","message":"Invalid tenant_id format: YKd[BXZ. Expected UUID format.","stack":"TenantValidationError: Invalid tenant_id format: YKd[BXZ. Expected UUID format.\n    at validateTenantId (E:/FREECLOUD/FREECLOUD-IA/PROYECTOS/park/src/core/indexeddb/tenant-validation.ts:65:15)\n    at clearTenantLocalStorage (E:/FREECLOUD/FREECLOUD-IA/PROYECTOS/park/src/core/indexeddb/tenant-switching.ts:273:9)\n    at E:/FREECLOUD/FREECLOUD-IA/PROYECTOS/park/src/core/indexeddb/__tests__/tenant-switching.property.test.ts:260:30\n    at Proxy.assertThrows (file:///E:/FREECLOUD/FREECLOUD-IA/PROYECTOS/park/node_modules/chai/index.js:2798:5)\n    at Proxy.methodWrapper (file:///E:/FREECLOUD/FREECLOUD-IA/PROYECTOS/park/node_modules/chai/index.js:1700:25)\n    at Proxy.<anonymous> (file:///E:/FREECLOUD/FREECLOUD-IA/PROYECTOS/park/node_modules/@vitest/expect/dist/index.js:1149:12)\n    at Proxy.overwritingMethodWrapper (file:///E:/FREECLOUD/FREECLOUD-IA/PROYECTOS/park/node_modules/chai/index.js:1750:33)\n    at Proxy.<anonymous> (file:///E:/FREECLOUD/FREECLOUD-IA/PROYECTOS/park/node_modules/@vitest/expect/dist/index.js:1485:16)\n    at Proxy.<anonymous> (file:///E:/FREECLOUD/FREECLOUD-IA/PROYECTOS/park/node_modules/@vitest/expect/dist/index.js:1090:14)\n    at Proxy.methodWrapper (file:///E:/FREECLOUD/FREECLOUD-IA/PROYECTOS/park/node_modules/chai/index.js:1700:25)"}}
{"timestamp":"2026-02-04T03:18:51.668Z","level":"error","event":"TENANT_SESSIONSTORAGE_CLEAR_FAILED","message":"Failed to clear sessionStorage for tenant: YKd[BXZ","context":{"tenant_id":"YKd[BXZ"},"error":{"name":"TenantValidationError","message":"Invalid tenant_id format: YKd[BXZ. Expected UUID format.","stack":"TenantValidationError: Invalid tenant_id format: YKd[BXZ. Expected UUID format.\n    at validateTenantId (E:/FREECLOUD/FREECLOUD-IA/PROYECTOS/park/src/core/indexeddb/tenant-validation.ts:65:15)\n    at clearTenantSessionStorage (E:/FREECLOUD/FREECLOUD-IA/PROYECTOS/park/src/core/indexeddb/tenant-switching.ts:332:9)\n    at E:/FREECLOUD/FREECLOUD-IA/PROYECTOS/park/src/core/indexeddb/__tests__/tenant-switching.property.test.ts:261:30\n    at Proxy.assertThrows (file:///E:/FREECLOUD/FREECLOUD-IA/PROYECTOS/park/node_modules/chai/index.js:2798:5)\n    at Proxy.methodWrapper (file:///E:/FREECLOUD/FREECLOUD-IA/PROYECTOS/park/node_modules/chai/index.js:1700:25)\n    at Proxy.<anonymous> (file:///E:/FREECLOUD/FREECLOUD-IA/PROYECTOS/park/node_modules/@vitest/expect/dist/index.js:1149:12)\n    at Proxy.overwritingMethodWrapper (file:///E:/FREECLOUD/FREECLOUD-IA/PROYECTOS/park/node_modules/chai/index.js:1750:33)\n    at Proxy.<anonymous> (file:///E:/FREECLOUD/FREECLOUD-IA/PROYECTOS/park/node_modules/@vitest/expect/dist/index.js:1485:16)\n    at Proxy.<anonymous> (file:///E:/FREECLOUD/FREECLOUD-IA/PROYECTOS/park/node_modules/@vitest/expect/dist/index.js:1090:14)\n    at Proxy.methodWrapper (file:///E:/FREECLOUD/FREECLOUD-IA/PROYECTOS/park/node_modules/chai/index.js:1700:25)"}}
{"timestamp":"2026-02-04T03:18:51.669Z","level":"error","event":"TENANT_LOCALSTORAGE_CLEAR_FAILED","message":"Failed to clear localStorage for tenant: <!P88K","context":{"tenant_id":"<!P88K"},"error":{"name":"TenantValidationError","message":"Invalid tenant_id format: <!P88K. Expected UUID format.","stack":"TenantValidationError: Invalid tenant_id format: <!P88K. Expected UUID format.\n    at validateTenantId (E:/FREECLOUD/FREECLOUD-IA/PROYECTOS/park/src/core/indexeddb/tenant-validation.ts:65:15)\n    at clearTenantLocalStorage (E:/FREECLOUD/FREECLOUD-IA/PROYECTOS/park/src/core/indexeddb/tenant-switching.ts:273:9)\n    at E:/FREECLOUD/FREECLOUD-IA/PROYECTOS/park/src/core/indexeddb/__tests__/tenant-switching.property.test.ts:260:30\n    at Proxy.assertThrows (file:///E:/FREECLOUD/FREECLOUD-IA/PROYECTOS/park/node_modules/chai/index.js:2798:5)\n    at Proxy.methodWrapper (file:///E:/FREECLOUD/FREECLOUD-IA/PROYECTOS/park/node_modules/chai/index.js:1700:25)\n    at Proxy.<anonymous> (file:///E:/FREECLOUD/FREECLOUD-IA/PROYECTOS/park/node_modules/@vitest/expect/dist/index.js:1149:12)\n    at Proxy.overwritingMethodWrapper (file:///E:/FREECLOUD/FREECLOUD-IA/PROYECTOS/park/node_modules/chai/index.js:1750:33)\n    at Proxy.<anonymous> (file:///E:/FREECLOUD/FREECLOUD-IA/PROYECTOS/park/node_modules/@vitest/expect/dist/index.js:1485:16)\n    at Proxy.<anonymous> (file:///E:/FREECLOUD/FREECLOUD-IA/PROYECTOS/park/node_modules/@vitest/expect/dist/index.js:1090:14)\n    at Proxy.methodWrapper (file:///E:/FREECLOUD/FREECLOUD-IA/PROYECTOS/park/node_modules/chai/index.js:1700:25)"}}
{"timestamp":"2026-02-04T03:18:51.669Z","level":"error","event":"TENANT_SESSIONSTORAGE_CLEAR_FAILED","message":"Failed to clear sessionStorage for tenant: <!P88K","context":{"tenant_id":"<!P88K"},"error":{"name":"TenantValidationError","message":"Invalid tenant_id format: <!P88K. Expected UUID format.","stack":"TenantValidationError: Invalid tenant_id format: <!P88K. Expected UUID format.\n    at validateTenantId (E:/FREECLOUD/FREECLOUD-IA/PROYECTOS/park/src/core/indexeddb/tenant-validation.ts:65:15)\n    at clearTenantSessionStorage (E:/FREECLOUD/FREECLOUD-IA/PROYECTOS/park/src/core/indexeddb/tenant-switching.ts:332:9)\n    at E:/FREECLOUD/FREECLOUD-IA/PROYECTOS/park/src/core/indexeddb/__tests__/tenant-switching.property.test.ts:261:30\n    at Proxy.assertThrows (file:///E:/FREECLOUD/FREECLOUD-IA/PROYECTOS/park/node_modules/chai/index.js:2798:5)\n    at Proxy.methodWrapper (file:///E:/FREECLOUD/FREECLOUD-IA/PROYECTOS/park/node_modules/chai/index.js:1700:25)\n    at Proxy.<anonymous> (file:///E:/FREECLOUD/FREECLOUD-IA/PROYECTOS/park/node_modules/@vitest/expect/dist/index.js:1149:12)\n    at Proxy.overwritingMethodWrapper (file:///E:/FREECLOUD/FREECLOUD-IA/PROYECTOS/park/node_modules/chai/index.js:1750:33)\n    at Proxy.<anonymous> (file:///E:/FREECLOUD/FREECLOUD-IA/PROYECTOS/park/node_modules/@vitest/expect/dist/index.js:1485:16)\n    at Proxy.<anonymous> (file:///E:/FREECLOUD/FREECLOUD-IA/PROYECTOS/park/node_modules/@vitest/expect/dist/index.js:1090:14)\n    at Proxy.methodWrapper (file:///E:/FREECLOUD/FREECLOUD-IA/PROYECTOS/park/node_modules/chai/index.js:1700:25)"}}
{"timestamp":"2026-02-04T03:18:51.670Z","level":"error","event":"TENANT_LOCALSTORAGE_CLEAR_FAILED","message":"Failed to clear localStorage for tenant: ,x7j;%EU","context":{"tenant_id":",x7j;%EU"},"error":{"name":"TenantValidationError","message":"Invalid tenant_id format: ,x7j;%EU. Expected UUID format.","stack":"TenantValidationError: Invalid tenant_id format: ,x7j;%EU. Expected UUID format.\n    at validateTenantId (E:/FREECLOUD/FREECLOUD-IA/PROYECTOS/park/src/core/indexeddb/tenant-validation.ts:65:15)\n    at clearTenantLocalStorage (E:/FREECLOUD/FREECLOUD-IA/PROYECTOS/park/src/core/indexeddb/tenant-switching.ts:273:9)\n    at E:/FREECLOUD/FREECLOUD-IA/PROYECTOS/park/src/core/indexeddb/__tests__/tenant-switching.property.test.ts:260:30\n    at Proxy.assertThrows (file:///E:/FREECLOUD/FREECLOUD-IA/PROYECTOS/park/node_modules/chai/index.js:2798:5)\n    at Proxy.methodWrapper (file:///E:/FREECLOUD/FREECLOUD-IA/PROYECTOS/park/node_modules/chai/index.js:1700:25)\n    at Proxy.<anonymous> (file:///E:/FREECLOUD/FREECLOUD-IA/PROYECTOS/park/node_modules/@vitest/expect/dist/index.js:1149:12)\n    at Proxy.overwritingMethodWrapper (file:///E:/FREECLOUD/FREECLOUD-IA/PROYECTOS/park/node_modules/chai/index.js:1750:33)\n    at Proxy.<anonymous> (file:///E:/FREECLOUD/FREECLOUD-IA/PROYECTOS/park/node_modules/@vitest/expect/dist/index.js:1485:16)\n    at Proxy.<anonymous> (file:///E:/FREECLOUD/FREECLOUD-IA/PROYECTOS/park/node_modules/@vitest/expect/dist/index.js:1090:14)\n    at Proxy.methodWrapper (file:///E:/FREECLOUD/FREECLOUD-IA/PROYECTOS/park/node_modules/chai/index.js:1700:25)"}}
{"timestamp":"2026-02-04T03:18:51.670Z","level":"error","event":"TENANT_SESSIONSTORAGE_CLEAR_FAILED","message":"Failed to clear sessionStorage for tenant: ,x7j;%EU","context":{"tenant_id":",x7j;%EU"},"error":{"name":"TenantValidationError","message":"Invalid tenant_id format: ,x7j;%EU. Expected UUID format.","stack":"TenantValidationError: Invalid tenant_id format: ,x7j;%EU. Expected UUID format.\n    at validateTenantId (E:/FREECLOUD/FREECLOUD-IA/PROYECTOS/park/src/core/indexeddb/tenant-validation.ts:65:15)\n    at clearTenantSessionStorage (E:/FREECLOUD/FREECLOUD-IA/PROYECTOS/park/src/core/indexeddb/tenant-switching.ts:332:9)\n    at E:/FREECLOUD/FREECLOUD-IA/PROYECTOS/park/src/core/indexeddb/__tests__/tenant-switching.property.test.ts:261:30\n    at Proxy.assertThrows (file:///E:/FREECLOUD/FREECLOUD-IA/PROYECTOS/park/node_modules/chai/index.js:2798:5)\n    at Proxy.methodWrapper (file:///E:/FREECLOUD/FREECLOUD-IA/PROYECTOS/park/node_modules/chai/index.js:1700:25)\n    at Proxy.<anonymous> (file:///E:/FREECLOUD/FREECLOUD-IA/PROYECTOS/park/node_modules/@vitest/expect/dist/index.js:1149:12)\n    at Proxy.overwritingMethodWrapper (file:///E:/FREECLOUD/FREECLOUD-IA/PROYECTOS/park/node_modules/chai/index.js:1750:33)\n    at Proxy.<anonymous> (file:///E:/FREECLOUD/FREECLOUD-IA/PROYECTOS/park/node_modules/@vitest/expect/dist/index.js:1485:16)\n    at Proxy.<anonymous> (file:///E:/FREECLOUD/FREECLOUD-IA/PROYECTOS/park/node_modules/@vitest/expect/dist/index.js:1090:14)\n    at Proxy.methodWrapper (file:///E:/FREECLOUD/FREECLOUD-IA/PROYECTOS/park/node_modules/chai/index.js:1700:25)"}}
{"timestamp":"2026-02-04T03:18:51.672Z","level":"error","event":"TENANT_LOCALSTORAGE_CLEAR_FAILED","message":"Failed to clear localStorage for tenant: ic_rWDr~da,o","context":{"tenant_id":"ic_rWDr~da,o"},"error":{"name":"TenantValidationError","message":"Invalid tenant_id format: ic_rWDr~da,o. Expected UUID format.","stack":"TenantValidationError: Invalid tenant_id format: ic_rWDr~da,o. Expected UUID format.\n    at validateTenantId (E:/FREECLOUD/FREECLOUD-IA/PROYECTOS/park/src/core/indexeddb/tenant-validation.ts:65:15)\n    at clearTenantLocalStorage (E:/FREECLOUD/FREECLOUD-IA/PROYECTOS/park/src/core/indexeddb/tenant-switching.ts:273:9)\n    at E:/FREECLOUD/FREECLOUD-IA/PROYECTOS/park/src/core/indexeddb/__tests__/tenant-switching.property.test.ts:260:30\n    at Proxy.assertThrows (file:///E:/FREECLOUD/FREECLOUD-IA/PROYECTOS/park/node_modules/chai/index.js:2798:5)\n    at Proxy.methodWrapper (file:///E:/FREECLOUD/FREECLOUD-IA/PROYECTOS/park/node_modules/chai/index.js:1700:25)\n    at Proxy.<anonymous> (file:///E:/FREECLOUD/FREECLOUD-IA/PROYECTOS/park/node_modules/@vitest/expect/dist/index.js:1149:12)\n    at Proxy.overwritingMethodWrapper (file:///E:/FREECLOUD/FREECLOUD-IA/PROYECTOS/park/node_modules/chai/index.js:1750:33)\n    at Proxy.<anonymous> (file:///E:/FREECLOUD/FREECLOUD-IA/PROYECTOS/park/node_modules/@vitest/expect/dist/index.js:1485:16)\n    at Proxy.<anonymous> (file:///E:/FREECLOUD/FREECLOUD-IA/PROYECTOS/park/node_modules/@vitest/expect/dist/index.js:1090:14)\n    at Proxy.methodWrapper (file:///E:/FREECLOUD/FREECLOUD-IA/PROYECTOS/park/node_modules/chai/index.js:1700:25)"}}
{"timestamp":"2026-02-04T03:18:51.672Z","level":"error","event":"TENANT_SESSIONSTORAGE_CLEAR_FAILED","message":"Failed to clear sessionStorage for tenant: ic_rWDr~da,o","context":{"tenant_id":"ic_rWDr~da,o"},"error":{"name":"TenantValidationError","message":"Invalid tenant_id format: ic_rWDr~da,o. Expected UUID format.","stack":"TenantValidationError: Invalid tenant_id format: ic_rWDr~da,o. Expected UUID format.\n    at validateTenantId (E:/FREECLOUD/FREECLOUD-IA/PROYECTOS/park/src/core/indexeddb/tenant-validation.ts:65:15)\n    at clearTenantSessionStorage (E:/FREECLOUD/FREECLOUD-IA/PROYECTOS/park/src/core/indexeddb/tenant-switching.ts:332:9)\n    at E:/FREECLOUD/FREECLOUD-IA/PROYECTOS/park/src/core/indexeddb/__tests__/tenant-switching.property.test.ts:261:30\n    at Proxy.assertThrows (file:///E:/FREECLOUD/FREECLOUD-IA/PROYECTOS/park/node_modules/chai/index.js:2798:5)\n    at Proxy.methodWrapper (file:///E:/FREECLOUD/FREECLOUD-IA/PROYECTOS/park/node_modules/chai/index.js:1700:25)\n    at Proxy.<anonymous> (file:///E:/FREECLOUD/FREECLOUD-IA/PROYECTOS/park/node_modules/@vitest/expect/dist/index.js:1149:12)\n    at Proxy.overwritingMethodWrapper (file:///E:/FREECLOUD/FREECLOUD-IA/PROYECTOS/park/node_modules/chai/index.js:1750:33)\n    at Proxy.<anonymous> (file:///E:/FREECLOUD/FREECLOUD-IA/PROYECTOS/park/node_modules/@vitest/expect/dist/index.js:1485:16)\n    at Proxy.<anonymous> (file:///E:/FREECLOUD/FREECLOUD-IA/PROYECTOS/park/node_modules/@vitest/expect/dist/index.js:1090:14)\n    at Proxy.methodWrapper (file:///E:/FREECLOUD/FREECLOUD-IA/PROYECTOS/park/node_modules/chai/index.js:1700:25)"}}
{"timestamp":"2026-02-04T03:18:51.673Z","level":"error","event":"TENANT_LOCALSTORAGE_CLEAR_FAILED","message":"Failed to clear localStorage for tenant:  \"L}\\z3Ap%","context":{"tenant_id":" \"L}\\z3Ap%"},"error":{"name":"TenantValidationError","message":"Invalid tenant_id format:  \"L}\\z3Ap%. Expected UUID format.","stack":"TenantValidationError: Invalid tenant_id format:  \"L}\\z3Ap%. Expected UUID format.\n    at validateTenantId (E:/FREECLOUD/FREECLOUD-IA/PROYECTOS/park/src/core/indexeddb/tenant-validation.ts:65:15)\n    at clearTenantLocalStorage (E:/FREECLOUD/FREECLOUD-IA/PROYECTOS/park/src/core/indexeddb/tenant-switching.ts:273:9)\n    at E:/FREECLOUD/FREECLOUD-IA/PROYECTOS/park/src/core/indexeddb/__tests__/tenant-switching.property.test.ts:260:30\n    at Proxy.assertThrows (file:///E:/FREECLOUD/FREECLOUD-IA/PROYECTOS/park/node_modules/chai/index.js:2798:5)\n    at Proxy.methodWrapper (file:///E:/FREECLOUD/FREECLOUD-IA/PROYECTOS/park/node_modules/chai/index.js:1700:25)\n    at Proxy.<anonymous> (file:///E:/FREECLOUD/FREECLOUD-IA/PROYECTOS/park/node_modules/@vitest/expect/dist/index.js:1149:12)\n    at Proxy.overwritingMethodWrapper (file:///E:/FREECLOUD/FREECLOUD-IA/PROYECTOS/park/node_modules/chai/index.js:1750:33)\n    at Proxy.<anonymous> (file:///E:/FREECLOUD/FREECLOUD-IA/PROYECTOS/park/node_modules/@vitest/expect/dist/index.js:1485:16)\n    at Proxy.<anonymous> (file:///E:/FREECLOUD/FREECLOUD-IA/PROYECTOS/park/node_modules/@vitest/expect/dist/index.js:1090:14)\n    at Proxy.methodWrapper (file:///E:/FREECLOUD/FREECLOUD-IA/PROYECTOS/park/node_modules/chai/index.js:1700:25)"}}
{"timestamp":"2026-02-04T03:18:51.673Z","level":"error","event":"TENANT_SESSIONSTORAGE_CLEAR_FAILED","message":"Failed to clear sessionStorage for tenant:  \"L}\\z3Ap%","context":{"tenant_id":" \"L}\\z3Ap%"},"error":{"name":"TenantValidationError","message":"Invalid tenant_id format:  \"L}\\z3Ap%. Expected UUID format.","stack":"TenantValidationError: Invalid tenant_id format:  \"L}\\z3Ap%. Expected UUID format.\n    at validateTenantId (E:/FREECLOUD/FREECLOUD-IA/PROYECTOS/park/src/core/indexeddb/tenant-validation.ts:65:15)\n    at clearTenantSessionStorage (E:/FREECLOUD/FREECLOUD-IA/PROYECTOS/park/src/core/indexeddb/tenant-switching.ts:332:9)\n    at E:/FREECLOUD/FREECLOUD-IA/PROYECTOS/park/src/core/indexeddb/__tests__/tenant-switching.property.test.ts:261:30\n    at Proxy.assertThrows (file:///E:/FREECLOUD/FREECLOUD-IA/PROYECTOS/park/node_modules/chai/index.js:2798:5)\n    at Proxy.methodWrapper (file:///E:/FREECLOUD/FREECLOUD-IA/PROYECTOS/park/node_modules/chai/index.js:1700:25)\n    at Proxy.<anonymous> (file:///E:/FREECLOUD/FREECLOUD-IA/PROYECTOS/park/node_modules/@vitest/expect/dist/index.js:1149:12)\n    at Proxy.overwritingMethodWrapper (file:///E:/FREECLOUD/FREECLOUD-IA/PROYECTOS/park/node_modules/chai/index.js:1750:33)\n    at Proxy.<anonymous> (file:///E:/FREECLOUD/FREECLOUD-IA/PROYECTOS/park/node_modules/@vitest/expect/dist/index.js:1485:16)\n    at Proxy.<anonymous> (file:///E:/FREECLOUD/FREECLOUD-IA/PROYECTOS/park/node_modules/@vitest/expect/dist/index.js:1090:14)\n    at Proxy.methodWrapper (file:///E:/FREECLOUD/FREECLOUD-IA/PROYECTOS/park/node_modules/chai/index.js:1700:25)"}}
{"timestamp":"2026-02-04T03:18:51.674Z","level":"error","event":"TENANT_LOCALSTORAGE_CLEAR_FAILED","message":"Failed to clear localStorage for tenant: \"m","context":{"tenant_id":"\"m"},"error":{"name":"TenantValidationError","message":"Invalid tenant_id format: \"m. Expected UUID format.","stack":"TenantValidationError: Invalid tenant_id format: \"m. Expected UUID format.\n    at validateTenantId (E:/FREECLOUD/FREECLOUD-IA/PROYECTOS/park/src/core/indexeddb/tenant-validation.ts:65:15)\n    at clearTenantLocalStorage (E:/FREECLOUD/FREECLOUD-IA/PROYECTOS/park/src/core/indexeddb/tenant-switching.ts:273:9)\n    at E:/FREECLOUD/FREECLOUD-IA/PROYECTOS/park/src/core/indexeddb/__tests__/tenant-switching.property.test.ts:260:30\n    at Proxy.assertThrows (file:///E:/FREECLOUD/FREECLOUD-IA/PROYECTOS/park/node_modules/chai/index.js:2798:5)\n    at Proxy.methodWrapper (file:///E:/FREECLOUD/FREECLOUD-IA/PROYECTOS/park/node_modules/chai/index.js:1700:25)\n    at Proxy.<anonymous> (file:///E:/FREECLOUD/FREECLOUD-IA/PROYECTOS/park/node_modules/@vitest/expect/dist/index.js:1149:12)\n    at Proxy.overwritingMethodWrapper (file:///E:/FREECLOUD/FREECLOUD-IA/PROYECTOS/park/node_modules/chai/index.js:1750:33)\n    at Proxy.<anonymous> (file:///E:/FREECLOUD/FREECLOUD-IA/PROYECTOS/park/node_modules/@vitest/expect/dist/index.js:1485:16)\n    at Proxy.<anonymous> (file:///E:/FREECLOUD/FREECLOUD-IA/PROYECTOS/park/node_modules/@vitest/expect/dist/index.js:1090:14)\n    at Proxy.methodWrapper (file:///E:/FREECLOUD/FREECLOUD-IA/PROYECTOS/park/node_modules/chai/index.js:1700:25)"}}
{"timestamp":"2026-02-04T03:18:51.674Z","level":"error","event":"TENANT_SESSIONSTORAGE_CLEAR_FAILED","message":"Failed to clear sessionStorage for tenant: \"m","context":{"tenant_id":"\"m"},"error":{"name":"TenantValidationError","message":"Invalid tenant_id format: \"m. Expected UUID format.","stack":"TenantValidationError: Invalid tenant_id format: \"m. Expected UUID format.\n    at validateTenantId (E:/FREECLOUD/FREECLOUD-IA/PROYECTOS/park/src/core/indexeddb/tenant-validation.ts:65:15)\n    at clearTenantSessionStorage (E:/FREECLOUD/FREECLOUD-IA/PROYECTOS/park/src/core/indexeddb/tenant-switching.ts:332:9)\n    at E:/FREECLOUD/FREECLOUD-IA/PROYECTOS/park/src/core/indexeddb/__tests__/tenant-switching.property.test.ts:261:30\n    at Proxy.assertThrows (file:///E:/FREECLOUD/FREECLOUD-IA/PROYECTOS/park/node_modules/chai/index.js:2798:5)\n    at Proxy.methodWrapper (file:///E:/FREECLOUD/FREECLOUD-IA/PROYECTOS/park/node_modules/chai/index.js:1700:25)\n    at Proxy.<anonymous> (file:///E:/FREECLOUD/FREECLOUD-IA/PROYECTOS/park/node_modules/@vitest/expect/dist/index.js:1149:12)\n    at Proxy.overwritingMethodWrapper (file:///E:/FREECLOUD/FREECLOUD-IA/PROYECTOS/park/node_modules/chai/index.js:1750:33)\n    at Proxy.<anonymous> (file:///E:/FREECLOUD/FREECLOUD-IA/PROYECTOS/park/node_modules/@vitest/expect/dist/index.js:1485:16)\n    at Proxy.<anonymous> (file:///E:/FREECLOUD/FREECLOUD-IA/PROYECTOS/park/node_modules/@vitest/expect/dist/index.js:1090:14)\n    at Proxy.methodWrapper (file:///E:/FREECLOUD/FREECLOUD-IA/PROYECTOS/park/node_modules/chai/index.js:1700:25)"}}
{"timestamp":"2026-02-04T03:18:51.674Z","level":"error","event":"TENANT_LOCALSTORAGE_CLEAR_FAILED","message":"Failed to clear localStorage for tenant: #4yX!\"x{F","context":{"tenant_id":"#4yX!\"x{F"},"error":{"name":"TenantValidationError","message":"Invalid tenant_id format: #4yX!\"x{F. Expected UUID format.","stack":"TenantValidationError: Invalid tenant_id format: #4yX!\"x{F. Expected UUID format.\n    at validateTenantId (E:/FREECLOUD/FREECLOUD-IA/PROYECTOS/park/src/core/indexeddb/tenant-validation.ts:65:15)\n    at clearTenantLocalStorage (E:/FREECLOUD/FREECLOUD-IA/PROYECTOS/park/src/core/indexeddb/tenant-switching.ts:273:9)\n    at E:/FREECLOUD/FREECLOUD-IA/PROYECTOS/park/src/core/indexeddb/__tests__/tenant-switching.property.test.ts:260:30\n    at Proxy.assertThrows (file:///E:/FREECLOUD/FREECLOUD-IA/PROYECTOS/park/node_modules/chai/index.js:2798:5)\n    at Proxy.methodWrapper (file:///E:/FREECLOUD/FREECLOUD-IA/PROYECTOS/park/node_modules/chai/index.js:1700:25)\n    at Proxy.<anonymous> (file:///E:/FREECLOUD/FREECLOUD-IA/PROYECTOS/park/node_modules/@vitest/expect/dist/index.js:1149:12)\n    at Proxy.overwritingMethodWrapper (file:///E:/FREECLOUD/FREECLOUD-IA/PROYECTOS/park/node_modules/chai/index.js:1750:33)\n    at Proxy.<anonymous> (file:///E:/FREECLOUD/FREECLOUD-IA/PROYECTOS/park/node_modules/@vitest/expect/dist/index.js:1485:16)\n    at Proxy.<anonymous> (file:///E:/FREECLOUD/FREECLOUD-IA/PROYECTOS/park/node_modules/@vitest/expect/dist/index.js:1090:14)\n    at Proxy.methodWrapper (file:///E:/FREECLOUD/FREECLOUD-IA/PROYECTOS/park/node_modules/chai/index.js:1700:25)"}}
{"timestamp":"2026-02-04T03:18:51.675Z","level":"error","event":"TENANT_SESSIONSTORAGE_CLEAR_FAILED","message":"Failed to clear sessionStorage for tenant: #4yX!\"x{F","context":{"tenant_id":"#4yX!\"x{F"},"error":{"name":"TenantValidationError","message":"Invalid tenant_id format: #4yX!\"x{F. Expected UUID format.","stack":"TenantValidationError: Invalid tenant_id format: #4yX!\"x{F. Expected UUID format.\n    at validateTenantId (E:/FREECLOUD/FREECLOUD-IA/PROYECTOS/park/src/core/indexeddb/tenant-validation.ts:65:15)\n    at clearTenantSessionStorage (E:/FREECLOUD/FREECLOUD-IA/PROYECTOS/park/src/core/indexeddb/tenant-switching.ts:332:9)\n    at E:/FREECLOUD/FREECLOUD-IA/PROYECTOS/park/src/core/indexeddb/__tests__/tenant-switching.property.test.ts:261:30\n    at Proxy.assertThrows (file:///E:/FREECLOUD/FREECLOUD-IA/PROYECTOS/park/node_modules/chai/index.js:2798:5)\n    at Proxy.methodWrapper (file:///E:/FREECLOUD/FREECLOUD-IA/PROYECTOS/park/node_modules/chai/index.js:1700:25)\n    at Proxy.<anonymous> (file:///E:/FREECLOUD/FREECLOUD-IA/PROYECTOS/park/node_modules/@vitest/expect/dist/index.js:1149:12)\n    at Proxy.overwritingMethodWrapper (file:///E:/FREECLOUD/FREECLOUD-IA/PROYECTOS/park/node_modules/chai/index.js:1750:33)\n    at Proxy.<anonymous> (file:///E:/FREECLOUD/FREECLOUD-IA/PROYECTOS/park/node_modules/@vitest/expect/dist/index.js:1485:16)\n    at Proxy.<anonymous> (file:///E:/FREECLOUD/FREECLOUD-IA/PROYECTOS/park/node_modules/@vitest/expect/dist/index.js:1090:14)\n    at Proxy.methodWrapper (file:///E:/FREECLOUD/FREECLOUD-IA/PROYECTOS/park/node_modules/chai/index.js:1700:25)"}}
{"timestamp":"2026-02-04T03:18:51.675Z","level":"error","event":"TENANT_LOCALSTORAGE_CLEAR_FAILED","message":"Failed to clear localStorage for tenant: ~","context":{"tenant_id":"~"},"error":{"name":"TenantValidationError","message":"Invalid tenant_id format: ~. Expected UUID format.","stack":"TenantValidationError: Invalid tenant_id format: ~. Expected UUID format.\n    at validateTenantId (E:/FREECLOUD/FREECLOUD-IA/PROYECTOS/park/src/core/indexeddb/tenant-validation.ts:65:15)\n    at clearTenantLocalStorage (E:/FREECLOUD/FREECLOUD-IA/PROYECTOS/park/src/core/indexeddb/tenant-switching.ts:273:9)\n    at E:/FREECLOUD/FREECLOUD-IA/PROYECTOS/park/src/core/indexeddb/__tests__/tenant-switching.property.test.ts:260:30\n    at Proxy.assertThrows (file:///E:/FREECLOUD/FREECLOUD-IA/PROYECTOS/park/node_modules/chai/index.js:2798:5)\n    at Proxy.methodWrapper (file:///E:/FREECLOUD/FREECLOUD-IA/PROYECTOS/park/node_modules/chai/index.js:1700:25)\n    at Proxy.<anonymous> (file:///E:/FREECLOUD/FREECLOUD-IA/PROYECTOS/park/node_modules/@vitest/expect/dist/index.js:1149:12)\n    at Proxy.overwritingMethodWrapper (file:///E:/FREECLOUD/FREECLOUD-IA/PROYECTOS/park/node_modules/chai/index.js:1750:33)\n    at Proxy.<anonymous> (file:///E:/FREECLOUD/FREECLOUD-IA/PROYECTOS/park/node_modules/@vitest/expect/dist/index.js:1485:16)\n    at Proxy.<anonymous> (file:///E:/FREECLOUD/FREECLOUD-IA/PROYECTOS/park/node_modules/@vitest/expect/dist/index.js:1090:14)\n    at Proxy.methodWrapper (file:///E:/FREECLOUD/FREECLOUD-IA/PROYECTOS/park/node_modules/chai/index.js:1700:25)"}}
{"timestamp":"2026-02-04T03:18:51.676Z","level":"error","event":"TENANT_SESSIONSTORAGE_CLEAR_FAILED","message":"Failed to clear sessionStorage for tenant: ~","context":{"tenant_id":"~"},"error":{"name":"TenantValidationError","message":"Invalid tenant_id format: ~. Expected UUID format.","stack":"TenantValidationError: Invalid tenant_id format: ~. Expected UUID format.\n    at validateTenantId (E:/FREECLOUD/FREECLOUD-IA/PROYECTOS/park/src/core/indexeddb/tenant-validation.ts:65:15)\n    at clearTenantSessionStorage (E:/FREECLOUD/FREECLOUD-IA/PROYECTOS/park/src/core/indexeddb/tenant-switching.ts:332:9)\n    at E:/FREECLOUD/FREECLOUD-IA/PROYECTOS/park/src/core/indexeddb/__tests__/tenant-switching.property.test.ts:261:30\n    at Proxy.assertThrows (file:///E:/FREECLOUD/FREECLOUD-IA/PROYECTOS/park/node_modules/chai/index.js:2798:5)\n    at Proxy.methodWrapper (file:///E:/FREECLOUD/FREECLOUD-IA/PROYECTOS/park/node_modules/chai/index.js:1700:25)\n    at Proxy.<anonymous> (file:///E:/FREECLOUD/FREECLOUD-IA/PROYECTOS/park/node_modules/@vitest/expect/dist/index.js:1149:12)\n    at Proxy.overwritingMethodWrapper (file:///E:/FREECLOUD/FREECLOUD-IA/PROYECTOS/park/node_modules/chai/index.js:1750:33)\n    at Proxy.<anonymous> (file:///E:/FREECLOUD/FREECLOUD-IA/PROYECTOS/park/node_modules/@vitest/expect/dist/index.js:1485:16)\n    at Proxy.<anonymous> (file:///E:/FREECLOUD/FREECLOUD-IA/PROYECTOS/park/node_modules/@vitest/expect/dist/index.js:1090:14)\n    at Proxy.methodWrapper (file:///E:/FREECLOUD/FREECLOUD-IA/PROYECTOS/park/node_modules/chai/index.js:1700:25)"}}

 [31mÔØ»[39m src/core/indexeddb/__tests__/tenant-switching.property.test.ts [2m([22m[2m7 tests[22m[2m | [22m[31m1 failed[39m[2m)[22m[32m 164[2mms[22m[39m
[31m     [31m├ù[31m should clear all previous tenant data when switching[39m[32m 72[2mms[22m[39m
     [32mÔ£ô[39m should maintain isolation between tenant data[32m 38[2mms[22m[39m
     [32mÔ£ô[39m should prevent switching to same tenant[32m 6[2mms[22m[39m
     [32mÔ£ô[39m should maintain active tenant state correctly[32m 6[2mms[22m[39m
     [32mÔ£ô[39m should clear sessionStorage on tenant switch[32m 7[2mms[22m[39m
     [32mÔ£ô[39m should handle invalid tenant IDs gracefully[32m 28[2mms[22m[39m
     [32mÔ£ô[39m should validate tenant IDs correctly[32m 3[2mms[22m[39m

ÔÄ»ÔÄ»ÔÄ»ÔÄ»ÔÄ»ÔÄ»ÔÄ» Failed Tests 1 ÔÄ»ÔÄ»ÔÄ»ÔÄ»ÔÄ»ÔÄ»ÔÄ»

 FAIL  src/core/indexeddb/__tests__/tenant-switching.property.test.ts > Property 21: Tenant Switch Clears Previous Data > should clear all previous tenant data when switching
Error: Property failed after 1 tests
{ seed: 447114399, path: "0:0:0:0:0:0:0:0:0:0:1:0:0:0:0:0:0:0:0:0:0:0:0:0:0:0:0:0:0:0:0:0:0:0:0:0:0:0:0:0:0:0:0:0:0:0:0:0:0:0:0:0:0:0:2:1:2:2:2:2", endOnFailure: true }
Counterexample: ["00000000-0000-0000-0000-000000000000","00000000-0000-0000-0000-000000000001",[["prev_ "," "]]]
Shrunk 59 time(s)

Hint: Enable verbose mode in order to have the list of all failing values encountered during the run
 ÔØ» buildError node_modules/fast-check/lib/check/runner/utils/RunDetailsFormatter.js:156:19
 ÔØ» throwIfFailed node_modules/fast-check/lib/check/runner/utils/RunDetailsFormatter.js:165:11
 ÔØ» reportRunDetails node_modules/fast-check/lib/check/runner/utils/RunDetailsFormatter.js:178:16
 ÔØ» Proxy.assert node_modules/fast-check/lib/check/runner/Runner.js:61:9
 ÔØ» src/core/indexeddb/__tests__/tenant-switching.property.test.ts:119:12
    117| 
    118|     it('should clear all previous tenant data when switching', () => {
    119|         fc.assert(
       |            ^
    120|             fc.property(
    121|                 validUuidArbitrary(),

Caused by: AssertionError: expected ' ' to be null

- Expected: 
null

+ Received: 
" "

 ÔØ» src/core/indexeddb/__tests__/tenant-switching.property.test.ts:143:59
 ÔØ» src/core/indexeddb/__tests__/tenant-switching.property.test.ts:142:30
 ÔØ» Property.predicate node_modules/fast-check/lib/check/property/Property.js:14:54
 ÔØ» Property.run node_modules/fast-check/lib/check/property/Property.generic.js:43:33
 ÔØ» runIt node_modules/fast-check/lib/check/runner/Runner.js:14:30
 ÔØ» check node_modules/fast-check/lib/check/runner/Runner.js:54:11
 ÔØ» Proxy.assert node_modules/fast-check/lib/check/runner/Runner.js:57:17
 ÔØ» src/core/indexeddb/__tests__/tenant-switching.property.test.ts:119:12

ÔÄ»ÔÄ»ÔÄ»ÔÄ»ÔÄ»ÔÄ»ÔÄ»ÔÄ»ÔÄ»ÔÄ»ÔÄ»ÔÄ»ÔÄ»ÔÄ»ÔÄ»ÔÄ»ÔÄ»ÔÄ»ÔÄ»ÔÄ»ÔÄ»ÔÄ»ÔÄ»ÔÄ»[1/1]ÔÄ»


[2m Test Files [22m [1m[31m1 failed[39m[22m[90m (1)[39m
[2m      Tests [22m [1m[31m1 failed[39m[22m[2m | [22m[1m[32m6 passed[39m[22m[90m (7)[39m
[2m   Start at [22m 22:18:50
[2m   Duration [22m 1.36s[2m (transform 207ms, setup 0ms, import 833ms, tests 164ms, environment 0ms)[22m

