
> test
> vitest run src/core/indexeddb/__tests__/tenant-validation.property.test.ts


[1m[46m RUN [49m[22m [36mv4.0.18 [39m[90mE:/FREECLOUD/FREECLOUD-IA/PROYECTOS/park[39m

[90mstdout[2m | src/core/indexeddb/__tests__/tenant-validation.property.test.ts[2m > [22m[2mTenant Validation Middleware - Properties[2m > [22m[2mProperty 20: Local Storage Isolation Prevents Cross-Tenant Access[2m > [22m[2mshould prevent read operations on cross-tenant data
[22m[39m{"timestamp":"2026-02-04T02:52:43.516Z","level":"info","event":"TENANT_DB_INITIALIZED","message":"Initialized database for tenant: 0000000b-3201-5ff3-8000-000a6ea7cfdd","context":{"tenant_id":"0000000b-3201-5ff3-8000-000a6ea7cfdd","db_name":"park_pos_db_0000000b3201"}}
{"timestamp":"2026-02-04T02:52:43.519Z","level":"info","event":"TENANT_DB_INITIALIZED","message":"Initialized database for tenant: 00000000-3201-5ff3-8000-000a6ea7cfdd","context":{"tenant_id":"00000000-3201-5ff3-8000-000a6ea7cfdd","db_name":"park_pos_db_000000003201"}}
{"timestamp":"2026-02-04T02:52:43.520Z","level":"info","event":"TENANT_DB_INITIALIZED","message":"Initialized database for tenant: 00000000-0000-1000-8000-000a6ea7cfdd","context":{"tenant_id":"00000000-0000-1000-8000-000a6ea7cfdd","db_name":"park_pos_db_000000000000"}}
{"timestamp":"2026-02-04T02:52:43.520Z","level":"info","event":"TENANT_DB_INITIALIZED","message":"Initialized database for tenant: 00000000-0000-1000-8000-00006ea7cfdd","context":{"tenant_id":"00000000-0000-1000-8000-00006ea7cfdd","db_name":"park_pos_db_000000000000"}}
{"timestamp":"2026-02-04T02:52:43.521Z","level":"info","event":"TENANT_DB_INITIALIZED","message":"Initialized database for tenant: 00000000-0000-1000-8000-000000000000","context":{"tenant_id":"00000000-0000-1000-8000-000000000000","db_name":"park_pos_db_000000000000"}}

stderr | src/core/indexeddb/__tests__/tenant-validation.property.test.ts > Tenant Validation Middleware - Properties > Property 20: Local Storage Isolation Prevents Cross-Tenant Access > should prevent read operations on cross-tenant data
{"timestamp":"2026-02-04T02:52:43.525Z","level":"warn","event":"TENANT_VALIDATION_FAILED","message":"Tenant validation failed for operation: test_read","context":{"tenant_id":"0000000b-3201-5ff3-8000-000a6ea7cfdd","operation":"test_read","error_message":"Cross-tenant access attempt at index 0: entity belongs to tenant 806326d6-37da-5476-aa69-25898bbcf8fa, but operation is for tenant 0000000b-3201-5ff3-8000-000a6ea7cfdd","duration_ms":11,"context":{"index":0,"entity_tenant_id":"806326d6-37da-5476-aa69-25898bbcf8fa","requested_tenant_id":"0000000b-3201-5ff3-8000-000a6ea7cfdd"}}}
{"timestamp":"2026-02-04T02:52:43.525Z","level":"warn","event":"TENANT_VALIDATION_FAILED","message":"Tenant validation failed for operation: test_read","context":{"tenant_id":"00000000-3201-5ff3-8000-000a6ea7cfdd","operation":"test_read","error_message":"Cross-tenant access attempt at index 0: entity belongs to tenant 806326d6-37da-5476-aa69-25898bbcf8fa, but operation is for tenant 00000000-3201-5ff3-8000-000a6ea7cfdd","duration_ms":6,"context":{"index":0,"entity_tenant_id":"806326d6-37da-5476-aa69-25898bbcf8fa","requested_tenant_id":"00000000-3201-5ff3-8000-000a6ea7cfdd"}}}
{"timestamp":"2026-02-04T02:52:43.525Z","level":"warn","event":"TENANT_VALIDATION_FAILED","message":"Tenant validation failed for operation: test_read","context":{"tenant_id":"00000000-0000-1000-8000-000a6ea7cfdd","operation":"test_read","error_message":"Cross-tenant access attempt at index 0: entity belongs to tenant 806326d6-37da-5476-aa69-25898bbcf8fa, but operation is for tenant 00000000-0000-1000-8000-000a6ea7cfdd","duration_ms":5,"context":{"index":0,"entity_tenant_id":"806326d6-37da-5476-aa69-25898bbcf8fa","requested_tenant_id":"00000000-0000-1000-8000-000a6ea7cfdd"}}}
{"timestamp":"2026-02-04T02:52:43.525Z","level":"warn","event":"TENANT_VALIDATION_FAILED","message":"Tenant validation failed for operation: test_read","context":{"tenant_id":"00000000-0000-1000-8000-00006ea7cfdd","operation":"test_read","error_message":"Cross-tenant access attempt at index 0: entity belongs to tenant 806326d6-37da-5476-aa69-25898bbcf8fa, but operation is for tenant 00000000-0000-1000-8000-00006ea7cfdd","duration_ms":5,"context":{"index":0,"entity_tenant_id":"806326d6-37da-5476-aa69-25898bbcf8fa","requested_tenant_id":"00000000-0000-1000-8000-00006ea7cfdd"}}}
{"timestamp":"2026-02-04T02:52:43.526Z","level":"warn","event":"TENANT_VALIDATION_FAILED","message":"Tenant validation failed for operation: test_read","context":{"tenant_id":"00000000-0000-1000-8000-000000000000","operation":"test_read","error_message":"Cross-tenant access attempt at index 0: entity belongs to tenant 806326d6-37da-5476-aa69-25898bbcf8fa, but operation is for tenant 00000000-0000-1000-8000-000000000000","duration_ms":5,"context":{"index":0,"entity_tenant_id":"806326d6-37da-5476-aa69-25898bbcf8fa","requested_tenant_id":"00000000-0000-1000-8000-000000000000"}}}
{"timestamp":"2026-02-04T02:52:43.526Z","level":"warn","event":"TENANT_VALIDATION_FAILED","message":"Tenant validation failed for operation: test_read","context":{"tenant_id":"00000000-0000-1000-8000-000000000000","operation":"test_read","error_message":"Cross-tenant access attempt at index 0: entity belongs to tenant 00000000-37da-5476-aa69-25898bbcf8fa, but operation is for tenant 00000000-0000-1000-8000-000000000000","duration_ms":5,"context":{"index":0,"entity_tenant_id":"00000000-37da-5476-aa69-25898bbcf8fa","requested_tenant_id":"00000000-0000-1000-8000-000000000000"}}}
{"timestamp":"2026-02-04T02:52:43.526Z","level":"warn","event":"TENANT_VALIDATION_FAILED","message":"Tenant validation failed for operation: test_read","context":{"tenant_id":"00000000-0000-1000-8000-000000000000","operation":"test_read","error_message":"Cross-tenant access attempt at index 0: entity belongs to tenant 00000000-0000-1000-aa69-25898bbcf8fa, but operation is for tenant 00000000-0000-1000-8000-000000000000","duration_ms":5,"context":{"index":0,"entity_tenant_id":"00000000-0000-1000-aa69-25898bbcf8fa","requested_tenant_id":"00000000-0000-1000-8000-000000000000"}}}
{"timestamp":"2026-02-04T02:52:43.526Z","level":"warn","event":"TENANT_VALIDATION_FAILED","message":"Tenant validation failed for operation: test_read","context":{"tenant_id":"00000000-0000-1000-8000-000000000000","operation":"test_read","error_message":"Cross-tenant access attempt at index 0: entity belongs to tenant 00000000-0000-1000-8000-00008bbcf8fa, but operation is for tenant 00000000-0000-1000-8000-000000000000","duration_ms":5,"context":{"index":0,"entity_tenant_id":"00000000-0000-1000-8000-00008bbcf8fa","requested_tenant_id":"00000000-0000-1000-8000-000000000000"}}}
{"timestamp":"2026-02-04T02:52:43.526Z","level":"warn","event":"TENANT_VALIDATION_FAILED","message":"Tenant validation failed for operation: test_read","context":{"tenant_id":"00000000-0000-1000-8000-000000000000","operation":"test_read","error_message":"Cross-tenant access attempt at index 0: entity belongs to tenant 00000000-0000-1000-8000-000045de7c7d, but operation is for tenant 00000000-0000-1000-8000-000000000000","duration_ms":4,"context":{"index":0,"entity_tenant_id":"00000000-0000-1000-8000-000045de7c7d","requested_tenant_id":"00000000-0000-1000-8000-000000000000"}}}
{"timestamp":"2026-02-04T02:52:43.526Z","level":"warn","event":"TENANT_VALIDATION_FAILED","message":"Tenant validation failed for operation: test_read","context":{"tenant_id":"00000000-0000-1000-8000-000000000000","operation":"test_read","error_message":"Cross-tenant access attempt at index 0: entity belongs to tenant 00000000-0000-1000-8000-000022ef3e3f, but operation is for tenant 00000000-0000-1000-8000-000000000000","duration_ms":4,"context":{"index":0,"entity_tenant_id":"00000000-0000-1000-8000-000022ef3e3f","requested_tenant_id":"00000000-0000-1000-8000-000000000000"}}}
{"timestamp":"2026-02-04T02:52:43.526Z","level":"warn","event":"TENANT_VALIDATION_FAILED","message":"Tenant validation failed for operation: test_read","context":{"tenant_id":"00000000-0000-1000-8000-000000000000","operation":"test_read","error_message":"Cross-tenant access attempt at index 0: entity belongs to tenant 00000000-0000-1000-8000-000011779f20, but operation is for tenant 00000000-0000-1000-8000-000000000000","duration_ms":4,"context":{"index":0,"entity_tenant_id":"00000000-0000-1000-8000-000011779f20","requested_tenant_id":"00000000-0000-1000-8000-000000000000"}}}
{"timestamp":"2026-02-04T02:52:43.526Z","level":"warn","event":"TENANT_VALIDATION_FAILED","message":"Tenant validation failed for operation: test_read","context":{"tenant_id":"00000000-0000-1000-8000-000000000000","operation":"test_read","error_message":"Cross-tenant access attempt at index 0: entity belongs to tenant 00000000-0000-1000-8000-000008bbcf90, but operation is for tenant 00000000-0000-1000-8000-000000000000","duration_ms":4,"context":{"index":0,"entity_tenant_id":"00000000-0000-1000-8000-000008bbcf90","requested_tenant_id":"00000000-0000-1000-8000-000000000000"}}}
{"timestamp":"2026-02-04T02:52:43.526Z","level":"warn","event":"TENANT_VALIDATION_FAILED","message":"Tenant validation failed for operation: test_read","context":{"tenant_id":"00000000-0000-1000-8000-000000000000","operation":"test_read","error_message":"Cross-tenant access attempt at index 0: entity belongs to tenant 00000000-0000-1000-8000-0000045de7c8, but operation is for tenant 00000000-0000-1000-8000-000000000000","duration_ms":4,"context":{"index":0,"entity_tenant_id":"00000000-0000-1000-8000-0000045de7c8","requested_tenant_id":"00000000-0000-1000-8000-000000000000"}}}
{"timestamp":"2026-02-04T02:52:43.526Z","level":"warn","event":"TENANT_VALIDATION_FAILED","message":"Tenant validation failed for operation: test_read","context":{"tenant_id":"00000000-0000-1000-8000-000000000000","operation":"test_read","error_message":"Cross-tenant access attempt at index 0: entity belongs to tenant 00000000-0000-1000-8000-0000022ef3e4, but operation is for tenant 00000000-0000-1000-8000-000000000000","duration_ms":4,"context":{"index":0,"entity_tenant_id":"00000000-0000-1000-8000-0000022ef3e4","requested_tenant_id":"00000000-0000-1000-8000-000000000000"}}}
{"timestamp":"2026-02-04T02:52:43.526Z","level":"warn","event":"TENANT_VALIDATION_FAILED","message":"Tenant validation failed for operation: test_read","context":{"tenant_id":"00000000-0000-1000-8000-000000000000","operation":"test_read","error_message":"Cross-tenant access attempt at index 0: entity belongs to tenant 00000000-0000-1000-8000-0000011779f2, but operation is for tenant 00000000-0000-1000-8000-000000000000","duration_ms":4,"context":{"index":0,"entity_tenant_id":"00000000-0000-1000-8000-0000011779f2","requested_tenant_id":"00000000-0000-1000-8000-000000000000"}}}
{"timestamp":"2026-02-04T02:52:43.526Z","level":"warn","event":"TENANT_VALIDATION_FAILED","message":"Tenant validation failed for operation: test_read","context":{"tenant_id":"00000000-0000-1000-8000-000000000000","operation":"test_read","error_message":"Cross-tenant access attempt at index 0: entity belongs to tenant 00000000-0000-1000-8000-0000008bbcf9, but operation is for tenant 00000000-0000-1000-8000-000000000000","duration_ms":4,"context":{"index":0,"entity_tenant_id":"00000000-0000-1000-8000-0000008bbcf9","requested_tenant_id":"00000000-0000-1000-8000-000000000000"}}}
{"timestamp":"2026-02-04T02:52:43.526Z","level":"warn","event":"TENANT_VALIDATION_FAILED","message":"Tenant validation failed for operation: test_read","context":{"tenant_id":"00000000-0000-1000-8000-000000000000","operation":"test_read","error_message":"Cross-tenant access attempt at index 0: entity belongs to tenant 00000000-0000-1000-8000-00000045de7d, but operation is for tenant 00000000-0000-1000-8000-000000000000","duration_ms":4,"context":{"index":0,"entity_tenant_id":"00000000-0000-1000-8000-00000045de7d","requested_tenant_id":"00000000-0000-1000-8000-000000000000"}}}
{"timestamp":"2026-02-04T02:52:43.526Z","level":"warn","event":"TENANT_VALIDATION_FAILED","message":"Tenant validation failed for operation: test_read","context":{"tenant_id":"00000000-0000-1000-8000-000000000000","operation":"test_read","error_message":"Cross-tenant access attempt at index 0: entity belongs to tenant 00000000-0000-1000-8000-00000022ef3f, but operation is for tenant 00000000-0000-1000-8000-000000000000","duration_ms":4,"context":{"index":0,"entity_tenant_id":"00000000-0000-1000-8000-00000022ef3f","requested_tenant_id":"00000000-0000-1000-8000-000000000000"}}}
{"timestamp":"2026-02-04T02:52:43.526Z","level":"warn","event":"TENANT_VALIDATION_FAILED","message":"Tenant validation failed for operation: test_read","context":{"tenant_id":"00000000-0000-1000-8000-000000000000","operation":"test_read","error_message":"Cross-tenant access attempt at index 0: entity belongs to tenant 00000000-0000-1000-8000-0000001177a0, but operation is for tenant 00000000-0000-1000-8000-000000000000","duration_ms":3,"context":{"index":0,"entity_tenant_id":"00000000-0000-1000-8000-0000001177a0","requested_tenant_id":"00000000-0000-1000-8000-000000000000"}}}
{"timestamp":"2026-02-04T02:52:43.526Z","level":"warn","event":"TENANT_VALIDATION_FAILED","message":"Tenant validation failed for operation: test_read","context":{"tenant_id":"00000000-0000-1000-8000-000000000000","operation":"test_read","error_message":"Cross-tenant access attempt at index 0: entity belongs to tenant 00000000-0000-1000-8000-00000008bbd0, but operation is for tenant 00000000-0000-1000-8000-000000000000","duration_ms":3,"context":{"index":0,"entity_tenant_id":"00000000-0000-1000-8000-00000008bbd0","requested_tenant_id":"00000000-0000-1000-8000-000000000000"}}}
{"timestamp":"2026-02-04T02:52:43.526Z","level":"warn","event":"TENANT_VALIDATION_FAILED","message":"Tenant validation failed for operation: test_read","context":{"tenant_id":"00000000-0000-1000-8000-000000000000","operation":"test_read","error_message":"Cross-tenant access attempt at index 0: entity belongs to tenant 00000000-0000-1000-8000-000000045de8, but operation is for tenant 00000000-0000-1000-8000-000000000000","duration_ms":3,"context":{"index":0,"entity_tenant_id":"00000000-0000-1000-8000-000000045de8","requested_tenant_id":"00000000-0000-1000-8000-000000000000"}}}
{"timestamp":"2026-02-04T02:52:43.526Z","level":"warn","event":"TENANT_VALIDATION_FAILED","message":"Tenant validation failed for operation: test_read","context":{"tenant_id":"00000000-0000-1000-8000-000000000000","operation":"test_read","error_message":"Cross-tenant access attempt at index 0: entity belongs to tenant 00000000-0000-1000-8000-000000022ef4, but operation is for tenant 00000000-0000-1000-8000-000000000000","duration_ms":3,"context":{"index":0,"entity_tenant_id":"00000000-0000-1000-8000-000000022ef4","requested_tenant_id":"00000000-0000-1000-8000-000000000000"}}}
{"timestamp":"2026-02-04T02:52:43.526Z","level":"warn","event":"TENANT_VALIDATION_FAILED","message":"Tenant validation failed for operation: test_read","context":{"tenant_id":"00000000-0000-1000-8000-000000000000","operation":"test_read","error_message":"Cross-tenant access attempt at index 0: entity belongs to tenant 00000000-0000-1000-8000-00000001177a, but operation is for tenant 00000000-0000-1000-8000-000000000000","duration_ms":3,"context":{"index":0,"entity_tenant_id":"00000000-0000-1000-8000-00000001177a","requested_tenant_id":"00000000-0000-1000-8000-000000000000"}}}
{"timestamp":"2026-02-04T02:52:43.527Z","level":"warn","event":"TENANT_VALIDATION_FAILED","message":"Tenant validation failed for operation: test_read","context":{"tenant_id":"00000000-0000-1000-8000-000000000000","operation":"test_read","error_message":"Cross-tenant access attempt at index 0: entity belongs to tenant 00000000-0000-1000-8000-000000008bbd, but operation is for tenant 00000000-0000-1000-8000-000000000000","duration_ms":4,"context":{"index":0,"entity_tenant_id":"00000000-0000-1000-8000-000000008bbd","requested_tenant_id":"00000000-0000-1000-8000-000000000000"}}}
{"timestamp":"2026-02-04T02:52:43.527Z","level":"warn","event":"TENANT_VALIDATION_FAILED","message":"Tenant validation failed for operation: test_read","context":{"tenant_id":"00000000-0000-1000-8000-000000000000","operation":"test_read","error_message":"Cross-tenant access attempt at index 0: entity belongs to tenant 00000000-0000-1000-8000-0000000045df, but operation is for tenant 00000000-0000-1000-8000-000000000000","duration_ms":4,"context":{"index":0,"entity_tenant_id":"00000000-0000-1000-8000-0000000045df","requested_tenant_id":"00000000-0000-1000-8000-000000000000"}}}
{"timestamp":"2026-02-04T02:52:43.527Z","level":"warn","event":"TENANT_VALIDATION_FAILED","message":"Tenant validation failed for operation: test_read","context":{"tenant_id":"00000000-0000-1000-8000-000000000000","operation":"test_read","error_message":"Cross-tenant access attempt at index 0: entity belongs to tenant 00000000-0000-1000-8000-0000000022f0, but operation is for tenant 00000000-0000-1000-8000-000000000000","duration_ms":4,"context":{"index":0,"entity_tenant_id":"00000000-0000-1000-8000-0000000022f0","requested_tenant_id":"00000000-0000-1000-8000-000000000000"}}}
{"timestamp":"2026-02-04T02:52:43.527Z","level":"warn","event":"TENANT_VALIDATION_FAILED","message":"Tenant validation failed for operation: test_read","context":{"tenant_id":"00000000-0000-1000-8000-000000000000","operation":"test_read","error_message":"Cross-tenant access attempt at index 0: entity belongs to tenant 00000000-0000-1000-8000-000000001178, but operation is for tenant 00000000-0000-1000-8000-000000000000","duration_ms":4,"context":{"index":0,"entity_tenant_id":"00000000-0000-1000-8000-000000001178","requested_tenant_id":"00000000-0000-1000-8000-000000000000"}}}
{"timestamp":"2026-02-04T02:52:43.527Z","level":"warn","event":"TENANT_VALIDATION_FAILED","message":"Tenant validation failed for operation: test_read","context":{"tenant_id":"00000000-0000-1000-8000-000000000000","operation":"test_read","error_message":"Cross-tenant access attempt at index 0: entity belongs to tenant 00000000-0000-1000-8000-0000000008bc, but operation is for tenant 00000000-0000-1000-8000-000000000000","duration_ms":4,"context":{"index":0,"entity_tenant_id":"00000000-0000-1000-8000-0000000008bc","requested_tenant_id":"00000000-0000-1000-8000-000000000000"}}}
{"timestamp":"2026-02-04T02:52:43.527Z","level":"warn","event":"TENANT_VALIDATION_FAILED","message":"Tenant validation failed for operation: test_read","context":{"tenant_id":"00000000-0000-1000-8000-000000000000","operation":"test_read","error_message":"Cross-tenant access attempt at index 0: entity belongs to tenant 00000000-0000-1000-8000-00000000045e, but operation is for tenant 00000000-0000-1000-8000-000000000000","duration_ms":4,"context":{"index":0,"entity_tenant_id":"00000000-0000-1000-8000-00000000045e","requested_tenant_id":"00000000-0000-1000-8000-000000000000"}}}
{"timestamp":"2026-02-04T02:52:43.527Z","level":"warn","event":"TENANT_VALIDATION_FAILED","message":"Tenant validation failed for operation: test_read","context":{"tenant_id":"00000000-0000-1000-8000-000000000000","operation":"test_read","error_message":"Cross-tenant access attempt at index 0: entity belongs to tenant 00000000-0000-1000-8000-00000000022f, but operation is for tenant 00000000-0000-1000-8000-000000000000","duration_ms":4,"context":{"index":0,"entity_tenant_id":"00000000-0000-1000-8000-00000000022f","requested_tenant_id":"00000000-0000-1000-8000-000000000000"}}}
{"timestamp":"2026-02-04T02:52:43.527Z","level":"warn","event":"TENANT_VALIDATION_FAILED","message":"Tenant validation failed for operation: test_read","context":{"tenant_id":"00000000-0000-1000-8000-000000000000","operation":"test_read","error_message":"Cross-tenant access attempt at index 0: entity belongs to tenant 00000000-0000-1000-8000-000000000118, but operation is for tenant 00000000-0000-1000-8000-000000000000","duration_ms":4,"context":{"index":0,"entity_tenant_id":"00000000-0000-1000-8000-000000000118","requested_tenant_id":"00000000-0000-1000-8000-000000000000"}}}
{"timestamp":"2026-02-04T02:52:43.527Z","level":"warn","event":"TENANT_VALIDATION_FAILED","message":"Tenant validation failed for operation: test_read","context":{"tenant_id":"00000000-0000-1000-8000-000000000000","operation":"test_read","error_message":"Cross-tenant access attempt at index 0: entity belongs to tenant 00000000-0000-1000-8000-00000000008c, but operation is for tenant 00000000-0000-1000-8000-000000000000","duration_ms":4,"context":{"index":0,"entity_tenant_id":"00000000-0000-1000-8000-00000000008c","requested_tenant_id":"00000000-0000-1000-8000-000000000000"}}}
{"timestamp":"2026-02-04T02:52:43.527Z","level":"warn","event":"TENANT_VALIDATION_FAILED","message":"Tenant validation failed for operation: test_read","context":{"tenant_id":"00000000-0000-1000-8000-000000000000","operation":"test_read","error_message":"Cross-tenant access attempt at index 0: entity belongs to tenant 00000000-0000-1000-8000-000000000046, but operation is for tenant 00000000-0000-1000-8000-000000000000","duration_ms":4,"context":{"index":0,"entity_tenant_id":"00000000-0000-1000-8000-000000000046","requested_tenant_id":"00000000-0000-1000-8000-000000000000"}}}
{"timestamp":"2026-02-04T02:52:43.527Z","level":"warn","event":"TENANT_VALIDATION_FAILED","message":"Tenant validation failed for operation: test_read","context":{"tenant_id":"00000000-0000-1000-8000-000000000000","operation":"test_read","error_message":"Cross-tenant access attempt at index 0: entity belongs to tenant 00000000-0000-1000-8000-000000000023, but operation is for tenant 00000000-0000-1000-8000-000000000000","duration_ms":4,"context":{"index":0,"entity_tenant_id":"00000000-0000-1000-8000-000000000023","requested_tenant_id":"00000000-0000-1000-8000-000000000000"}}}
{"timestamp":"2026-02-04T02:52:43.527Z","level":"warn","event":"TENANT_VALIDATION_FAILED","message":"Tenant validation failed for operation: test_read","context":{"tenant_id":"00000000-0000-1000-8000-000000000000","operation":"test_read","error_message":"Cross-tenant access attempt at index 0: entity belongs to tenant 00000000-0000-1000-8000-000000000012, but operation is for tenant 00000000-0000-1000-8000-000000000000","duration_ms":4,"context":{"index":0,"entity_tenant_id":"00000000-0000-1000-8000-000000000012","requested_tenant_id":"00000000-0000-1000-8000-000000000000"}}}
{"timestamp":"2026-02-04T02:52:43.527Z","level":"warn","event":"TENANT_VALIDATION_FAILED","message":"Tenant validation failed for operation: test_read","context":{"tenant_id":"00000000-0000-1000-8000-000000000000","operation":"test_read","error_message":"Cross-tenant access attempt at index 0: entity belongs to tenant 00000000-0000-1000-8000-000000000009, but operation is for tenant 00000000-0000-1000-8000-000000000000","duration_ms":4,"context":{"index":0,"entity_tenant_id":"00000000-0000-1000-8000-000000000009","requested_tenant_id":"00000000-0000-1000-8000-000000000000"}}}
{"timestamp":"2026-02-04T02:52:43.527Z","level":"warn","event":"TENANT_VALIDATION_FAILED","message":"Tenant validation failed for operation: test_read","context":{"tenant_id":"00000000-0000-1000-8000-000000000000","operation":"test_read","error_message":"Cross-tenant access attempt at index 0: entity belongs to tenant 00000000-0000-1000-8000-000000000005, but operation is for tenant 00000000-0000-1000-8000-000000000000","duration_ms":3,"context":{"index":0,"entity_tenant_id":"00000000-0000-1000-8000-000000000005","requested_tenant_id":"00000000-0000-1000-8000-000000000000"}}}
{"timestamp":"2026-02-04T02:52:43.527Z","level":"warn","event":"TENANT_VALIDATION_FAILED","message":"Tenant validation failed for operation: test_read","context":{"tenant_id":"00000000-0000-1000-8000-000000000000","operation":"test_read","error_message":"Cross-tenant access attempt at index 0: entity belongs to tenant 00000000-0000-1000-8000-000000000003, but operation is for tenant 00000000-0000-1000-8000-000000000000","duration_ms":3,"context":{"index":0,"entity_tenant_id":"00000000-0000-1000-8000-000000000003","requested_tenant_id":"00000000-0000-1000-8000-000000000000"}}}
{"timestamp":"2026-02-04T02:52:43.527Z","level":"warn","event":"TENANT_VALIDATION_FAILED","message":"Tenant validation failed for operation: test_read","context":{"tenant_id":"00000000-0000-1000-8000-000000000000","operation":"test_read","error_message":"Cross-tenant access attempt at index 0: entity belongs to tenant 00000000-0000-1000-8000-000000000002, but operation is for tenant 00000000-0000-1000-8000-000000000000","duration_ms":3,"context":{"index":0,"entity_tenant_id":"00000000-0000-1000-8000-000000000002","requested_tenant_id":"00000000-0000-1000-8000-000000000000"}}}
{"timestamp":"2026-02-04T02:52:43.527Z","level":"warn","event":"TENANT_VALIDATION_FAILED","message":"Tenant validation failed for operation: test_read","context":{"tenant_id":"00000000-0000-1000-8000-000000000000","operation":"test_read","error_message":"Cross-tenant access attempt at index 0: entity belongs to tenant 00000000-0000-1000-8000-000000000001, but operation is for tenant 00000000-0000-1000-8000-000000000000","duration_ms":3,"context":{"index":0,"entity_tenant_id":"00000000-0000-1000-8000-000000000001","requested_tenant_id":"00000000-0000-1000-8000-000000000000"}}}

stderr | src/core/indexeddb/__tests__/tenant-validation.property.test.ts > Tenant Validation Middleware - Properties > Property 20: Local Storage Isolation Prevents Cross-Tenant Access > should prevent write operations on cross-tenant data
{"timestamp":"2026-02-04T02:52:43.534Z","level":"warn","event":"TENANT_VALIDATION_FAILED","message":"Tenant validation failed for operation: test_write","context":{"tenant_id":"00000017-afd8-5ca0-8664-210438f30b1e","operation":"test_write","error_message":"Cross-tenant access attempt: entity belongs to tenant 0000001b-0004-1000-a5ae-f904b36cd113, but operation is for tenant 00000017-afd8-5ca0-8664-210438f30b1e","duration_ms":0,"context":{"entity_tenant_id":"0000001b-0004-1000-a5ae-f904b36cd113","requested_tenant_id":"00000017-afd8-5ca0-8664-210438f30b1e"}}}
{"timestamp":"2026-02-04T02:52:43.534Z","level":"warn","event":"TENANT_VALIDATION_FAILED","message":"Tenant validation failed for operation: test_write","context":{"tenant_id":"00000000-afd8-5ca0-8664-210438f30b1e","operation":"test_write","error_message":"Cross-tenant access attempt: entity belongs to tenant 0000001b-0004-1000-a5ae-f904b36cd113, but operation is for tenant 00000000-afd8-5ca0-8664-210438f30b1e","duration_ms":0,"context":{"entity_tenant_id":"0000001b-0004-1000-a5ae-f904b36cd113","requested_tenant_id":"00000000-afd8-5ca0-8664-210438f30b1e"}}}
{"timestamp":"2026-02-04T02:52:43.534Z","level":"warn","event":"TENANT_VALIDATION_FAILED","message":"Tenant validation failed for operation: test_write","context":{"tenant_id":"00000000-0000-1000-8664-210438f30b1e","operation":"test_write","error_message":"Cross-tenant access attempt: entity belongs to tenant 0000001b-0004-1000-a5ae-f904b36cd113, but operation is for tenant 00000000-0000-1000-8664-210438f30b1e","duration_ms":0,"context":{"entity_tenant_id":"0000001b-0004-1000-a5ae-f904b36cd113","requested_tenant_id":"00000000-0000-1000-8664-210438f30b1e"}}}
{"timestamp":"2026-02-04T02:52:43.534Z","level":"warn","event":"TENANT_VALIDATION_FAILED","message":"Tenant validation failed for operation: test_write","context":{"tenant_id":"00000000-0000-1000-8000-000038f30b1e","operation":"test_write","error_message":"Cross-tenant access attempt: entity belongs to tenant 0000001b-0004-1000-a5ae-f904b36cd113, but operation is for tenant 00000000-0000-1000-8000-000038f30b1e","duration_ms":0,"context":{"entity_tenant_id":"0000001b-0004-1000-a5ae-f904b36cd113","requested_tenant_id":"00000000-0000-1000-8000-000038f30b1e"}}}
{"timestamp":"2026-02-04T02:52:43.534Z","level":"warn","event":"TENANT_VALIDATION_FAILED","message":"Tenant validation failed for operation: test_write","context":{"tenant_id":"00000000-0000-1000-8000-000000000000","operation":"test_write","error_message":"Cross-tenant access attempt: entity belongs to tenant 0000001b-0004-1000-a5ae-f904b36cd113, but operation is for tenant 00000000-0000-1000-8000-000000000000","duration_ms":0,"context":{"entity_tenant_id":"0000001b-0004-1000-a5ae-f904b36cd113","requested_tenant_id":"00000000-0000-1000-8000-000000000000"}}}
{"timestamp":"2026-02-04T02:52:43.534Z","level":"warn","event":"TENANT_VALIDATION_FAILED","message":"Tenant validation failed for operation: test_write","context":{"tenant_id":"00000000-0000-1000-8000-000000000000","operation":"test_write","error_message":"Cross-tenant access attempt: entity belongs to tenant 00000000-0004-1000-a5ae-f904b36cd113, but operation is for tenant 00000000-0000-1000-8000-000000000000","duration_ms":0,"context":{"entity_tenant_id":"00000000-0004-1000-a5ae-f904b36cd113","requested_tenant_id":"00000000-0000-1000-8000-000000000000"}}}
{"timestamp":"2026-02-04T02:52:43.535Z","level":"warn","event":"TENANT_VALIDATION_FAILED","message":"Tenant validation failed for operation: test_write","context":{"tenant_id":"00000000-0000-1000-8000-000000000000","operation":"test_write","error_message":"Cross-tenant access attempt: entity belongs to tenant 00000000-0000-1000-a5ae-f904b36cd113, but operation is for tenant 00000000-0000-1000-8000-000000000000","duration_ms":0,"context":{"entity_tenant_id":"00000000-0000-1000-a5ae-f904b36cd113","requested_tenant_id":"00000000-0000-1000-8000-000000000000"}}}
{"timestamp":"2026-02-04T02:52:43.535Z","level":"warn","event":"TENANT_VALIDATION_FAILED","message":"Tenant validation failed for operation: test_write","context":{"tenant_id":"00000000-0000-1000-8000-000000000000","operation":"test_write","error_message":"Cross-tenant access attempt: entity belongs to tenant 00000000-0000-1000-8000-0000b36cd113, but operation is for tenant 00000000-0000-1000-8000-000000000000","duration_ms":0,"context":{"entity_tenant_id":"00000000-0000-1000-8000-0000b36cd113","requested_tenant_id":"00000000-0000-1000-8000-000000000000"}}}
{"timestamp":"2026-02-04T02:52:43.535Z","level":"warn","event":"TENANT_VALIDATION_FAILED","message":"Tenant validation failed for operation: test_write","context":{"tenant_id":"00000000-0000-1000-8000-000000000000","operation":"test_write","error_message":"Cross-tenant access attempt: entity belongs to tenant 00000000-0000-1000-8000-000059b6688a, but operation is for tenant 00000000-0000-1000-8000-000000000000","duration_ms":0,"context":{"entity_tenant_id":"00000000-0000-1000-8000-000059b6688a","requested_tenant_id":"00000000-0000-1000-8000-000000000000"}}}
{"timestamp":"2026-02-04T02:52:43.535Z","level":"warn","event":"TENANT_VALIDATION_FAILED","message":"Tenant validation failed for operation: test_write","context":{"tenant_id":"00000000-0000-1000-8000-000000000000","operation":"test_write","error_message":"Cross-tenant access attempt: entity belongs to tenant 00000000-0000-1000-8000-00002cdb3445, but operation is for tenant 00000000-0000-1000-8000-000000000000","duration_ms":0,"context":{"entity_tenant_id":"00000000-0000-1000-8000-00002cdb3445","requested_tenant_id":"00000000-0000-1000-8000-000000000000"}}}
{"timestamp":"2026-02-04T02:52:43.535Z","level":"warn","event":"TENANT_VALIDATION_FAILED","message":"Tenant validation failed for operation: test_write","context":{"tenant_id":"00000000-0000-1000-8000-000000000000","operation":"test_write","error_message":"Cross-tenant access attempt: entity belongs to tenant 00000000-0000-1000-8000-0000166d9a23, but operation is for tenant 00000000-0000-1000-8000-000000000000","duration_ms":0,"context":{"entity_tenant_id":"00000000-0000-1000-8000-0000166d9a23","requested_tenant_id":"00000000-0000-1000-8000-000000000000"}}}
{"timestamp":"2026-02-04T02:52:43.535Z","level":"warn","event":"TENANT_VALIDATION_FAILED","message":"Tenant validation failed for operation: test_write","context":{"tenant_id":"00000000-0000-1000-8000-000000000000","operation":"test_write","error_message":"Cross-tenant access attempt: entity belongs to tenant 00000000-0000-1000-8000-00000b36cd12, but operation is for tenant 00000000-0000-1000-8000-000000000000","duration_ms":0,"context":{"entity_tenant_id":"00000000-0000-1000-8000-00000b36cd12","requested_tenant_id":"00000000-0000-1000-8000-000000000000"}}}
{"timestamp":"2026-02-04T02:52:43.535Z","level":"warn","event":"TENANT_VALIDATION_FAILED","message":"Tenant validation failed for operation: test_write","context":{"tenant_id":"00000000-0000-1000-8000-000000000000","operation":"test_write","error_message":"Cross-tenant access attempt: entity belongs to tenant 00000000-0000-1000-8000-0000059b6689, but operation is for tenant 00000000-0000-1000-8000-000000000000","duration_ms":0,"context":{"entity_tenant_id":"00000000-0000-1000-8000-0000059b6689","requested_tenant_id":"00000000-0000-1000-8000-000000000000"}}}
{"timestamp":"2026-02-04T02:52:43.535Z","level":"warn","event":"TENANT_VALIDATION_FAILED","message":"Tenant validation failed for operation: test_write","context":{"tenant_id":"00000000-0000-1000-8000-000000000000","operation":"test_write","error_message":"Cross-tenant access attempt: entity belongs to tenant 00000000-0000-1000-8000-000002cdb345, but operation is for tenant 00000000-0000-1000-8000-000000000000","duration_ms":0,"context":{"entity_tenant_id":"00000000-0000-1000-8000-000002cdb345","requested_tenant_id":"00000000-0000-1000-8000-000000000000"}}}
{"timestamp":"2026-02-04T02:52:43.535Z","level":"warn","event":"TENANT_VALIDATION_FAILED","message":"Tenant validation failed for operation: test_write","context":{"tenant_id":"00000000-0000-1000-8000-000000000000","operation":"test_write","error_message":"Cross-tenant access attempt: entity belongs to tenant 00000000-0000-1000-8000-00000166d9a3, but operation is for tenant 00000000-0000-1000-8000-000000000000","duration_ms":0,"context":{"entity_tenant_id":"00000000-0000-1000-8000-00000166d9a3","requested_tenant_id":"00000000-0000-1000-8000-000000000000"}}}
{"timestamp":"2026-02-04T02:52:43.536Z","level":"warn","event":"TENANT_VALIDATION_FAILED","message":"Tenant validation failed for operation: test_write","context":{"tenant_id":"00000000-0000-1000-8000-000000000000","operation":"test_write","error_message":"Cross-tenant access attempt: entity belongs to tenant 00000000-0000-1000-8000-000000b36cd2, but operation is for tenant 00000000-0000-1000-8000-000000000000","duration_ms":0,"context":{"entity_tenant_id":"00000000-0000-1000-8000-000000b36cd2","requested_tenant_id":"00000000-0000-1000-8000-000000000000"}}}
{"timestamp":"2026-02-04T02:52:43.536Z","level":"warn","event":"TENANT_VALIDATION_FAILED","message":"Tenant validation failed for operation: test_write","context":{"tenant_id":"00000000-0000-1000-8000-000000000000","operation":"test_write","error_message":"Cross-tenant access attempt: entity belongs to tenant 00000000-0000-1000-8000-00000059b669, but operation is for tenant 00000000-0000-1000-8000-000000000000","duration_ms":0,"context":{"entity_tenant_id":"00000000-0000-1000-8000-00000059b669","requested_tenant_id":"00000000-0000-1000-8000-000000000000"}}}
{"timestamp":"2026-02-04T02:52:43.536Z","level":"warn","event":"TENANT_VALIDATION_FAILED","message":"Tenant validation failed for operation: test_write","context":{"tenant_id":"00000000-0000-1000-8000-000000000000","operation":"test_write","error_message":"Cross-tenant access attempt: entity belongs to tenant 00000000-0000-1000-8000-0000002cdb35, but operation is for tenant 00000000-0000-1000-8000-000000000000","duration_ms":0,"context":{"entity_tenant_id":"00000000-0000-1000-8000-0000002cdb35","requested_tenant_id":"00000000-0000-1000-8000-000000000000"}}}
{"timestamp":"2026-02-04T02:52:43.536Z","level":"warn","event":"TENANT_VALIDATION_FAILED","message":"Tenant validation failed for operation: test_write","context":{"tenant_id":"00000000-0000-1000-8000-000000000000","operation":"test_write","error_message":"Cross-tenant access attempt: entity belongs to tenant 00000000-0000-1000-8000-000000166d9b, but operation is for tenant 00000000-0000-1000-8000-000000000000","duration_ms":0,"context":{"entity_tenant_id":"00000000-0000-1000-8000-000000166d9b","requested_tenant_id":"00000000-0000-1000-8000-000000000000"}}}
{"timestamp":"2026-02-04T02:52:43.536Z","level":"warn","event":"TENANT_VALIDATION_FAILED","message":"Tenant validation failed for operation: test_write","context":{"tenant_id":"00000000-0000-1000-8000-000000000000","operation":"test_write","error_message":"Cross-tenant access attempt: entity belongs to tenant 00000000-0000-1000-8000-0000000b36ce, but operation is for tenant 00000000-0000-1000-8000-000000000000","duration_ms":0,"context":{"entity_tenant_id":"00000000-0000-1000-8000-0000000b36ce","requested_tenant_id":"00000000-0000-1000-8000-000000000000"}}}
{"timestamp":"2026-02-04T02:52:43.536Z","level":"warn","event":"TENANT_VALIDATION_FAILED","message":"Tenant validation failed for operation: test_write","context":{"tenant_id":"00000000-0000-1000-8000-000000000000","operation":"test_write","error_message":"Cross-tenant access attempt: entity belongs to tenant 00000000-0000-1000-8000-000000059b67, but operation is for tenant 00000000-0000-1000-8000-000000000000","duration_ms":0,"context":{"entity_tenant_id":"00000000-0000-1000-8000-000000059b67","requested_tenant_id":"00000000-0000-1000-8000-000000000000"}}}
{"timestamp":"2026-02-04T02:52:43.536Z","level":"warn","event":"TENANT_VALIDATION_FAILED","message":"Tenant validation failed for operation: test_write","context":{"tenant_id":"00000000-0000-1000-8000-000000000000","operation":"test_write","error_message":"Cross-tenant access attempt: entity belongs to tenant 00000000-0000-1000-8000-00000002cdb4, but operation is for tenant 00000000-0000-1000-8000-000000000000","duration_ms":0,"context":{"entity_tenant_id":"00000000-0000-1000-8000-00000002cdb4","requested_tenant_id":"00000000-0000-1000-8000-000000000000"}}}
{"timestamp":"2026-02-04T02:52:43.536Z","level":"warn","event":"TENANT_VALIDATION_FAILED","message":"Tenant validation failed for operation: test_write","context":{"tenant_id":"00000000-0000-1000-8000-000000000000","operation":"test_write","error_message":"Cross-tenant access attempt: entity belongs to tenant 00000000-0000-1000-8000-0000000166da, but operation is for tenant 00000000-0000-1000-8000-000000000000","duration_ms":0,"context":{"entity_tenant_id":"00000000-0000-1000-8000-0000000166da","requested_tenant_id":"00000000-0000-1000-8000-000000000000"}}}
{"timestamp":"2026-02-04T02:52:43.536Z","level":"warn","event":"TENANT_VALIDATION_FAILED","message":"Tenant validation failed for operation: test_write","context":{"tenant_id":"00000000-0000-1000-8000-000000000000","operation":"test_write","error_message":"Cross-tenant access attempt: entity belongs to tenant 00000000-0000-1000-8000-00000000b36d, but operation is for tenant 00000000-0000-1000-8000-000000000000","duration_ms":0,"context":{"entity_tenant_id":"00000000-0000-1000-8000-00000000b36d","requested_tenant_id":"00000000-0000-1000-8000-000000000000"}}}
{"timestamp":"2026-02-04T02:52:43.536Z","level":"warn","event":"TENANT_VALIDATION_FAILED","message":"Tenant validation failed for operation: test_write","context":{"tenant_id":"00000000-0000-1000-8000-000000000000","operation":"test_write","error_message":"Cross-tenant access attempt: entity belongs to tenant 00000000-0000-1000-8000-0000000059b7, but operation is for tenant 00000000-0000-1000-8000-000000000000","duration_ms":0,"context":{"entity_tenant_id":"00000000-0000-1000-8000-0000000059b7","requested_tenant_id":"00000000-0000-1000-8000-000000000000"}}}
{"timestamp":"2026-02-04T02:52:43.537Z","level":"warn","event":"TENANT_VALIDATION_FAILED","message":"Tenant validation failed for operation: test_write","context":{"tenant_id":"00000000-0000-1000-8000-000000000000","operation":"test_write","error_message":"Cross-tenant access attempt: entity belongs to tenant 00000000-0000-1000-8000-000000002cdc, but operation is for tenant 00000000-0000-1000-8000-000000000000","duration_ms":0,"context":{"entity_tenant_id":"00000000-0000-1000-8000-000000002cdc","requested_tenant_id":"00000000-0000-1000-8000-000000000000"}}}
{"timestamp":"2026-02-04T02:52:43.537Z","level":"warn","event":"TENANT_VALIDATION_FAILED","message":"Tenant validation failed for operation: test_write","context":{"tenant_id":"00000000-0000-1000-8000-000000000000","operation":"test_write","error_message":"Cross-tenant access attempt: entity belongs to tenant 00000000-0000-1000-8000-00000000166e, but operation is for tenant 00000000-0000-1000-8000-000000000000","duration_ms":0,"context":{"entity_tenant_id":"00000000-0000-1000-8000-00000000166e","requested_tenant_id":"00000000-0000-1000-8000-000000000000"}}}
{"timestamp":"2026-02-04T02:52:43.537Z","level":"warn","event":"TENANT_VALIDATION_FAILED","message":"Tenant validation failed for operation: test_write","context":{"tenant_id":"00000000-0000-1000-8000-000000000000","operation":"test_write","error_message":"Cross-tenant access attempt: entity belongs to tenant 00000000-0000-1000-8000-000000000b37, but operation is for tenant 00000000-0000-1000-8000-000000000000","duration_ms":0,"context":{"entity_tenant_id":"00000000-0000-1000-8000-000000000b37","requested_tenant_id":"00000000-0000-1000-8000-000000000000"}}}
{"timestamp":"2026-02-04T02:52:43.537Z","level":"warn","event":"TENANT_VALIDATION_FAILED","message":"Tenant validation failed for operation: test_write","context":{"tenant_id":"00000000-0000-1000-8000-000000000000","operation":"test_write","error_message":"Cross-tenant access attempt: entity belongs to tenant 00000000-0000-1000-8000-00000000059c, but operation is for tenant 00000000-0000-1000-8000-000000000000","duration_ms":0,"context":{"entity_tenant_id":"00000000-0000-1000-8000-00000000059c","requested_tenant_id":"00000000-0000-1000-8000-000000000000"}}}
{"timestamp":"2026-02-04T02:52:43.537Z","level":"warn","event":"TENANT_VALIDATION_FAILED","message":"Tenant validation failed for operation: test_write","context":{"tenant_id":"00000000-0000-1000-8000-000000000000","operation":"test_write","error_message":"Cross-tenant access attempt: entity belongs to tenant 00000000-0000-1000-8000-0000000002ce, but operation is for tenant 00000000-0000-1000-8000-000000000000","duration_ms":0,"context":{"entity_tenant_id":"00000000-0000-1000-8000-0000000002ce","requested_tenant_id":"00000000-0000-1000-8000-000000000000"}}}
{"timestamp":"2026-02-04T02:52:43.537Z","level":"warn","event":"TENANT_VALIDATION_FAILED","message":"Tenant validation failed for operation: test_write","context":{"tenant_id":"00000000-0000-1000-8000-000000000000","operation":"test_write","error_message":"Cross-tenant access attempt: entity belongs to tenant 00000000-0000-1000-8000-000000000167, but operation is for tenant 00000000-0000-1000-8000-000000000000","duration_ms":0,"context":{"entity_tenant_id":"00000000-0000-1000-8000-000000000167","requested_tenant_id":"00000000-0000-1000-8000-000000000000"}}}
{"timestamp":"2026-02-04T02:52:43.537Z","level":"warn","event":"TENANT_VALIDATION_FAILED","message":"Tenant validation failed for operation: test_write","context":{"tenant_id":"00000000-0000-1000-8000-000000000000","operation":"test_write","error_message":"Cross-tenant access attempt: entity belongs to tenant 00000000-0000-1000-8000-0000000000b4, but operation is for tenant 00000000-0000-1000-8000-000000000000","duration_ms":0,"context":{"entity_tenant_id":"00000000-0000-1000-8000-0000000000b4","requested_tenant_id":"00000000-0000-1000-8000-000000000000"}}}
{"timestamp":"2026-02-04T02:52:43.537Z","level":"warn","event":"TENANT_VALIDATION_FAILED","message":"Tenant validation failed for operation: test_write","context":{"tenant_id":"00000000-0000-1000-8000-000000000000","operation":"test_write","error_message":"Cross-tenant access attempt: entity belongs to tenant 00000000-0000-1000-8000-00000000005a, but operation is for tenant 00000000-0000-1000-8000-000000000000","duration_ms":0,"context":{"entity_tenant_id":"00000000-0000-1000-8000-00000000005a","requested_tenant_id":"00000000-0000-1000-8000-000000000000"}}}
{"timestamp":"2026-02-04T02:52:43.537Z","level":"warn","event":"TENANT_VALIDATION_FAILED","message":"Tenant validation failed for operation: test_write","context":{"tenant_id":"00000000-0000-1000-8000-000000000000","operation":"test_write","error_message":"Cross-tenant access attempt: entity belongs to tenant 00000000-0000-1000-8000-00000000002d, but operation is for tenant 00000000-0000-1000-8000-000000000000","duration_ms":0,"context":{"entity_tenant_id":"00000000-0000-1000-8000-00000000002d","requested_tenant_id":"00000000-0000-1000-8000-000000000000"}}}
{"timestamp":"2026-02-04T02:52:43.537Z","level":"warn","event":"TENANT_VALIDATION_FAILED","message":"Tenant validation failed for operation: test_write","context":{"tenant_id":"00000000-0000-1000-8000-000000000000","operation":"test_write","error_message":"Cross-tenant access attempt: entity belongs to tenant 00000000-0000-1000-8000-000000000017, but operation is for tenant 00000000-0000-1000-8000-000000000000","duration_ms":0,"context":{"entity_tenant_id":"00000000-0000-1000-8000-000000000017","requested_tenant_id":"00000000-0000-1000-8000-000000000000"}}}
{"timestamp":"2026-02-04T02:52:43.538Z","level":"warn","event":"TENANT_VALIDATION_FAILED","message":"Tenant validation failed for operation: test_write","context":{"tenant_id":"00000000-0000-1000-8000-000000000000","operation":"test_write","error_message":"Cross-tenant access attempt: entity belongs to tenant 00000000-0000-1000-8000-00000000000c, but operation is for tenant 00000000-0000-1000-8000-000000000000","duration_ms":0,"context":{"entity_tenant_id":"00000000-0000-1000-8000-00000000000c","requested_tenant_id":"00000000-0000-1000-8000-000000000000"}}}
{"timestamp":"2026-02-04T02:52:43.538Z","level":"warn","event":"TENANT_VALIDATION_FAILED","message":"Tenant validation failed for operation: test_write","context":{"tenant_id":"00000000-0000-1000-8000-000000000000","operation":"test_write","error_message":"Cross-tenant access attempt: entity belongs to tenant 00000000-0000-1000-8000-000000000006, but operation is for tenant 00000000-0000-1000-8000-000000000000","duration_ms":0,"context":{"entity_tenant_id":"00000000-0000-1000-8000-000000000006","requested_tenant_id":"00000000-0000-1000-8000-000000000000"}}}
{"timestamp":"2026-02-04T02:52:43.538Z","level":"warn","event":"TENANT_VALIDATION_FAILED","message":"Tenant validation failed for operation: test_write","context":{"tenant_id":"00000000-0000-1000-8000-000000000000","operation":"test_write","error_message":"Cross-tenant access attempt: entity belongs to tenant 00000000-0000-1000-8000-000000000003, but operation is for tenant 00000000-0000-1000-8000-000000000000","duration_ms":0,"context":{"entity_tenant_id":"00000000-0000-1000-8000-000000000003","requested_tenant_id":"00000000-0000-1000-8000-000000000000"}}}
{"timestamp":"2026-02-04T02:52:43.538Z","level":"warn","event":"TENANT_VALIDATION_FAILED","message":"Tenant validation failed for operation: test_write","context":{"tenant_id":"00000000-0000-1000-8000-000000000000","operation":"test_write","error_message":"Cross-tenant access attempt: entity belongs to tenant 00000000-0000-1000-8000-000000000002, but operation is for tenant 00000000-0000-1000-8000-000000000000","duration_ms":0,"context":{"entity_tenant_id":"00000000-0000-1000-8000-000000000002","requested_tenant_id":"00000000-0000-1000-8000-000000000000"}}}
{"timestamp":"2026-02-04T02:52:43.538Z","level":"warn","event":"TENANT_VALIDATION_FAILED","message":"Tenant validation failed for operation: test_write","context":{"tenant_id":"00000000-0000-1000-8000-000000000000","operation":"test_write","error_message":"Cross-tenant access attempt: entity belongs to tenant 00000000-0000-1000-8000-000000000001, but operation is for tenant 00000000-0000-1000-8000-000000000000","duration_ms":0,"context":{"entity_tenant_id":"00000000-0000-1000-8000-000000000001","requested_tenant_id":"00000000-0000-1000-8000-000000000000"}}}

[90mstdout[2m | src/core/indexeddb/__tests__/tenant-validation.property.test.ts[2m > [22m[2mTenant Validation Middleware - Properties[2m > [22m[2mCross-Tenant Access Prevention[2m > [22m[2mshould never allow reading cross-tenant entities
[22m[39m{"timestamp":"2026-02-04T02:52:43.760Z","level":"info","event":"TENANT_DB_INITIALIZED","message":"Initialized database for tenant: fd370d32-059d-5c4f-8000-0002fffffffc","context":{"tenant_id":"fd370d32-059d-5c4f-8000-0002fffffffc","db_name":"park_pos_db_fd370d32059d"}}
{"timestamp":"2026-02-04T02:52:43.761Z","level":"info","event":"TENANT_DB_INITIALIZED","message":"Initialized database for tenant: 00000000-059d-5c4f-8000-0002fffffffc","context":{"tenant_id":"00000000-059d-5c4f-8000-0002fffffffc","db_name":"park_pos_db_00000000059d"}}
{"timestamp":"2026-02-04T02:52:43.761Z","level":"info","event":"TENANT_DB_INITIALIZED","message":"Initialized database for tenant: 00000000-0000-1000-8000-0002fffffffc","context":{"tenant_id":"00000000-0000-1000-8000-0002fffffffc","db_name":"park_pos_db_000000000000"}}
{"timestamp":"2026-02-04T02:52:43.761Z","level":"info","event":"TENANT_DB_INITIALIZED","message":"Initialized database for tenant: 00000000-0000-1000-8000-0000fffffffc","context":{"tenant_id":"00000000-0000-1000-8000-0000fffffffc","db_name":"park_pos_db_000000000000"}}

stderr | src/core/indexeddb/__tests__/tenant-validation.property.test.ts > Tenant Validation Middleware - Properties > Cross-Tenant Access Prevention > should never allow reading cross-tenant entities
{"timestamp":"2026-02-04T02:52:43.766Z","level":"warn","event":"TENANT_VALIDATION_FAILED","message":"Tenant validation failed for operation: read_op","context":{"tenant_id":"fd370d32-059d-5c4f-8000-0002fffffffc","operation":"read_op","error_message":"Cross-tenant access attempt at index 0: entity belongs to tenant 00000000-0000-1000-8000-000000000001, but operation is for tenant fd370d32-059d-5c4f-8000-0002fffffffc","duration_ms":6,"context":{"index":0,"entity_tenant_id":"00000000-0000-1000-8000-000000000001","requested_tenant_id":"fd370d32-059d-5c4f-8000-0002fffffffc"}}}
{"timestamp":"2026-02-04T02:52:43.766Z","level":"warn","event":"TENANT_VALIDATION_FAILED","message":"Tenant validation failed for operation: read_op","context":{"tenant_id":"00000000-059d-5c4f-8000-0002fffffffc","operation":"read_op","error_message":"Cross-tenant access attempt at index 0: entity belongs to tenant 00000000-0000-1000-8000-000000000001, but operation is for tenant 00000000-059d-5c4f-8000-0002fffffffc","duration_ms":6,"context":{"index":0,"entity_tenant_id":"00000000-0000-1000-8000-000000000001","requested_tenant_id":"00000000-059d-5c4f-8000-0002fffffffc"}}}
{"timestamp":"2026-02-04T02:52:43.766Z","level":"warn","event":"TENANT_VALIDATION_FAILED","message":"Tenant validation failed for operation: read_op","context":{"tenant_id":"00000000-0000-1000-8000-0002fffffffc","operation":"read_op","error_message":"Cross-tenant access attempt at index 0: entity belongs to tenant 00000000-0000-1000-8000-000000000001, but operation is for tenant 00000000-0000-1000-8000-0002fffffffc","duration_ms":5,"context":{"index":0,"entity_tenant_id":"00000000-0000-1000-8000-000000000001","requested_tenant_id":"00000000-0000-1000-8000-0002fffffffc"}}}
{"timestamp":"2026-02-04T02:52:43.766Z","level":"warn","event":"TENANT_VALIDATION_FAILED","message":"Tenant validation failed for operation: read_op","context":{"tenant_id":"00000000-0000-1000-8000-0000fffffffc","operation":"read_op","error_message":"Cross-tenant access attempt at index 0: entity belongs to tenant 00000000-0000-1000-8000-000000000001, but operation is for tenant 00000000-0000-1000-8000-0000fffffffc","duration_ms":5,"context":{"index":0,"entity_tenant_id":"00000000-0000-1000-8000-000000000001","requested_tenant_id":"00000000-0000-1000-8000-0000fffffffc"}}}
{"timestamp":"2026-02-04T02:52:43.766Z","level":"warn","event":"TENANT_VALIDATION_FAILED","message":"Tenant validation failed for operation: read_op","context":{"tenant_id":"00000000-0000-1000-8000-000000000000","operation":"read_op","error_message":"Cross-tenant access attempt at index 0: entity belongs to tenant 00000000-0000-1000-8000-000000000001, but operation is for tenant 00000000-0000-1000-8000-000000000000","duration_ms":4,"context":{"index":0,"entity_tenant_id":"00000000-0000-1000-8000-000000000001","requested_tenant_id":"00000000-0000-1000-8000-000000000000"}}}
{"timestamp":"2026-02-04T02:52:43.766Z","level":"warn","event":"TENANT_VALIDATION_FAILED","message":"Tenant validation failed for operation: read_op","context":{"tenant_id":"00000000-0000-1000-8000-000000000000","operation":"read_op","error_message":"Cross-tenant access attempt at index 0: entity belongs to tenant 00000000-0000-1000-8000-000000000001, but operation is for tenant 00000000-0000-1000-8000-000000000000","duration_ms":4,"context":{"index":0,"entity_tenant_id":"00000000-0000-1000-8000-000000000001","requested_tenant_id":"00000000-0000-1000-8000-000000000000"}}}
{"timestamp":"2026-02-04T02:52:43.766Z","level":"warn","event":"TENANT_VALIDATION_FAILED","message":"Tenant validation failed for operation: read_op","context":{"tenant_id":"00000000-0000-1000-8000-000000000000","operation":"read_op","error_message":"Cross-tenant access attempt at index 0: entity belongs to tenant 00000000-0000-1000-8000-000000000001, but operation is for tenant 00000000-0000-1000-8000-000000000000","duration_ms":4,"context":{"index":0,"entity_tenant_id":"00000000-0000-1000-8000-000000000001","requested_tenant_id":"00000000-0000-1000-8000-000000000000"}}}
{"timestamp":"2026-02-04T02:52:43.766Z","level":"warn","event":"TENANT_VALIDATION_FAILED","message":"Tenant validation failed for operation: read_op","context":{"tenant_id":"00000000-0000-1000-8000-000000000000","operation":"read_op","error_message":"Cross-tenant access attempt at index 0: entity belongs to tenant 00000000-0000-1000-8000-000000000001, but operation is for tenant 00000000-0000-1000-8000-000000000000","duration_ms":4,"context":{"index":0,"entity_tenant_id":"00000000-0000-1000-8000-000000000001","requested_tenant_id":"00000000-0000-1000-8000-000000000000"}}}
{"timestamp":"2026-02-04T02:52:43.766Z","level":"warn","event":"TENANT_VALIDATION_FAILED","message":"Tenant validation failed for operation: read_op","context":{"tenant_id":"00000000-0000-1000-8000-000000000000","operation":"read_op","error_message":"Cross-tenant access attempt at index 0: entity belongs to tenant 00000000-0000-1000-8000-000000000001, but operation is for tenant 00000000-0000-1000-8000-000000000000","duration_ms":4,"context":{"index":0,"entity_tenant_id":"00000000-0000-1000-8000-000000000001","requested_tenant_id":"00000000-0000-1000-8000-000000000000"}}}
{"timestamp":"2026-02-04T02:52:43.766Z","level":"warn","event":"TENANT_VALIDATION_FAILED","message":"Tenant validation failed for operation: read_op","context":{"tenant_id":"00000000-0000-1000-8000-000000000000","operation":"read_op","error_message":"Cross-tenant access attempt at index 0: entity belongs to tenant 00000000-0000-1000-8000-000000000001, but operation is for tenant 00000000-0000-1000-8000-000000000000","duration_ms":4,"context":{"index":0,"entity_tenant_id":"00000000-0000-1000-8000-000000000001","requested_tenant_id":"00000000-0000-1000-8000-000000000000"}}}
{"timestamp":"2026-02-04T02:52:43.766Z","level":"warn","event":"TENANT_VALIDATION_FAILED","message":"Tenant validation failed for operation: read_op","context":{"tenant_id":"00000000-0000-1000-8000-000000000000","operation":"read_op","error_message":"Cross-tenant access attempt at index 0: entity belongs to tenant 00000000-0000-1000-8000-000000000001, but operation is for tenant 00000000-0000-1000-8000-000000000000","duration_ms":4,"context":{"index":0,"entity_tenant_id":"00000000-0000-1000-8000-000000000001","requested_tenant_id":"00000000-0000-1000-8000-000000000000"}}}
{"timestamp":"2026-02-04T02:52:43.766Z","level":"warn","event":"TENANT_VALIDATION_FAILED","message":"Tenant validation failed for operation: read_op","context":{"tenant_id":"00000000-0000-1000-8000-000000000000","operation":"read_op","error_message":"Cross-tenant access attempt at index 0: entity belongs to tenant 00000000-0000-1000-8000-000000000001, but operation is for tenant 00000000-0000-1000-8000-000000000000","duration_ms":4,"context":{"index":0,"entity_tenant_id":"00000000-0000-1000-8000-000000000001","requested_tenant_id":"00000000-0000-1000-8000-000000000000"}}}
{"timestamp":"2026-02-04T02:52:43.766Z","level":"warn","event":"TENANT_VALIDATION_FAILED","message":"Tenant validation failed for operation: read_op","context":{"tenant_id":"00000000-0000-1000-8000-000000000000","operation":"read_op","error_message":"Cross-tenant access attempt at index 0: entity belongs to tenant 00000000-0000-1000-8000-000000000001, but operation is for tenant 00000000-0000-1000-8000-000000000000","duration_ms":4,"context":{"index":0,"entity_tenant_id":"00000000-0000-1000-8000-000000000001","requested_tenant_id":"00000000-0000-1000-8000-000000000000"}}}
{"timestamp":"2026-02-04T02:52:43.766Z","level":"warn","event":"TENANT_VALIDATION_FAILED","message":"Tenant validation failed for operation: read_op","context":{"tenant_id":"00000000-0000-1000-8000-000000000000","operation":"read_op","error_message":"Cross-tenant access attempt at index 0: entity belongs to tenant 00000000-0000-1000-8000-000000000001, but operation is for tenant 00000000-0000-1000-8000-000000000000","duration_ms":4,"context":{"index":0,"entity_tenant_id":"00000000-0000-1000-8000-000000000001","requested_tenant_id":"00000000-0000-1000-8000-000000000000"}}}
{"timestamp":"2026-02-04T02:52:43.766Z","level":"warn","event":"TENANT_VALIDATION_FAILED","message":"Tenant validation failed for operation: read_op","context":{"tenant_id":"00000000-0000-1000-8000-000000000000","operation":"read_op","error_message":"Cross-tenant access attempt at index 0: entity belongs to tenant 00000000-0000-1000-8000-000000000001, but operation is for tenant 00000000-0000-1000-8000-000000000000","duration_ms":4,"context":{"index":0,"entity_tenant_id":"00000000-0000-1000-8000-000000000001","requested_tenant_id":"00000000-0000-1000-8000-000000000000"}}}
{"timestamp":"2026-02-04T02:52:43.766Z","level":"warn","event":"TENANT_VALIDATION_FAILED","message":"Tenant validation failed for operation: read_op","context":{"tenant_id":"00000000-0000-1000-8000-000000000000","operation":"read_op","error_message":"Cross-tenant access attempt at index 0: entity belongs to tenant 00000000-0000-1000-8000-000000000001, but operation is for tenant 00000000-0000-1000-8000-000000000000","duration_ms":4,"context":{"index":0,"entity_tenant_id":"00000000-0000-1000-8000-000000000001","requested_tenant_id":"00000000-0000-1000-8000-000000000000"}}}
{"timestamp":"2026-02-04T02:52:43.766Z","level":"warn","event":"TENANT_VALIDATION_FAILED","message":"Tenant validation failed for operation: read_op","context":{"tenant_id":"00000000-0000-1000-8000-000000000000","operation":"read_op","error_message":"Cross-tenant access attempt at index 0: entity belongs to tenant 00000000-0000-1000-8000-000000000001, but operation is for tenant 00000000-0000-1000-8000-000000000000","duration_ms":4,"context":{"index":0,"entity_tenant_id":"00000000-0000-1000-8000-000000000001","requested_tenant_id":"00000000-0000-1000-8000-000000000000"}}}
{"timestamp":"2026-02-04T02:52:43.766Z","level":"warn","event":"TENANT_VALIDATION_FAILED","message":"Tenant validation failed for operation: read_op","context":{"tenant_id":"00000000-0000-1000-8000-000000000000","operation":"read_op","error_message":"Cross-tenant access attempt at index 0: entity belongs to tenant 00000000-0000-1000-8000-000000000001, but operation is for tenant 00000000-0000-1000-8000-000000000000","duration_ms":4,"context":{"index":0,"entity_tenant_id":"00000000-0000-1000-8000-000000000001","requested_tenant_id":"00000000-0000-1000-8000-000000000000"}}}
{"timestamp":"2026-02-04T02:52:43.766Z","level":"warn","event":"TENANT_VALIDATION_FAILED","message":"Tenant validation failed for operation: read_op","context":{"tenant_id":"00000000-0000-1000-8000-000000000000","operation":"read_op","error_message":"Cross-tenant access attempt at index 0: entity belongs to tenant 00000000-0000-1000-8000-000000000001, but operation is for tenant 00000000-0000-1000-8000-000000000000","duration_ms":4,"context":{"index":0,"entity_tenant_id":"00000000-0000-1000-8000-000000000001","requested_tenant_id":"00000000-0000-1000-8000-000000000000"}}}
{"timestamp":"2026-02-04T02:52:43.766Z","level":"warn","event":"TENANT_VALIDATION_FAILED","message":"Tenant validation failed for operation: read_op","context":{"tenant_id":"00000000-0000-1000-8000-000000000000","operation":"read_op","error_message":"Cross-tenant access attempt at index 0: entity belongs to tenant 00000000-0000-1000-8000-000000000001, but operation is for tenant 00000000-0000-1000-8000-000000000000","duration_ms":4,"context":{"index":0,"entity_tenant_id":"00000000-0000-1000-8000-000000000001","requested_tenant_id":"00000000-0000-1000-8000-000000000000"}}}
{"timestamp":"2026-02-04T02:52:43.766Z","level":"warn","event":"TENANT_VALIDATION_FAILED","message":"Tenant validation failed for operation: read_op","context":{"tenant_id":"00000000-0000-1000-8000-000000000000","operation":"read_op","error_message":"Cross-tenant access attempt at index 0: entity belongs to tenant 00000000-0000-1000-8000-000000000001, but operation is for tenant 00000000-0000-1000-8000-000000000000","duration_ms":4,"context":{"index":0,"entity_tenant_id":"00000000-0000-1000-8000-000000000001","requested_tenant_id":"00000000-0000-1000-8000-000000000000"}}}
{"timestamp":"2026-02-04T02:52:43.766Z","level":"warn","event":"TENANT_VALIDATION_FAILED","message":"Tenant validation failed for operation: read_op","context":{"tenant_id":"00000000-0000-1000-8000-000000000000","operation":"read_op","error_message":"Cross-tenant access attempt at index 0: entity belongs to tenant 00000000-0000-1000-8000-000000000001, but operation is for tenant 00000000-0000-1000-8000-000000000000","duration_ms":4,"context":{"index":0,"entity_tenant_id":"00000000-0000-1000-8000-000000000001","requested_tenant_id":"00000000-0000-1000-8000-000000000000"}}}
{"timestamp":"2026-02-04T02:52:43.766Z","level":"warn","event":"TENANT_VALIDATION_FAILED","message":"Tenant validation failed for operation: read_op","context":{"tenant_id":"00000000-0000-1000-8000-000000000000","operation":"read_op","error_message":"Cross-tenant access attempt at index 0: entity belongs to tenant 00000000-0000-1000-8000-000000000001, but operation is for tenant 00000000-0000-1000-8000-000000000000","duration_ms":3,"context":{"index":0,"entity_tenant_id":"00000000-0000-1000-8000-000000000001","requested_tenant_id":"00000000-0000-1000-8000-000000000000"}}}
{"timestamp":"2026-02-04T02:52:43.767Z","level":"warn","event":"TENANT_VALIDATION_FAILED","message":"Tenant validation failed for operation: read_op","context":{"tenant_id":"00000000-0000-1000-8000-000000000000","operation":"read_op","error_message":"Cross-tenant access attempt at index 0: entity belongs to tenant 00000000-0000-1000-8000-000000000001, but operation is for tenant 00000000-0000-1000-8000-000000000000","duration_ms":4,"context":{"index":0,"entity_tenant_id":"00000000-0000-1000-8000-000000000001","requested_tenant_id":"00000000-0000-1000-8000-000000000000"}}}
{"timestamp":"2026-02-04T02:52:43.767Z","level":"warn","event":"TENANT_VALIDATION_FAILED","message":"Tenant validation failed for operation: read_op","context":{"tenant_id":"00000000-0000-1000-8000-000000000000","operation":"read_op","error_message":"Cross-tenant access attempt at index 0: entity belongs to tenant 00000000-0000-1000-8000-000000000001, but operation is for tenant 00000000-0000-1000-8000-000000000000","duration_ms":4,"context":{"index":0,"entity_tenant_id":"00000000-0000-1000-8000-000000000001","requested_tenant_id":"00000000-0000-1000-8000-000000000000"}}}
{"timestamp":"2026-02-04T02:52:43.767Z","level":"warn","event":"TENANT_VALIDATION_FAILED","message":"Tenant validation failed for operation: read_op","context":{"tenant_id":"00000000-0000-1000-8000-000000000000","operation":"read_op","error_message":"Cross-tenant access attempt at index 0: entity belongs to tenant 00000000-0000-1000-8000-000000000001, but operation is for tenant 00000000-0000-1000-8000-000000000000","duration_ms":4,"context":{"index":0,"entity_tenant_id":"00000000-0000-1000-8000-000000000001","requested_tenant_id":"00000000-0000-1000-8000-000000000000"}}}
{"timestamp":"2026-02-04T02:52:43.767Z","level":"warn","event":"TENANT_VALIDATION_FAILED","message":"Tenant validation failed for operation: read_op","context":{"tenant_id":"00000000-0000-1000-8000-000000000000","operation":"read_op","error_message":"Cross-tenant access attempt at index 0: entity belongs to tenant 00000000-0000-1000-8000-000000000001, but operation is for tenant 00000000-0000-1000-8000-000000000000","duration_ms":4,"context":{"index":0,"entity_tenant_id":"00000000-0000-1000-8000-000000000001","requested_tenant_id":"00000000-0000-1000-8000-000000000000"}}}
{"timestamp":"2026-02-04T02:52:43.767Z","level":"warn","event":"TENANT_VALIDATION_FAILED","message":"Tenant validation failed for operation: read_op","context":{"tenant_id":"00000000-0000-1000-8000-000000000000","operation":"read_op","error_message":"Cross-tenant access attempt at index 0: entity belongs to tenant 00000000-0000-1000-8000-000000000001, but operation is for tenant 00000000-0000-1000-8000-000000000000","duration_ms":4,"context":{"index":0,"entity_tenant_id":"00000000-0000-1000-8000-000000000001","requested_tenant_id":"00000000-0000-1000-8000-000000000000"}}}
{"timestamp":"2026-02-04T02:52:43.767Z","level":"warn","event":"TENANT_VALIDATION_FAILED","message":"Tenant validation failed for operation: read_op","context":{"tenant_id":"00000000-0000-1000-8000-000000000000","operation":"read_op","error_message":"Cross-tenant access attempt at index 0: entity belongs to tenant 00000000-0000-1000-8000-000000000001, but operation is for tenant 00000000-0000-1000-8000-000000000000","duration_ms":4,"context":{"index":0,"entity_tenant_id":"00000000-0000-1000-8000-000000000001","requested_tenant_id":"00000000-0000-1000-8000-000000000000"}}}
{"timestamp":"2026-02-04T02:52:43.767Z","level":"warn","event":"TENANT_VALIDATION_FAILED","message":"Tenant validation failed for operation: read_op","context":{"tenant_id":"00000000-0000-1000-8000-000000000000","operation":"read_op","error_message":"Cross-tenant access attempt at index 0: entity belongs to tenant 00000000-0000-1000-8000-000000000001, but operation is for tenant 00000000-0000-1000-8000-000000000000","duration_ms":4,"context":{"index":0,"entity_tenant_id":"00000000-0000-1000-8000-000000000001","requested_tenant_id":"00000000-0000-1000-8000-000000000000"}}}
{"timestamp":"2026-02-04T02:52:43.767Z","level":"warn","event":"TENANT_VALIDATION_FAILED","message":"Tenant validation failed for operation: read_op","context":{"tenant_id":"00000000-0000-1000-8000-000000000000","operation":"read_op","error_message":"Cross-tenant access attempt at index 0: entity belongs to tenant 00000000-0000-1000-8000-000000000001, but operation is for tenant 00000000-0000-1000-8000-000000000000","duration_ms":4,"context":{"index":0,"entity_tenant_id":"00000000-0000-1000-8000-000000000001","requested_tenant_id":"00000000-0000-1000-8000-000000000000"}}}
{"timestamp":"2026-02-04T02:52:43.767Z","level":"warn","event":"TENANT_VALIDATION_FAILED","message":"Tenant validation failed for operation: read_op","context":{"tenant_id":"00000000-0000-1000-8000-000000000000","operation":"read_op","error_message":"Cross-tenant access attempt at index 0: entity belongs to tenant 00000000-0000-1000-8000-000000000001, but operation is for tenant 00000000-0000-1000-8000-000000000000","duration_ms":4,"context":{"index":0,"entity_tenant_id":"00000000-0000-1000-8000-000000000001","requested_tenant_id":"00000000-0000-1000-8000-000000000000"}}}
{"timestamp":"2026-02-04T02:52:43.767Z","level":"warn","event":"TENANT_VALIDATION_FAILED","message":"Tenant validation failed for operation: read_op","context":{"tenant_id":"00000000-0000-1000-8000-000000000000","operation":"read_op","error_message":"Cross-tenant access attempt at index 0: entity belongs to tenant 00000000-0000-1000-8000-000000000001, but operation is for tenant 00000000-0000-1000-8000-000000000000","duration_ms":4,"context":{"index":0,"entity_tenant_id":"00000000-0000-1000-8000-000000000001","requested_tenant_id":"00000000-0000-1000-8000-000000000000"}}}
{"timestamp":"2026-02-04T02:52:43.767Z","level":"warn","event":"TENANT_VALIDATION_FAILED","message":"Tenant validation failed for operation: read_op","context":{"tenant_id":"00000000-0000-1000-8000-000000000000","operation":"read_op","error_message":"Cross-tenant access attempt at index 0: entity belongs to tenant 00000000-0000-1000-8000-000000000001, but operation is for tenant 00000000-0000-1000-8000-000000000000","duration_ms":4,"context":{"index":0,"entity_tenant_id":"00000000-0000-1000-8000-000000000001","requested_tenant_id":"00000000-0000-1000-8000-000000000000"}}}
{"timestamp":"2026-02-04T02:52:43.767Z","level":"warn","event":"TENANT_VALIDATION_FAILED","message":"Tenant validation failed for operation: read_op","context":{"tenant_id":"00000000-0000-1000-8000-000000000000","operation":"read_op","error_message":"Cross-tenant access attempt at index 0: entity belongs to tenant 00000000-0000-1000-8000-000000000001, but operation is for tenant 00000000-0000-1000-8000-000000000000","duration_ms":4,"context":{"index":0,"entity_tenant_id":"00000000-0000-1000-8000-000000000001","requested_tenant_id":"00000000-0000-1000-8000-000000000000"}}}
{"timestamp":"2026-02-04T02:52:43.767Z","level":"warn","event":"TENANT_VALIDATION_FAILED","message":"Tenant validation failed for operation: read_op","context":{"tenant_id":"00000000-0000-1000-8000-000000000000","operation":"read_op","error_message":"Cross-tenant access attempt at index 0: entity belongs to tenant 00000000-0000-1000-8000-000000000001, but operation is for tenant 00000000-0000-1000-8000-000000000000","duration_ms":3,"context":{"index":0,"entity_tenant_id":"00000000-0000-1000-8000-000000000001","requested_tenant_id":"00000000-0000-1000-8000-000000000000"}}}
{"timestamp":"2026-02-04T02:52:43.767Z","level":"warn","event":"TENANT_VALIDATION_FAILED","message":"Tenant validation failed for operation: read_op","context":{"tenant_id":"00000000-0000-1000-8000-000000000000","operation":"read_op","error_message":"Cross-tenant access attempt at index 0: entity belongs to tenant 00000000-0000-1000-8000-000000000001, but operation is for tenant 00000000-0000-1000-8000-000000000000","duration_ms":3,"context":{"index":0,"entity_tenant_id":"00000000-0000-1000-8000-000000000001","requested_tenant_id":"00000000-0000-1000-8000-000000000000"}}}
{"timestamp":"2026-02-04T02:52:43.767Z","level":"warn","event":"TENANT_VALIDATION_FAILED","message":"Tenant validation failed for operation: read_op","context":{"tenant_id":"00000000-0000-1000-8000-000000000000","operation":"read_op","error_message":"Cross-tenant access attempt at index 0: entity belongs to tenant 00000000-0000-1000-8000-000000000001, but operation is for tenant 00000000-0000-1000-8000-000000000000","duration_ms":3,"context":{"index":0,"entity_tenant_id":"00000000-0000-1000-8000-000000000001","requested_tenant_id":"00000000-0000-1000-8000-000000000000"}}}
{"timestamp":"2026-02-04T02:52:43.767Z","level":"warn","event":"TENANT_VALIDATION_FAILED","message":"Tenant validation failed for operation: read_op","context":{"tenant_id":"00000000-0000-1000-8000-000000000000","operation":"read_op","error_message":"Cross-tenant access attempt at index 0: entity belongs to tenant 00000000-0000-1000-8000-000000000001, but operation is for tenant 00000000-0000-1000-8000-000000000000","duration_ms":3,"context":{"index":0,"entity_tenant_id":"00000000-0000-1000-8000-000000000001","requested_tenant_id":"00000000-0000-1000-8000-000000000000"}}}
{"timestamp":"2026-02-04T02:52:43.767Z","level":"warn","event":"TENANT_VALIDATION_FAILED","message":"Tenant validation failed for operation: read_op","context":{"tenant_id":"00000000-0000-1000-8000-000000000000","operation":"read_op","error_message":"Cross-tenant access attempt at index 0: entity belongs to tenant 00000000-0000-1000-8000-000000000001, but operation is for tenant 00000000-0000-1000-8000-000000000000","duration_ms":2,"context":{"index":0,"entity_tenant_id":"00000000-0000-1000-8000-000000000001","requested_tenant_id":"00000000-0000-1000-8000-000000000000"}}}

stderr | src/core/indexeddb/__tests__/tenant-validation.property.test.ts > Tenant Validation Middleware - Properties > Cross-Tenant Access Prevention > should never allow writing cross-tenant entities
{"timestamp":"2026-02-04T02:52:43.769Z","level":"warn","event":"TENANT_VALIDATION_FAILED","message":"Tenant validation failed for operation: write_op","context":{"tenant_id":"edf9937a-bba3-2ccf-bfff-fff10000001a","operation":"write_op","error_message":"Cross-tenant access attempt: entity belongs to tenant 082c7674-f7af-3cb0-a8c4-f139fffffff4, but operation is for tenant edf9937a-bba3-2ccf-bfff-fff10000001a","duration_ms":0,"context":{"entity_tenant_id":"082c7674-f7af-3cb0-a8c4-f139fffffff4","requested_tenant_id":"edf9937a-bba3-2ccf-bfff-fff10000001a"}}}
{"timestamp":"2026-02-04T02:52:43.769Z","level":"warn","event":"TENANT_VALIDATION_FAILED","message":"Tenant validation failed for operation: write_op","context":{"tenant_id":"00000000-bba3-2ccf-bfff-fff10000001a","operation":"write_op","error_message":"Cross-tenant access attempt: entity belongs to tenant 082c7674-f7af-3cb0-a8c4-f139fffffff4, but operation is for tenant 00000000-bba3-2ccf-bfff-fff10000001a","duration_ms":0,"context":{"entity_tenant_id":"082c7674-f7af-3cb0-a8c4-f139fffffff4","requested_tenant_id":"00000000-bba3-2ccf-bfff-fff10000001a"}}}
{"timestamp":"2026-02-04T02:52:43.769Z","level":"warn","event":"TENANT_VALIDATION_FAILED","message":"Tenant validation failed for operation: write_op","context":{"tenant_id":"00000000-0000-1000-bfff-fff10000001a","operation":"write_op","error_message":"Cross-tenant access attempt: entity belongs to tenant 082c7674-f7af-3cb0-a8c4-f139fffffff4, but operation is for tenant 00000000-0000-1000-bfff-fff10000001a","duration_ms":0,"context":{"entity_tenant_id":"082c7674-f7af-3cb0-a8c4-f139fffffff4","requested_tenant_id":"00000000-0000-1000-bfff-fff10000001a"}}}
{"timestamp":"2026-02-04T02:52:43.769Z","level":"warn","event":"TENANT_VALIDATION_FAILED","message":"Tenant validation failed for operation: write_op","context":{"tenant_id":"00000000-0000-1000-8000-00000000001a","operation":"write_op","error_message":"Cross-tenant access attempt: entity belongs to tenant 082c7674-f7af-3cb0-a8c4-f139fffffff4, but operation is for tenant 00000000-0000-1000-8000-00000000001a","duration_ms":0,"context":{"entity_tenant_id":"082c7674-f7af-3cb0-a8c4-f139fffffff4","requested_tenant_id":"00000000-0000-1000-8000-00000000001a"}}}
{"timestamp":"2026-02-04T02:52:43.769Z","level":"warn","event":"TENANT_VALIDATION_FAILED","message":"Tenant validation failed for operation: write_op","context":{"tenant_id":"00000000-0000-1000-8000-000000000000","operation":"write_op","error_message":"Cross-tenant access attempt: entity belongs to tenant 082c7674-f7af-3cb0-a8c4-f139fffffff4, but operation is for tenant 00000000-0000-1000-8000-000000000000","duration_ms":0,"context":{"entity_tenant_id":"082c7674-f7af-3cb0-a8c4-f139fffffff4","requested_tenant_id":"00000000-0000-1000-8000-000000000000"}}}
{"timestamp":"2026-02-04T02:52:43.769Z","level":"warn","event":"TENANT_VALIDATION_FAILED","message":"Tenant validation failed for operation: write_op","context":{"tenant_id":"00000000-0000-1000-8000-000000000000","operation":"write_op","error_message":"Cross-tenant access attempt: entity belongs to tenant 00000000-f7af-3cb0-a8c4-f139fffffff4, but operation is for tenant 00000000-0000-1000-8000-000000000000","duration_ms":0,"context":{"entity_tenant_id":"00000000-f7af-3cb0-a8c4-f139fffffff4","requested_tenant_id":"00000000-0000-1000-8000-000000000000"}}}
{"timestamp":"2026-02-04T02:52:43.769Z","level":"warn","event":"TENANT_VALIDATION_FAILED","message":"Tenant validation failed for operation: write_op","context":{"tenant_id":"00000000-0000-1000-8000-000000000000","operation":"write_op","error_message":"Cross-tenant access attempt: entity belongs to tenant 00000000-0000-1000-a8c4-f139fffffff4, but operation is for tenant 00000000-0000-1000-8000-000000000000","duration_ms":0,"context":{"entity_tenant_id":"00000000-0000-1000-a8c4-f139fffffff4","requested_tenant_id":"00000000-0000-1000-8000-000000000000"}}}
{"timestamp":"2026-02-04T02:52:43.770Z","level":"warn","event":"TENANT_VALIDATION_FAILED","message":"Tenant validation failed for operation: write_op","context":{"tenant_id":"00000000-0000-1000-8000-000000000000","operation":"write_op","error_message":"Cross-tenant access attempt: entity belongs to tenant 00000000-0000-1000-8000-0000fffffff4, but operation is for tenant 00000000-0000-1000-8000-000000000000","duration_ms":0,"context":{"entity_tenant_id":"00000000-0000-1000-8000-0000fffffff4","requested_tenant_id":"00000000-0000-1000-8000-000000000000"}}}
{"timestamp":"2026-02-04T02:52:43.770Z","level":"warn","event":"TENANT_VALIDATION_FAILED","message":"Tenant validation failed for operation: write_op","context":{"tenant_id":"00000000-0000-1000-8000-000000000000","operation":"write_op","error_message":"Cross-tenant access attempt: entity belongs to tenant 00000000-0000-1000-8000-00007ffffffa, but operation is for tenant 00000000-0000-1000-8000-000000000000","duration_ms":0,"context":{"entity_tenant_id":"00000000-0000-1000-8000-00007ffffffa","requested_tenant_id":"00000000-0000-1000-8000-000000000000"}}}
{"timestamp":"2026-02-04T02:52:43.770Z","level":"warn","event":"TENANT_VALIDATION_FAILED","message":"Tenant validation failed for operation: write_op","context":{"tenant_id":"00000000-0000-1000-8000-000000000000","operation":"write_op","error_message":"Cross-tenant access attempt: entity belongs to tenant 00000000-0000-1000-8000-00003ffffffd, but operation is for tenant 00000000-0000-1000-8000-000000000000","duration_ms":0,"context":{"entity_tenant_id":"00000000-0000-1000-8000-00003ffffffd","requested_tenant_id":"00000000-0000-1000-8000-000000000000"}}}
{"timestamp":"2026-02-04T02:52:43.770Z","level":"warn","event":"TENANT_VALIDATION_FAILED","message":"Tenant validation failed for operation: write_op","context":{"tenant_id":"00000000-0000-1000-8000-000000000000","operation":"write_op","error_message":"Cross-tenant access attempt: entity belongs to tenant 00000000-0000-1000-8000-00001fffffff, but operation is for tenant 00000000-0000-1000-8000-000000000000","duration_ms":0,"context":{"entity_tenant_id":"00000000-0000-1000-8000-00001fffffff","requested_tenant_id":"00000000-0000-1000-8000-000000000000"}}}
{"timestamp":"2026-02-04T02:52:43.770Z","level":"warn","event":"TENANT_VALIDATION_FAILED","message":"Tenant validation failed for operation: write_op","context":{"tenant_id":"00000000-0000-1000-8000-000000000000","operation":"write_op","error_message":"Cross-tenant access attempt: entity belongs to tenant 00000000-0000-1000-8000-000010000000, but operation is for tenant 00000000-0000-1000-8000-000000000000","duration_ms":0,"context":{"entity_tenant_id":"00000000-0000-1000-8000-000010000000","requested_tenant_id":"00000000-0000-1000-8000-000000000000"}}}
{"timestamp":"2026-02-04T02:52:43.770Z","level":"warn","event":"TENANT_VALIDATION_FAILED","message":"Tenant validation failed for operation: write_op","context":{"tenant_id":"00000000-0000-1000-8000-000000000000","operation":"write_op","error_message":"Cross-tenant access attempt: entity belongs to tenant 00000000-0000-1000-8000-000008000000, but operation is for tenant 00000000-0000-1000-8000-000000000000","duration_ms":0,"context":{"entity_tenant_id":"00000000-0000-1000-8000-000008000000","requested_tenant_id":"00000000-0000-1000-8000-000000000000"}}}
{"timestamp":"2026-02-04T02:52:43.770Z","level":"warn","event":"TENANT_VALIDATION_FAILED","message":"Tenant validation failed for operation: write_op","context":{"tenant_id":"00000000-0000-1000-8000-000000000000","operation":"write_op","error_message":"Cross-tenant access attempt: entity belongs to tenant 00000000-0000-1000-8000-000004000000, but operation is for tenant 00000000-0000-1000-8000-000000000000","duration_ms":0,"context":{"entity_tenant_id":"00000000-0000-1000-8000-000004000000","requested_tenant_id":"00000000-0000-1000-8000-000000000000"}}}
{"timestamp":"2026-02-04T02:52:43.770Z","level":"warn","event":"TENANT_VALIDATION_FAILED","message":"Tenant validation failed for operation: write_op","context":{"tenant_id":"00000000-0000-1000-8000-000000000000","operation":"write_op","error_message":"Cross-tenant access attempt: entity belongs to tenant 00000000-0000-1000-8000-000002000000, but operation is for tenant 00000000-0000-1000-8000-000000000000","duration_ms":0,"context":{"entity_tenant_id":"00000000-0000-1000-8000-000002000000","requested_tenant_id":"00000000-0000-1000-8000-000000000000"}}}
{"timestamp":"2026-02-04T02:52:43.770Z","level":"warn","event":"TENANT_VALIDATION_FAILED","message":"Tenant validation failed for operation: write_op","context":{"tenant_id":"00000000-0000-1000-8000-000000000000","operation":"write_op","error_message":"Cross-tenant access attempt: entity belongs to tenant 00000000-0000-1000-8000-000001000000, but operation is for tenant 00000000-0000-1000-8000-000000000000","duration_ms":0,"context":{"entity_tenant_id":"00000000-0000-1000-8000-000001000000","requested_tenant_id":"00000000-0000-1000-8000-000000000000"}}}
{"timestamp":"2026-02-04T02:52:43.770Z","level":"warn","event":"TENANT_VALIDATION_FAILED","message":"Tenant validation failed for operation: write_op","context":{"tenant_id":"00000000-0000-1000-8000-000000000000","operation":"write_op","error_message":"Cross-tenant access attempt: entity belongs to tenant 00000000-0000-1000-8000-000000800000, but operation is for tenant 00000000-0000-1000-8000-000000000000","duration_ms":0,"context":{"entity_tenant_id":"00000000-0000-1000-8000-000000800000","requested_tenant_id":"00000000-0000-1000-8000-000000000000"}}}
{"timestamp":"2026-02-04T02:52:43.771Z","level":"warn","event":"TENANT_VALIDATION_FAILED","message":"Tenant validation failed for operation: write_op","context":{"tenant_id":"00000000-0000-1000-8000-000000000000","operation":"write_op","error_message":"Cross-tenant access attempt: entity belongs to tenant 00000000-0000-1000-8000-000000400000, but operation is for tenant 00000000-0000-1000-8000-000000000000","duration_ms":0,"context":{"entity_tenant_id":"00000000-0000-1000-8000-000000400000","requested_tenant_id":"00000000-0000-1000-8000-000000000000"}}}
{"timestamp":"2026-02-04T02:52:43.771Z","level":"warn","event":"TENANT_VALIDATION_FAILED","message":"Tenant validation failed for operation: write_op","context":{"tenant_id":"00000000-0000-1000-8000-000000000000","operation":"write_op","error_message":"Cross-tenant access attempt: entity belongs to tenant 00000000-0000-1000-8000-000000200000, but operation is for tenant 00000000-0000-1000-8000-000000000000","duration_ms":0,"context":{"entity_tenant_id":"00000000-0000-1000-8000-000000200000","requested_tenant_id":"00000000-0000-1000-8000-000000000000"}}}
{"timestamp":"2026-02-04T02:52:43.771Z","level":"warn","event":"TENANT_VALIDATION_FAILED","message":"Tenant validation failed for operation: write_op","context":{"tenant_id":"00000000-0000-1000-8000-000000000000","operation":"write_op","error_message":"Cross-tenant access attempt: entity belongs to tenant 00000000-0000-1000-8000-000000100000, but operation is for tenant 00000000-0000-1000-8000-000000000000","duration_ms":0,"context":{"entity_tenant_id":"00000000-0000-1000-8000-000000100000","requested_tenant_id":"00000000-0000-1000-8000-000000000000"}}}
{"timestamp":"2026-02-04T02:52:43.771Z","level":"warn","event":"TENANT_VALIDATION_FAILED","message":"Tenant validation failed for operation: write_op","context":{"tenant_id":"00000000-0000-1000-8000-000000000000","operation":"write_op","error_message":"Cross-tenant access attempt: entity belongs to tenant 00000000-0000-1000-8000-000000080000, but operation is for tenant 00000000-0000-1000-8000-000000000000","duration_ms":0,"context":{"entity_tenant_id":"00000000-0000-1000-8000-000000080000","requested_tenant_id":"00000000-0000-1000-8000-000000000000"}}}
{"timestamp":"2026-02-04T02:52:43.771Z","level":"warn","event":"TENANT_VALIDATION_FAILED","message":"Tenant validation failed for operation: write_op","context":{"tenant_id":"00000000-0000-1000-8000-000000000000","operation":"write_op","error_message":"Cross-tenant access attempt: entity belongs to tenant 00000000-0000-1000-8000-000000040000, but operation is for tenant 00000000-0000-1000-8000-000000000000","duration_ms":0,"context":{"entity_tenant_id":"00000000-0000-1000-8000-000000040000","requested_tenant_id":"00000000-0000-1000-8000-000000000000"}}}
{"timestamp":"2026-02-04T02:52:43.771Z","level":"warn","event":"TENANT_VALIDATION_FAILED","message":"Tenant validation failed for operation: write_op","context":{"tenant_id":"00000000-0000-1000-8000-000000000000","operation":"write_op","error_message":"Cross-tenant access attempt: entity belongs to tenant 00000000-0000-1000-8000-000000020000, but operation is for tenant 00000000-0000-1000-8000-000000000000","duration_ms":0,"context":{"entity_tenant_id":"00000000-0000-1000-8000-000000020000","requested_tenant_id":"00000000-0000-1000-8000-000000000000"}}}
{"timestamp":"2026-02-04T02:52:43.771Z","level":"warn","event":"TENANT_VALIDATION_FAILED","message":"Tenant validation failed for operation: write_op","context":{"tenant_id":"00000000-0000-1000-8000-000000000000","operation":"write_op","error_message":"Cross-tenant access attempt: entity belongs to tenant 00000000-0000-1000-8000-000000010000, but operation is for tenant 00000000-0000-1000-8000-000000000000","duration_ms":0,"context":{"entity_tenant_id":"00000000-0000-1000-8000-000000010000","requested_tenant_id":"00000000-0000-1000-8000-000000000000"}}}
{"timestamp":"2026-02-04T02:52:43.771Z","level":"warn","event":"TENANT_VALIDATION_FAILED","message":"Tenant validation failed for operation: write_op","context":{"tenant_id":"00000000-0000-1000-8000-000000000000","operation":"write_op","error_message":"Cross-tenant access attempt: entity belongs to tenant 00000000-0000-1000-8000-000000008000, but operation is for tenant 00000000-0000-1000-8000-000000000000","duration_ms":0,"context":{"entity_tenant_id":"00000000-0000-1000-8000-000000008000","requested_tenant_id":"00000000-0000-1000-8000-000000000000"}}}
{"timestamp":"2026-02-04T02:52:43.771Z","level":"warn","event":"TENANT_VALIDATION_FAILED","message":"Tenant validation failed for operation: write_op","context":{"tenant_id":"00000000-0000-1000-8000-000000000000","operation":"write_op","error_message":"Cross-tenant access attempt: entity belongs to tenant 00000000-0000-1000-8000-000000004000, but operation is for tenant 00000000-0000-1000-8000-000000000000","duration_ms":0,"context":{"entity_tenant_id":"00000000-0000-1000-8000-000000004000","requested_tenant_id":"00000000-0000-1000-8000-000000000000"}}}
{"timestamp":"2026-02-04T02:52:43.771Z","level":"warn","event":"TENANT_VALIDATION_FAILED","message":"Tenant validation failed for operation: write_op","context":{"tenant_id":"00000000-0000-1000-8000-000000000000","operation":"write_op","error_message":"Cross-tenant access attempt: entity belongs to tenant 00000000-0000-1000-8000-000000002000, but operation is for tenant 00000000-0000-1000-8000-000000000000","duration_ms":0,"context":{"entity_tenant_id":"00000000-0000-1000-8000-000000002000","requested_tenant_id":"00000000-0000-1000-8000-000000000000"}}}
{"timestamp":"2026-02-04T02:52:43.771Z","level":"warn","event":"TENANT_VALIDATION_FAILED","message":"Tenant validation failed for operation: write_op","context":{"tenant_id":"00000000-0000-1000-8000-000000000000","operation":"write_op","error_message":"Cross-tenant access attempt: entity belongs to tenant 00000000-0000-1000-8000-000000001000, but operation is for tenant 00000000-0000-1000-8000-000000000000","duration_ms":0,"context":{"entity_tenant_id":"00000000-0000-1000-8000-000000001000","requested_tenant_id":"00000000-0000-1000-8000-000000000000"}}}
{"timestamp":"2026-02-04T02:52:43.772Z","level":"warn","event":"TENANT_VALIDATION_FAILED","message":"Tenant validation failed for operation: write_op","context":{"tenant_id":"00000000-0000-1000-8000-000000000000","operation":"write_op","error_message":"Cross-tenant access attempt: entity belongs to tenant 00000000-0000-1000-8000-000000000800, but operation is for tenant 00000000-0000-1000-8000-000000000000","duration_ms":0,"context":{"entity_tenant_id":"00000000-0000-1000-8000-000000000800","requested_tenant_id":"00000000-0000-1000-8000-000000000000"}}}
{"timestamp":"2026-02-04T02:52:43.772Z","level":"warn","event":"TENANT_VALIDATION_FAILED","message":"Tenant validation failed for operation: write_op","context":{"tenant_id":"00000000-0000-1000-8000-000000000000","operation":"write_op","error_message":"Cross-tenant access attempt: entity belongs to tenant 00000000-0000-1000-8000-000000000400, but operation is for tenant 00000000-0000-1000-8000-000000000000","duration_ms":0,"context":{"entity_tenant_id":"00000000-0000-1000-8000-000000000400","requested_tenant_id":"00000000-0000-1000-8000-000000000000"}}}
{"timestamp":"2026-02-04T02:52:43.772Z","level":"warn","event":"TENANT_VALIDATION_FAILED","message":"Tenant validation failed for operation: write_op","context":{"tenant_id":"00000000-0000-1000-8000-000000000000","operation":"write_op","error_message":"Cross-tenant access attempt: entity belongs to tenant 00000000-0000-1000-8000-000000000200, but operation is for tenant 00000000-0000-1000-8000-000000000000","duration_ms":0,"context":{"entity_tenant_id":"00000000-0000-1000-8000-000000000200","requested_tenant_id":"00000000-0000-1000-8000-000000000000"}}}
{"timestamp":"2026-02-04T02:52:43.772Z","level":"warn","event":"TENANT_VALIDATION_FAILED","message":"Tenant validation failed for operation: write_op","context":{"tenant_id":"00000000-0000-1000-8000-000000000000","operation":"write_op","error_message":"Cross-tenant access attempt: entity belongs to tenant 00000000-0000-1000-8000-000000000100, but operation is for tenant 00000000-0000-1000-8000-000000000000","duration_ms":0,"context":{"entity_tenant_id":"00000000-0000-1000-8000-000000000100","requested_tenant_id":"00000000-0000-1000-8000-000000000000"}}}
{"timestamp":"2026-02-04T02:52:43.772Z","level":"warn","event":"TENANT_VALIDATION_FAILED","message":"Tenant validation failed for operation: write_op","context":{"tenant_id":"00000000-0000-1000-8000-000000000000","operation":"write_op","error_message":"Cross-tenant access attempt: entity belongs to tenant 00000000-0000-1000-8000-000000000080, but operation is for tenant 00000000-0000-1000-8000-000000000000","duration_ms":0,"context":{"entity_tenant_id":"00000000-0000-1000-8000-000000000080","requested_tenant_id":"00000000-0000-1000-8000-000000000000"}}}
{"timestamp":"2026-02-04T02:52:43.772Z","level":"warn","event":"TENANT_VALIDATION_FAILED","message":"Tenant validation failed for operation: write_op","context":{"tenant_id":"00000000-0000-1000-8000-000000000000","operation":"write_op","error_message":"Cross-tenant access attempt: entity belongs to tenant 00000000-0000-1000-8000-000000000040, but operation is for tenant 00000000-0000-1000-8000-000000000000","duration_ms":0,"context":{"entity_tenant_id":"00000000-0000-1000-8000-000000000040","requested_tenant_id":"00000000-0000-1000-8000-000000000000"}}}
{"timestamp":"2026-02-04T02:52:43.772Z","level":"warn","event":"TENANT_VALIDATION_FAILED","message":"Tenant validation failed for operation: write_op","context":{"tenant_id":"00000000-0000-1000-8000-000000000000","operation":"write_op","error_message":"Cross-tenant access attempt: entity belongs to tenant 00000000-0000-1000-8000-000000000020, but operation is for tenant 00000000-0000-1000-8000-000000000000","duration_ms":0,"context":{"entity_tenant_id":"00000000-0000-1000-8000-000000000020","requested_tenant_id":"00000000-0000-1000-8000-000000000000"}}}
{"timestamp":"2026-02-04T02:52:43.772Z","level":"warn","event":"TENANT_VALIDATION_FAILED","message":"Tenant validation failed for operation: write_op","context":{"tenant_id":"00000000-0000-1000-8000-000000000000","operation":"write_op","error_message":"Cross-tenant access attempt: entity belongs to tenant 00000000-0000-1000-8000-000000000010, but operation is for tenant 00000000-0000-1000-8000-000000000000","duration_ms":0,"context":{"entity_tenant_id":"00000000-0000-1000-8000-000000000010","requested_tenant_id":"00000000-0000-1000-8000-000000000000"}}}
{"timestamp":"2026-02-04T02:52:43.772Z","level":"warn","event":"TENANT_VALIDATION_FAILED","message":"Tenant validation failed for operation: write_op","context":{"tenant_id":"00000000-0000-1000-8000-000000000000","operation":"write_op","error_message":"Cross-tenant access attempt: entity belongs to tenant 00000000-0000-1000-8000-000000000008, but operation is for tenant 00000000-0000-1000-8000-000000000000","duration_ms":0,"context":{"entity_tenant_id":"00000000-0000-1000-8000-000000000008","requested_tenant_id":"00000000-0000-1000-8000-000000000000"}}}
{"timestamp":"2026-02-04T02:52:43.772Z","level":"warn","event":"TENANT_VALIDATION_FAILED","message":"Tenant validation failed for operation: write_op","context":{"tenant_id":"00000000-0000-1000-8000-000000000000","operation":"write_op","error_message":"Cross-tenant access attempt: entity belongs to tenant 00000000-0000-1000-8000-000000000004, but operation is for tenant 00000000-0000-1000-8000-000000000000","duration_ms":0,"context":{"entity_tenant_id":"00000000-0000-1000-8000-000000000004","requested_tenant_id":"00000000-0000-1000-8000-000000000000"}}}
{"timestamp":"2026-02-04T02:52:43.772Z","level":"warn","event":"TENANT_VALIDATION_FAILED","message":"Tenant validation failed for operation: write_op","context":{"tenant_id":"00000000-0000-1000-8000-000000000000","operation":"write_op","error_message":"Cross-tenant access attempt: entity belongs to tenant 00000000-0000-1000-8000-000000000002, but operation is for tenant 00000000-0000-1000-8000-000000000000","duration_ms":0,"context":{"entity_tenant_id":"00000000-0000-1000-8000-000000000002","requested_tenant_id":"00000000-0000-1000-8000-000000000000"}}}
{"timestamp":"2026-02-04T02:52:43.773Z","level":"warn","event":"TENANT_VALIDATION_FAILED","message":"Tenant validation failed for operation: write_op","context":{"tenant_id":"00000000-0000-1000-8000-000000000000","operation":"write_op","error_message":"Cross-tenant access attempt: entity belongs to tenant 00000000-0000-1000-8000-000000000001, but operation is for tenant 00000000-0000-1000-8000-000000000000","duration_ms":0,"context":{"entity_tenant_id":"00000000-0000-1000-8000-000000000001","requested_tenant_id":"00000000-0000-1000-8000-000000000000"}}}
{"timestamp":"2026-02-04T02:52:43.773Z","level":"warn","event":"TENANT_VALIDATION_FAILED","message":"Tenant validation failed for operation: write_op","context":{"tenant_id":"00000000-0000-1000-8000-000000000000","operation":"write_op","error_message":"Cross-tenant access attempt: entity belongs to tenant 00000000-0000-1000-8000-000000000001, but operation is for tenant 00000000-0000-1000-8000-000000000000","duration_ms":0,"context":{"entity_tenant_id":"00000000-0000-1000-8000-000000000001","requested_tenant_id":"00000000-0000-1000-8000-000000000000"}}}

 [31mÔØ»[39m src/core/indexeddb/__tests__/tenant-validation.property.test.ts [2m([22m[2m17 tests[22m[2m | [22m[31m4 failed[39m[2m)[22m[33m 598[2mms[22m[39m
       [32mÔ£ô[39m should reject any cross-tenant entity access[32m 54[2mms[22m[39m
       [32mÔ£ô[39m should accept only same-tenant entity access[32m 24[2mms[22m[39m
       [32mÔ£ô[39m should reject batch operations with any cross-tenant entity[32m 81[2mms[22m[39m
       [32mÔ£ô[39m should accept batch operations with all same-tenant entities[32m 60[2mms[22m[39m
       [32mÔ£ô[39m should validate tenant_id format before allowing access[32m 4[2mms[22m[39m
[31m       [31m├ù[31m should prevent read operations on cross-tenant data[39m[32m 20[2mms[22m[39m
[31m       [31m├ù[31m should prevent write operations on cross-tenant data[39m[32m 6[2mms[22m[39m
       [32mÔ£ô[39m should maintain separate data for different tenants[32m 87[2mms[22m[39m
       [32mÔ£ô[39m should enforce tenant isolation on all operations[32m 27[2mms[22m[39m
       [32mÔ£ô[39m should validate tenant_id consistency across operations[32m 80[2mms[22m[39m
       [32mÔ£ô[39m should reject operations with invalid tenant_id format[32m 8[2mms[22m[39m
       [32mÔ£ô[39m should maintain isolation even with similar tenant_ids[32m 17[2mms[22m[39m
[31m       [31m├ù[31m should never allow reading cross-tenant entities[39m[32m 9[2mms[22m[39m
[31m       [31m├ù[31m should never allow writing cross-tenant entities[39m[32m 6[2mms[22m[39m
       [32mÔ£ô[39m should validate all entities in batch operations[32m 73[2mms[22m[39m
       [32mÔ£ô[39m should consistently validate the same tenant_id[32m 23[2mms[22m[39m
       [32mÔ£ô[39m should consistently reject the same invalid tenant_id[32m 16[2mms[22m[39m

ÔÄ»ÔÄ»ÔÄ»ÔÄ»ÔÄ»ÔÄ»ÔÄ» Failed Tests 4 ÔÄ»ÔÄ»ÔÄ»ÔÄ»ÔÄ»ÔÄ»ÔÄ»

 FAIL  src/core/indexeddb/__tests__/tenant-validation.property.test.ts > Tenant Validation Middleware - Properties > Property 20: Local Storage Isolation Prevents Cross-Tenant Access > should prevent read operations on cross-tenant data
Error: Property failed after 1 tests
{ seed: -2054560687, path: "0:0:0:0:0:0:0:0:1:0:0:0:0:0:0:0:0:0:0:0:0:0:0:0:0:0:0:0:0:0:0:0:0:0:0:0:0:0:0:0", endOnFailure: true }
Counterexample: ["00000000-0000-1000-8000-000000000000","00000000-0000-1000-8000-000000000001"]
Shrunk 39 time(s)

Hint: Enable verbose mode in order to have the list of all failing values encountered during the run
 ÔØ» buildError node_modules/fast-check/lib/check/runner/utils/RunDetailsFormatter.js:156:19
 ÔØ» throwIfFailed node_modules/fast-check/lib/check/runner/utils/RunDetailsFormatter.js:165:11
 ÔØ» reportRunDetails node_modules/fast-check/lib/check/runner/utils/RunDetailsFormatter.js:178:16
 ÔØ» Module.assert node_modules/fast-check/lib/check/runner/Runner.js:61:9
 ÔØ» src/core/indexeddb/__tests__/tenant-validation.property.test.ts:177:23
    175| 
    176|         it('should prevent read operations on cross-tenant data', () =ÔÇª
    177|             return fc.assert(
       |                       ^
    178|                 fc.property(
    179|                     validUuidArbitrary(),

Caused by: Error: Property failed by returning false
 ÔØ» Property.run node_modules/fast-check/lib/check/property/Property.generic.js:46:28
 ÔØ» runIt node_modules/fast-check/lib/check/runner/Runner.js:14:30
 ÔØ» check node_modules/fast-check/lib/check/runner/Runner.js:54:11
 ÔØ» Module.assert node_modules/fast-check/lib/check/runner/Runner.js:57:17
 ÔØ» src/core/indexeddb/__tests__/tenant-validation.property.test.ts:177:23

ÔÄ»ÔÄ»ÔÄ»ÔÄ»ÔÄ»ÔÄ»ÔÄ»ÔÄ»ÔÄ»ÔÄ»ÔÄ»ÔÄ»ÔÄ»ÔÄ»ÔÄ»ÔÄ»ÔÄ»ÔÄ»ÔÄ»ÔÄ»ÔÄ»ÔÄ»ÔÄ»ÔÄ»[1/4]ÔÄ»

 FAIL  src/core/indexeddb/__tests__/tenant-validation.property.test.ts > Tenant Validation Middleware - Properties > Property 20: Local Storage Isolation Prevents Cross-Tenant Access > should prevent write operations on cross-tenant data
Error: Property failed after 1 tests
{ seed: 1547974522, path: "0:0:0:0:0:0:0:0:1:0:0:0:0:0:0:0:0:0:0:0:0:0:0:0:0:0:0:0:0:0:0:0:0:0:0:0:0:0:0:0", endOnFailure: true }
Counterexample: ["00000000-0000-1000-8000-000000000000","00000000-0000-1000-8000-000000000001"]
Shrunk 39 time(s)

Hint: Enable verbose mode in order to have the list of all failing values encountered during the run
 ÔØ» buildError node_modules/fast-check/lib/check/runner/utils/RunDetailsFormatter.js:156:19
 ÔØ» throwIfFailed node_modules/fast-check/lib/check/runner/utils/RunDetailsFormatter.js:165:11
 ÔØ» reportRunDetails node_modules/fast-check/lib/check/runner/utils/RunDetailsFormatter.js:178:16
 ÔØ» Module.assert node_modules/fast-check/lib/check/runner/Runner.js:61:9
 ÔØ» src/core/indexeddb/__tests__/tenant-validation.property.test.ts:205:23
    203| 
    204|         it('should prevent write operations on cross-tenant data', () ÔÇª
    205|             return fc.assert(
       |                       ^
    206|                 fc.property(
    207|                     validUuidArbitrary(),

Caused by: Error: Property failed by returning false
 ÔØ» Property.run node_modules/fast-check/lib/check/property/Property.generic.js:46:28
 ÔØ» runIt node_modules/fast-check/lib/check/runner/Runner.js:14:30
 ÔØ» check node_modules/fast-check/lib/check/runner/Runner.js:54:11
 ÔØ» Module.assert node_modules/fast-check/lib/check/runner/Runner.js:57:17
 ÔØ» src/core/indexeddb/__tests__/tenant-validation.property.test.ts:205:23

ÔÄ»ÔÄ»ÔÄ»ÔÄ»ÔÄ»ÔÄ»ÔÄ»ÔÄ»ÔÄ»ÔÄ»ÔÄ»ÔÄ»ÔÄ»ÔÄ»ÔÄ»ÔÄ»ÔÄ»ÔÄ»ÔÄ»ÔÄ»ÔÄ»ÔÄ»ÔÄ»ÔÄ»[2/4]ÔÄ»

 FAIL  src/core/indexeddb/__tests__/tenant-validation.property.test.ts > Tenant Validation Middleware - Properties > Cross-Tenant Access Prevention > should never allow reading cross-tenant entities
Error: Property failed after 1 tests
{ seed: -685850059, path: "0:0:0:0:0:0:0:0:1:0:0:0:0:0:0:0:0:0:0:0:0:0:0:0:0:0:0:0:0:0:0:0:0:0:0:0:0:0:0:1", endOnFailure: true }
Counterexample: ["00000000-0000-1000-8000-000000000000","00000000-0000-1000-8000-000000000001",[{"tenant_id":"00000000-0000-1000-8000-000000000001"}]]
Shrunk 39 time(s)

Hint: Enable verbose mode in order to have the list of all failing values encountered during the run
 ÔØ» buildError node_modules/fast-check/lib/check/runner/utils/RunDetailsFormatter.js:156:19
 ÔØ» throwIfFailed node_modules/fast-check/lib/check/runner/utils/RunDetailsFormatter.js:165:11
 ÔØ» reportRunDetails node_modules/fast-check/lib/check/runner/utils/RunDetailsFormatter.js:178:16
 ÔØ» Module.assert node_modules/fast-check/lib/check/runner/Runner.js:61:9
 ÔØ» src/core/indexeddb/__tests__/tenant-validation.property.test.ts:380:23
    378|     describe('Cross-Tenant Access Prevention', () => {
    379|         it('should never allow reading cross-tenant entities', () => {
    380|             return fc.assert(
       |                       ^
    381|                 fc.property(
    382|                     validUuidArbitrary(),

Caused by: Error: Property failed by returning false
 ÔØ» Property.run node_modules/fast-check/lib/check/property/Property.generic.js:46:28
 ÔØ» runIt node_modules/fast-check/lib/check/runner/Runner.js:14:30
 ÔØ» check node_modules/fast-check/lib/check/runner/Runner.js:54:11
 ÔØ» Module.assert node_modules/fast-check/lib/check/runner/Runner.js:57:17
 ÔØ» src/core/indexeddb/__tests__/tenant-validation.property.test.ts:380:23

ÔÄ»ÔÄ»ÔÄ»ÔÄ»ÔÄ»ÔÄ»ÔÄ»ÔÄ»ÔÄ»ÔÄ»ÔÄ»ÔÄ»ÔÄ»ÔÄ»ÔÄ»ÔÄ»ÔÄ»ÔÄ»ÔÄ»ÔÄ»ÔÄ»ÔÄ»ÔÄ»ÔÄ»[3/4]ÔÄ»

 FAIL  src/core/indexeddb/__tests__/tenant-validation.property.test.ts > Tenant Validation Middleware - Properties > Cross-Tenant Access Prevention > should never allow writing cross-tenant entities
Error: Property failed after 1 tests
{ seed: 1274304294, path: "0:0:0:0:0:0:0:0:1:0:0:0:0:0:0:0:0:0:0:0:0:0:0:0:0:0:0:0:0:0:0:0:0:0:0:0:0:0:0:0:1", endOnFailure: true }
Counterexample: ["00000000-0000-1000-8000-000000000000","00000000-0000-1000-8000-000000000001",{"tenant_id":"00000000-0000-1000-8000-000000000001"}]
Shrunk 40 time(s)

Hint: Enable verbose mode in order to have the list of all failing values encountered during the run
 ÔØ» buildError node_modules/fast-check/lib/check/runner/utils/RunDetailsFormatter.js:156:19
 ÔØ» throwIfFailed node_modules/fast-check/lib/check/runner/utils/RunDetailsFormatter.js:165:11
 ÔØ» reportRunDetails node_modules/fast-check/lib/check/runner/utils/RunDetailsFormatter.js:178:16
 ÔØ» Module.assert node_modules/fast-check/lib/check/runner/Runner.js:61:9
 ÔØ» src/core/indexeddb/__tests__/tenant-validation.property.test.ts:415:23
    413| 
    414|         it('should never allow writing cross-tenant entities', () => {
    415|             return fc.assert(
       |                       ^
    416|                 fc.property(
    417|                     validUuidArbitrary(),

Caused by: Error: Property failed by returning false
 ÔØ» Property.run node_modules/fast-check/lib/check/property/Property.generic.js:46:28
 ÔØ» runIt node_modules/fast-check/lib/check/runner/Runner.js:14:30
 ÔØ» check node_modules/fast-check/lib/check/runner/Runner.js:54:11
 ÔØ» Module.assert node_modules/fast-check/lib/check/runner/Runner.js:57:17
 ÔØ» src/core/indexeddb/__tests__/tenant-validation.property.test.ts:415:23

ÔÄ»ÔÄ»ÔÄ»ÔÄ»ÔÄ»ÔÄ»ÔÄ»ÔÄ»ÔÄ»ÔÄ»ÔÄ»ÔÄ»ÔÄ»ÔÄ»ÔÄ»ÔÄ»ÔÄ»ÔÄ»ÔÄ»ÔÄ»ÔÄ»ÔÄ»ÔÄ»ÔÄ»[4/4]ÔÄ»


[2m Test Files [22m [1m[31m1 failed[39m[22m[90m (1)[39m
[2m      Tests [22m [1m[31m4 failed[39m[22m[2m | [22m[1m[32m13 passed[39m[22m[90m (17)[39m
[2m   Start at [22m 21:52:42
[2m   Duration [22m 1.29s[2m (transform 117ms, setup 0ms, import 407ms, tests 598ms, environment 0ms)[22m

